main.c:88:6:MPU6050_Write	32	static
main.c:92:6:MPU6050_Write_bits	48	static
main.c:111:9:MPU6050_Read	40	static
main.c:117:6:init_MPU6050	8	static
main.c:141:6:read_MPU6050_data	16	static
main.c:150:5:_write	24	static
main.c:155:6:mpu6050_update	16	static
main.c:165:6:mpu6050_getRollPitchYaw	24	static
main.c:176:5:main	40	static
main.c:238:6:SystemClock_Config	88	static
main.c:282:13:MX_I2C1_Init	8	static
main.c:316:13:MX_USART1_UART_Init	8	static
main.c:349:13:MX_GPIO_Init	24	static
main.c:367:6:Error_Handler	4	static
