Archive member included to satisfy reference by file (symbol)

c:/st/stm32cubeide_1.3.0/stm32cubeide/plugins/com.st.stm32cube.ide.mcu.externaltools.gnu-tools-for-stm32.7-2018-q2-update.win32_1.0.0.201904181610/tools/bin/../lib/gcc/arm-none-eabi/7.3.1/../../../../arm-none-eabi/lib/thumb/v7e-m/fpv4-sp/hard\libstdc++_nano.a(pure.o)
                              Core/Src/mainapp.o (__cxa_pure_virtual)
c:/st/stm32cubeide_1.3.0/stm32cubeide/plugins/com.st.stm32cube.ide.mcu.externaltools.gnu-tools-for-stm32.7-2018-q2-update.win32_1.0.0.201904181610/tools/bin/../lib/gcc/arm-none-eabi/7.3.1/../../../../arm-none-eabi/lib/thumb/v7e-m/fpv4-sp/hard\libstdc++_nano.a(eh_terminate.o)
                              c:/st/stm32cubeide_1.3.0/stm32cubeide/plugins/com.st.stm32cube.ide.mcu.externaltools.gnu-tools-for-stm32.7-2018-q2-update.win32_1.0.0.201904181610/tools/bin/../lib/gcc/arm-none-eabi/7.3.1/../../../../arm-none-eabi/lib/thumb/v7e-m/fpv4-sp/hard\libstdc++_nano.a(pure.o) (std::terminate())
c:/st/stm32cubeide_1.3.0/stm32cubeide/plugins/com.st.stm32cube.ide.mcu.externaltools.gnu-tools-for-stm32.7-2018-q2-update.win32_1.0.0.201904181610/tools/bin/../lib/gcc/arm-none-eabi/7.3.1/../../../../arm-none-eabi/lib/thumb/v7e-m/fpv4-sp/hard\libstdc++_nano.a(eh_unex_handler.o)
                              c:/st/stm32cubeide_1.3.0/stm32cubeide/plugins/com.st.stm32cube.ide.mcu.externaltools.gnu-tools-for-stm32.7-2018-q2-update.win32_1.0.0.201904181610/tools/bin/../lib/gcc/arm-none-eabi/7.3.1/../../../../arm-none-eabi/lib/thumb/v7e-m/fpv4-sp/hard\libstdc++_nano.a(eh_terminate.o) (__cxxabiv1::__unexpected_handler)
c:/st/stm32cubeide_1.3.0/stm32cubeide/plugins/com.st.stm32cube.ide.mcu.externaltools.gnu-tools-for-stm32.7-2018-q2-update.win32_1.0.0.201904181610/tools/bin/../lib/gcc/arm-none-eabi/7.3.1/../../../../arm-none-eabi/lib/thumb/v7e-m/fpv4-sp/hard\libstdc++_nano.a(eh_term_handler.o)
                              c:/st/stm32cubeide_1.3.0/stm32cubeide/plugins/com.st.stm32cube.ide.mcu.externaltools.gnu-tools-for-stm32.7-2018-q2-update.win32_1.0.0.201904181610/tools/bin/../lib/gcc/arm-none-eabi/7.3.1/../../../../arm-none-eabi/lib/thumb/v7e-m/fpv4-sp/hard\libstdc++_nano.a(eh_terminate.o) (__cxxabiv1::__terminate_handler)
c:/st/stm32cubeide_1.3.0/stm32cubeide/plugins/com.st.stm32cube.ide.mcu.externaltools.gnu-tools-for-stm32.7-2018-q2-update.win32_1.0.0.201904181610/tools/bin/../lib/gcc/arm-none-eabi/7.3.1/../../../../arm-none-eabi/lib/thumb/v7e-m/fpv4-sp/hard\libc_nano.a(lib_a-abort.o)
                              c:/st/stm32cubeide_1.3.0/stm32cubeide/plugins/com.st.stm32cube.ide.mcu.externaltools.gnu-tools-for-stm32.7-2018-q2-update.win32_1.0.0.201904181610/tools/bin/../lib/gcc/arm-none-eabi/7.3.1/../../../../arm-none-eabi/lib/thumb/v7e-m/fpv4-sp/hard\libstdc++_nano.a(eh_terminate.o) (abort)
c:/st/stm32cubeide_1.3.0/stm32cubeide/plugins/com.st.stm32cube.ide.mcu.externaltools.gnu-tools-for-stm32.7-2018-q2-update.win32_1.0.0.201904181610/tools/bin/../lib/gcc/arm-none-eabi/7.3.1/../../../../arm-none-eabi/lib/thumb/v7e-m/fpv4-sp/hard\libc_nano.a(lib_a-errno.o)
                              Core/Src/syscalls.o (__errno)
c:/st/stm32cubeide_1.3.0/stm32cubeide/plugins/com.st.stm32cube.ide.mcu.externaltools.gnu-tools-for-stm32.7-2018-q2-update.win32_1.0.0.201904181610/tools/bin/../lib/gcc/arm-none-eabi/7.3.1/../../../../arm-none-eabi/lib/thumb/v7e-m/fpv4-sp/hard\libc_nano.a(lib_a-exit.o)
                              c:/st/stm32cubeide_1.3.0/stm32cubeide/plugins/com.st.stm32cube.ide.mcu.externaltools.gnu-tools-for-stm32.7-2018-q2-update.win32_1.0.0.201904181610/tools/bin/../lib/gcc/arm-none-eabi/7.3.1/../../../../arm-none-eabi/lib/thumb/v7e-m/fpv4-sp/hard/crt0.o (exit)
c:/st/stm32cubeide_1.3.0/stm32cubeide/plugins/com.st.stm32cube.ide.mcu.externaltools.gnu-tools-for-stm32.7-2018-q2-update.win32_1.0.0.201904181610/tools/bin/../lib/gcc/arm-none-eabi/7.3.1/../../../../arm-none-eabi/lib/thumb/v7e-m/fpv4-sp/hard\libc_nano.a(lib_a-impure.o)
                              c:/st/stm32cubeide_1.3.0/stm32cubeide/plugins/com.st.stm32cube.ide.mcu.externaltools.gnu-tools-for-stm32.7-2018-q2-update.win32_1.0.0.201904181610/tools/bin/../lib/gcc/arm-none-eabi/7.3.1/../../../../arm-none-eabi/lib/thumb/v7e-m/fpv4-sp/hard\libc_nano.a(lib_a-exit.o) (_global_impure_ptr)
c:/st/stm32cubeide_1.3.0/stm32cubeide/plugins/com.st.stm32cube.ide.mcu.externaltools.gnu-tools-for-stm32.7-2018-q2-update.win32_1.0.0.201904181610/tools/bin/../lib/gcc/arm-none-eabi/7.3.1/../../../../arm-none-eabi/lib/thumb/v7e-m/fpv4-sp/hard\libc_nano.a(lib_a-init.o)
                              c:/st/stm32cubeide_1.3.0/stm32cubeide/plugins/com.st.stm32cube.ide.mcu.externaltools.gnu-tools-for-stm32.7-2018-q2-update.win32_1.0.0.201904181610/tools/bin/../lib/gcc/arm-none-eabi/7.3.1/../../../../arm-none-eabi/lib/thumb/v7e-m/fpv4-sp/hard/crt0.o (__libc_init_array)
[...]
Memory Configuration

Name             Origin             Length             Attributes
CCMRAM           0x0000000010000000 0x0000000000010000 xrw
RAM              0x0000000020000000 0x0000000000020000 xrw
FLASH            0x0000000008000000 0x0000000000080000 xr
*default*        0x0000000000000000 0xffffffffffffffff

Linker script and memory map

LOAD c:/st/stm32cubeide_1.3.0/stm32cubeide/plugins/com.st.stm32cube.ide.mcu.externaltools.gnu-tools-for-stm32.7-2018-q2-update.win32_1.0.0.201904181610/tools/bin/../lib/gcc/arm-none-eabi/7.3.1/thumb/v7e-m/fpv4-sp/hard/crti.o
LOAD c:/st/stm32cubeide_1.3.0/stm32cubeide/plugins/com.st.stm32cube.ide.mcu.externaltools.gnu-tools-for-stm32.7-2018-q2-update.win32_1.0.0.201904181610/tools/bin/../lib/gcc/arm-none-eabi/7.3.1/thumb/v7e-m/fpv4-sp/hard/crtbegin.o
LOAD c:/st/stm32cubeide_1.3.0/stm32cubeide/plugins/com.st.stm32cube.ide.mcu.externaltools.gnu-tools-for-stm32.7-2018-q2-update.win32_1.0.0.201904181610/tools/bin/../lib/gcc/arm-none-eabi/7.3.1/../../../../arm-none-eabi/lib/thumb/v7e-m/fpv4-sp/hard/crt0.o
LOAD Core/Src/main.o
LOAD Core/Src/mainapp.o
LOAD Core/Src/stm32f4xx_hal_msp.o
LOAD Core/Src/stm32f4xx_it.o
LOAD Core/Src/syscalls.o
LOAD Core/Src/sysmem.o
LOAD Core/Src/system_stm32f4xx.o
LOAD Core/Src/wheel_encoder.o
LOAD Core/Src/wheel_motor.o
LOAD Core/Startup/startup_stm32f407vetx.o
LOAD Drivers/STM32F4xx_HAL_Driver/Src/stm32f4xx_hal.o
LOAD Drivers/STM32F4xx_HAL_Driver/Src/stm32f4xx_hal_cortex.o
LOAD Drivers/STM32F4xx_HAL_Driver/Src/stm32f4xx_hal_dma.o
LOAD Drivers/STM32F4xx_HAL_Driver/Src/stm32f4xx_hal_dma_ex.o
LOAD Drivers/STM32F4xx_HAL_Driver/Src/stm32f4xx_hal_exti.o
LOAD Drivers/STM32F4xx_HAL_Driver/Src/stm32f4xx_hal_flash.o
LOAD Drivers/STM32F4xx_HAL_Driver/Src/stm32f4xx_hal_flash_ex.o
LOAD Drivers/STM32F4xx_HAL_Driver/Src/stm32f4xx_hal_flash_ramfunc.o
LOAD Drivers/STM32F4xx_HAL_Driver/Src/stm32f4xx_hal_gpio.o
LOAD Drivers/STM32F4xx_HAL_Driver/Src/stm32f4xx_hal_i2c.o
LOAD Drivers/STM32F4xx_HAL_Driver/Src/stm32f4xx_hal_i2c_ex.o
LOAD Drivers/STM32F4xx_HAL_Driver/Src/stm32f4xx_hal_pwr.o
LOAD Drivers/STM32F4xx_HAL_Driver/Src/stm32f4xx_hal_pwr_ex.o
LOAD Drivers/STM32F4xx_HAL_Driver/Src/stm32f4xx_hal_rcc.o
LOAD Drivers/STM32F4xx_HAL_Driver/Src/stm32f4xx_hal_rcc_ex.o
LOAD Drivers/STM32F4xx_HAL_Driver/Src/stm32f4xx_hal_tim.o
LOAD Drivers/STM32F4xx_HAL_Driver/Src/stm32f4xx_hal_tim_ex.o
LOAD Drivers/STM32F4xx_HAL_Driver/Src/stm32f4xx_hal_uart.o
LOAD rosserial/duration.o
LOAD rosserial/time.o
START GROUP
LOAD c:/st/stm32cubeide_1.3.0/stm32cubeide/plugins/com.st.stm32cube.ide.mcu.externaltools.gnu-tools-for-stm32.7-2018-q2-update.win32_1.0.0.201904181610/tools/bin/../lib/gcc/arm-none-eabi/7.3.1/../../../../arm-none-eabi/lib/thumb/v7e-m/fpv4-sp/hard\libstdc++_nano.a
LOAD c:/st/stm32cubeide_1.3.0/stm32cubeide/plugins/com.st.stm32cube.ide.mcu.externaltools.gnu-tools-for-stm32.7-2018-q2-update.win32_1.0.0.201904181610/tools/bin/../lib/gcc/arm-none-eabi/7.3.1/../../../../arm-none-eabi/lib/thumb/v7e-m/fpv4-sp/hard\libsupc++_nano.a
END GROUP
LOAD c:/st/stm32cubeide_1.3.0/stm32cubeide/plugins/com.st.stm32cube.ide.mcu.externaltools.gnu-tools-for-stm32.7-2018-q2-update.win32_1.0.0.201904181610/tools/bin/../lib/gcc/arm-none-eabi/7.3.1/../../../../arm-none-eabi/lib/thumb/v7e-m/fpv4-sp/hard\libstdc++_nano.a
LOAD c:/st/stm32cubeide_1.3.0/stm32cubeide/plugins/com.st.stm32cube.ide.mcu.externaltools.gnu-tools-for-stm32.7-2018-q2-update.win32_1.0.0.201904181610/tools/bin/../lib/gcc/arm-none-eabi/7.3.1/../../../../arm-none-eabi/lib/thumb/v7e-m/fpv4-sp/hard\libm.a
LOAD c:/st/stm32cubeide_1.3.0/stm32cubeide/plugins/com.st.stm32cube.ide.mcu.externaltools.gnu-tools-for-stm32.7-2018-q2-update.win32_1.0.0.201904181610/tools/bin/../lib/gcc/arm-none-eabi/7.3.1/../../../../arm-none-eabi/lib/thumb/v7e-m/fpv4-sp/hard\libc_nano.a
START GROUP
LOAD c:/st/stm32cubeide_1.3.0/stm32cubeide/plugins/com.st.stm32cube.ide.mcu.externaltools.gnu-tools-for-stm32.7-2018-q2-update.win32_1.0.0.201904181610/tools/bin/../lib/gcc/arm-none-eabi/7.3.1/thumb/v7e-m/fpv4-sp/hard\libgcc.a
LOAD c:/st/stm32cubeide_1.3.0/stm32cubeide/plugins/com.st.stm32cube.ide.mcu.externaltools.gnu-tools-for-stm32.7-2018-q2-update.win32_1.0.0.201904181610/tools/bin/../lib/gcc/arm-none-eabi/7.3.1/../../../../arm-none-eabi/lib/thumb/v7e-m/fpv4-sp/hard\libc_nano.a
END GROUP
START GROUP
LOAD c:/st/stm32cubeide_1.3.0/stm32cubeide/plugins/com.st.stm32cube.ide.mcu.externaltools.gnu-tools-for-stm32.7-2018-q2-update.win32_1.0.0.201904181610/tools/bin/../lib/gcc/arm-none-eabi/7.3.1/thumb/v7e-m/fpv4-sp/hard\libgcc.a
LOAD c:/st/stm32cubeide_1.3.0/stm32cubeide/plugins/com.st.stm32cube.ide.mcu.externaltools.gnu-tools-for-stm32.7-2018-q2-update.win32_1.0.0.201904181610/tools/bin/../lib/gcc/arm-none-eabi/7.3.1/../../../../arm-none-eabi/lib/thumb/v7e-m/fpv4-sp/hard\libc_nano.a
LOAD c:/st/stm32cubeide_1.3.0/stm32cubeide/plugins/com.st.stm32cube.ide.mcu.externaltools.gnu-tools-for-stm32.7-2018-q2-update.win32_1.0.0.201904181610/tools/bin/../lib/gcc/arm-none-eabi/7.3.1/../../../../arm-none-eabi/lib/thumb/v7e-m/fpv4-sp/hard\libnosys.a
END GROUP
START GROUP
LOAD c:/st/stm32cubeide_1.3.0/stm32cubeide/plugins/com.st.stm32cube.ide.mcu.externaltools.gnu-tools-for-stm32.7-2018-q2-update.win32_1.0.0.201904181610/tools/bin/../lib/gcc/arm-none-eabi/7.3.1/thumb/v7e-m/fpv4-sp/hard\libgcc.a
LOAD c:/st/stm32cubeide_1.3.0/stm32cubeide/plugins/com.st.stm32cube.ide.mcu.externaltools.gnu-tools-for-stm32.7-2018-q2-update.win32_1.0.0.201904181610/tools/bin/../lib/gcc/arm-none-eabi/7.3.1/../../../../arm-none-eabi/lib/thumb/v7e-m/fpv4-sp/hard\libc_nano.a
LOAD c:/st/stm32cubeide_1.3.0/stm32cubeide/plugins/com.st.stm32cube.ide.mcu.externaltools.gnu-tools-for-stm32.7-2018-q2-update.win32_1.0.0.201904181610/tools/bin/../lib/gcc/arm-none-eabi/7.3.1/../../../../arm-none-eabi/lib/thumb/v7e-m/fpv4-sp/hard\libnosys.a
END GROUP
LOAD c:/st/stm32cubeide_1.3.0/stm32cubeide/plugins/com.st.stm32cube.ide.mcu.externaltools.gnu-tools-for-stm32.7-2018-q2-update.win32_1.0.0.201904181610/tools/bin/../lib/gcc/arm-none-eabi/7.3.1/thumb/v7e-m/fpv4-sp/hard/crtend.o
LOAD c:/st/stm32cubeide_1.3.0/stm32cubeide/plugins/com.st.stm32cube.ide.mcu.externaltools.gnu-tools-for-stm32.7-2018-q2-update.win32_1.0.0.201904181610/tools/bin/../lib/gcc/arm-none-eabi/7.3.1/thumb/v7e-m/fpv4-sp/hard/crtn.o
                0x0000000020020000                _estack = (ORIGIN (RAM) + LENGTH (RAM))
                0x0000000000000200                _Min_Heap_Size = 0x200
                0x0000000000000400                _Min_Stack_Size = 0x400

.isr_vector     0x0000000008000000      0x188
                0x0000000008000000                . = ALIGN (0x4)
 *(.isr_vector)
 .isr_vector    0x0000000008000000      0x188 Core/Startup/startup_stm32f407vetx.o
                0x0000000008000000                g_pfnVectors
                0x0000000008000188                . = ALIGN (0x4)

.text           0x0000000008000188     0x4f9c
                0x0000000008000188                . = ALIGN (0x4)
 *(.text)
 .text          0x0000000008000188       0x40 c:/st/stm32cubeide_1.3.0/stm32cubeide/plugins/com.st.stm32cube.ide.mcu.externaltools.gnu-tools-for-stm32.7-2018-q2-update.win32_1.0.0.201904181610/tools/bin/../lib/gcc/arm-none-eabi/7.3.1/thumb/v7e-m/fpv4-sp/hard/crtbegin.o
 .text          0x00000000080001c8       0x10 c:/st/stm32cubeide_1.3.0/stm32cubeide/plugins/com.st.stm32cube.ide.mcu.externaltools.gnu-tools-for-stm32.7-2018-q2-update.win32_1.0.0.201904181610/tools/bin/../lib/gcc/arm-none-eabi/7.3.1/../../../../arm-none-eabi/lib/thumb/v7e-m/fpv4-sp/hard\libc_nano.a(lib_a-strlen.o)
                0x00000000080001c8                strlen
 .text          0x00000000080001d8       0x30 c:/st/stm32cubeide_1.3.0/stm32cubeide/plugins/com.st.stm32cube.ide.mcu.externaltools.gnu-tools-for-stm32.7-2018-q2-update.win32_1.0.0.201904181610/tools/bin/../lib/gcc/arm-none-eabi/7.3.1/thumb/v7e-m/fpv4-sp/hard\libgcc.a(_aeabi_uldivmod.o)
                0x00000000080001d8                __aeabi_uldivmod
 .text          0x0000000008000208      0x2cc c:/st/stm32cubeide_1.3.0/stm32cubeide/plugins/com.st.stm32cube.ide.mcu.externaltools.gnu-tools-for-stm32.7-2018-q2-update.win32_1.0.0.201904181610/tools/bin/../lib/gcc/arm-none-eabi/7.3.1/thumb/v7e-m/fpv4-sp/hard\libgcc.a(_udivmoddi4.o)
                0x0000000008000208                __udivmoddi4
 .text          0x00000000080004d4        0x4 c:/st/stm32cubeide_1.3.0/stm32cubeide/plugins/com.st.stm32cube.ide.mcu.externaltools.gnu-tools-for-stm32.7-2018-q2-update.win32_1.0.0.201904181610/tools/bin/../lib/gcc/arm-none-eabi/7.3.1/thumb/v7e-m/fpv4-sp/hard\libgcc.a(_dvmd_tls.o)
                0x00000000080004d4                __aeabi_idiv0
                0x00000000080004d4                __aeabi_ldiv0
 *(.text*)
 .text.main     0x00000000080004d8       0x1e Core/Src/main.o
                0x00000000080004d8                main
 *fill*         0x00000000080004f6        0x2 
 .text._Z18SystemClock_Configv
                0x00000000080004f8       0xe8 Core/Src/main.o
                0x00000000080004f8                SystemClock_Config()
 .text._ZL12MX_I2C1_Initv
                0x00000000080005e0       0x68 Core/Src/main.o
 .text._ZL19MX_USART1_UART_Initv
                0x0000000008000648       0x5c Core/Src/main.o
 .text._ZL11MX_DMA_Initv
                0x00000000080006a4       0x50 Core/Src/main.o
 .text._ZL12MX_GPIO_Initv
                0x00000000080006f4       0xbc Core/Src/main.o
 .text.Error_Handler
                0x00000000080007b0        0xe Core/Src/main.o
                0x00000000080007b0                Error_Handler
 .text._ZN3ros4TimeC2Ev
                0x00000000080007be       0x22 Core/Src/mainapp.o
                0x00000000080007be                ros::Time::Time()
                0x00000000080007be                ros::Time::Time()
 .text._ZN3ros3MsgC2Ev
                0x00000000080007e0       0x20 Core/Src/mainapp.o
                0x00000000080007e0                ros::Msg::Msg()
                0x00000000080007e0                ros::Msg::Msg()
 .text._ZN8std_msgs4TimeC2Ev
                0x0000000008000800       0x30 Core/Src/mainapp.o
                0x0000000008000800                std_msgs::Time::Time()
                0x0000000008000800                std_msgs::Time::Time()
 .text._ZNK8std_msgs4Time9serializeEPh
                0x0000000008000830       0xb0 Core/Src/mainapp.o
                0x0000000008000830                std_msgs::Time::serialize(unsigned char*) const
 .text._ZN8std_msgs4Time11deserializeEPh
                0x00000000080008e0       0xc8 Core/Src/mainapp.o
                0x00000000080008e0                std_msgs::Time::deserialize(unsigned char*)
 .text._ZN8std_msgs4Time7getTypeEv
                0x00000000080009a8       0x1c Core/Src/mainapp.o
                0x00000000080009a8                std_msgs::Time::getType()
 .text._ZN8std_msgs4Time6getMD5Ev
                0x00000000080009c4       0x1c Core/Src/mainapp.o
                0x00000000080009c4                std_msgs::Time::getMD5()
 .text._ZN14rosserial_msgs9TopicInfoC2Ev
                0x00000000080009e0       0x48 Core/Src/mainapp.o
                0x00000000080009e0                rosserial_msgs::TopicInfo::TopicInfo()
                0x00000000080009e0                rosserial_msgs::TopicInfo::TopicInfo()
 .text._ZNK14rosserial_msgs9TopicInfo9serializeEPh
                0x0000000008000a28      0x136 Core/Src/mainapp.o
                0x0000000008000a28                rosserial_msgs::TopicInfo::serialize(unsigned char*) const
 .text._ZN14rosserial_msgs9TopicInfo11deserializeEPh
                0x0000000008000b5e      0x1d0 Core/Src/mainapp.o
                0x0000000008000b5e                rosserial_msgs::TopicInfo::deserialize(unsigned char*)
 *fill*         0x0000000008000d2e        0x2 
 .text._ZN14rosserial_msgs9TopicInfo7getTypeEv
                0x0000000008000d30       0x1c Core/Src/mainapp.o
                0x0000000008000d30                rosserial_msgs::TopicInfo::getType()
 .text._ZN14rosserial_msgs9TopicInfo6getMD5Ev
                0x0000000008000d4c       0x1c Core/Src/mainapp.o
                0x0000000008000d4c                rosserial_msgs::TopicInfo::getMD5()
 .text._ZN14rosserial_msgs3LogC2Ev
                0x0000000008000d68       0x34 Core/Src/mainapp.o
                0x0000000008000d68                rosserial_msgs::Log::Log()
                0x0000000008000d68                rosserial_msgs::Log::Log()
 .text._ZNK14rosserial_msgs3Log9serializeEPh
                0x0000000008000d9c       0x64 Core/Src/mainapp.o
                0x0000000008000d9c                rosserial_msgs::Log::serialize(unsigned char*) const
 .text._ZN14rosserial_msgs3Log11deserializeEPh
                0x0000000008000e00       0x90 Core/Src/mainapp.o
                0x0000000008000e00                rosserial_msgs::Log::deserialize(unsigned char*)
 .text._ZN14rosserial_msgs3Log7getTypeEv
                0x0000000008000e90       0x1c Core/Src/mainapp.o
                0x0000000008000e90                rosserial_msgs::Log::getType()
 .text._ZN14rosserial_msgs3Log6getMD5Ev
                0x0000000008000eac       0x1c Core/Src/mainapp.o
                0x0000000008000eac                rosserial_msgs::Log::getMD5()
 .text._ZN14rosserial_msgs20RequestParamResponseC2Ev
                0x0000000008000ec8       0x48 Core/Src/mainapp.o
                0x0000000008000ec8                rosserial_msgs::RequestParamResponse::RequestParamResponse()
                0x0000000008000ec8                rosserial_msgs::RequestParamResponse::RequestParamResponse()
 .text._ZNK14rosserial_msgs20RequestParamResponse9serializeEPh
                0x0000000008000f10      0x222 Core/Src/mainapp.o
                0x0000000008000f10                rosserial_msgs::RequestParamResponse::serialize(unsigned char*) const
 .text._ZN14rosserial_msgs20RequestParamResponse11deserializeEPh
                0x0000000008001132      0x2e2 Core/Src/mainapp.o
                0x0000000008001132                rosserial_msgs::RequestParamResponse::deserialize(unsigned char*)
 .text._ZN14rosserial_msgs20RequestParamResponse7getTypeEv
                0x0000000008001414       0x1c Core/Src/mainapp.o
                0x0000000008001414                rosserial_msgs::RequestParamResponse::getType()
 .text._ZN14rosserial_msgs20RequestParamResponse6getMD5Ev
                0x0000000008001430       0x1c Core/Src/mainapp.o
                0x0000000008001430                rosserial_msgs::RequestParamResponse::getMD5()
 .text._ZN3ros9PublisherC2EPKcPNS_3MsgEi
                0x000000000800144c       0x2e Core/Src/mainapp.o
                0x000000000800144c                ros::Publisher::Publisher(char const*, ros::Msg*, int)
                0x000000000800144c                ros::Publisher::Publisher(char const*, ros::Msg*, int)
 .text._ZN3ros9Publisher15getEndpointTypeEv
                0x000000000800147a       0x18 Core/Src/mainapp.o
                0x000000000800147a                ros::Publisher::getEndpointType()
 .text._ZN13STM32Hardware10getRdmaIndEv
                0x0000000008001492       0x24 Core/Src/mainapp.o
                0x0000000008001492                STM32Hardware::getRdmaInd()
 *fill*         0x00000000080014b6        0x2 
 .text._ZN13STM32HardwareC2Ev
                0x00000000080014b8       0x38 Core/Src/mainapp.o
                0x00000000080014b8                STM32Hardware::STM32Hardware()
                0x00000000080014b8                STM32Hardware::STM32Hardware()
 .text._ZN13STM32Hardware4readEv
                0x00000000080014f0       0x5a Core/Src/mainapp.o
                0x00000000080014f0                STM32Hardware::read()
 *fill*         0x000000000800154a        0x2 
 .text._ZN13STM32Hardware5flushEv
                0x000000000800154c       0xbc Core/Src/mainapp.o
                0x000000000800154c                STM32Hardware::flush()
 .text._ZN13STM32Hardware5writeEPhi
                0x0000000008001608       0x8c Core/Src/mainapp.o
                0x0000000008001608                STM32Hardware::write(unsigned char*, int)
 .text._ZN13STM32Hardware4timeEv
                0x0000000008001694       0x16 Core/Src/mainapp.o
                0x0000000008001694                STM32Hardware::time()
 *fill*         0x00000000080016aa        0x2 
 .text._ZN8std_msgs6StringC2Ev
                0x00000000080016ac       0x30 Core/Src/mainapp.o
                0x00000000080016ac                std_msgs::String::String()
                0x00000000080016ac                std_msgs::String::String()
 .text._ZNK8std_msgs6String9serializeEPh
                0x00000000080016dc       0x52 Core/Src/mainapp.o
                0x00000000080016dc                std_msgs::String::serialize(unsigned char*) const
 .text._ZN8std_msgs6String11deserializeEPh
                0x000000000800172e       0x7e Core/Src/mainapp.o
                0x000000000800172e                std_msgs::String::deserialize(unsigned char*)
 .text._ZN8std_msgs6String7getTypeEv
                0x00000000080017ac       0x1c Core/Src/mainapp.o
                0x00000000080017ac                std_msgs::String::getType()
 .text._ZN8std_msgs6String6getMD5Ev
                0x00000000080017c8       0x1c Core/Src/mainapp.o
                0x00000000080017c8                std_msgs::String::getMD5()
 .text._ZN3ros3Msg8varToArrIPhmEEvT_T0_
                0x00000000080017e4       0x3c Core/Src/mainapp.o
                0x00000000080017e4                void ros::Msg::varToArr<unsigned char*, unsigned long>(unsigned char*, unsigned long)
 .text._ZN3ros3Msg8arrToVarImPhEEvRT_T0_
                0x0000000008001820       0x4a Core/Src/mainapp.o
                0x0000000008001820                void ros::Msg::arrToVar<unsigned long, unsigned char*>(unsigned long&, unsigned char*)
 *fill*         0x000000000800186a        0x2 
 .text._ZN3ros15NodeHandleBase_C2Ev
                0x000000000800186c       0x20 Core/Src/mainapp.o
                0x000000000800186c                ros::NodeHandleBase_::NodeHandleBase_()
                0x000000000800186c                ros::NodeHandleBase_::NodeHandleBase_()
 .text._ZN3ros11NodeHandle_I13STM32HardwareLi25ELi25ELi512ELi512EEC2Ev
                0x000000000800188c      0x100 Core/Src/mainapp.o
                0x000000000800188c                ros::NodeHandle_<STM32Hardware, 25, 25, 512, 512>::NodeHandle_()
                0x000000000800188c                ros::NodeHandle_<STM32Hardware, 25, 25, 512, 512>::NodeHandle_()
 .text._Z41__static_initialization_and_destruction_0ii
                0x000000000800198c       0x4c Core/Src/mainapp.o
 .text._ZN3ros11NodeHandle_I13STM32HardwareLi25ELi25ELi512ELi512EE7publishEiPKNS_3MsgE
                0x00000000080019d8      0x124 Core/Src/mainapp.o
                0x00000000080019d8                ros::NodeHandle_<STM32Hardware, 25, 25, 512, 512>::publish(int, ros::Msg const*)
 .text._ZN3ros11NodeHandle_I13STM32HardwareLi25ELi25ELi512ELi512EE8spinOnceEv
                0x0000000008001afc      0x3b8 Core/Src/mainapp.o
                0x0000000008001afc                ros::NodeHandle_<STM32Hardware, 25, 25, 512, 512>::spinOnce()
 .text._ZN3ros11NodeHandle_I13STM32HardwareLi25ELi25ELi512ELi512EE9connectedEv
                0x0000000008001eb4       0x1a Core/Src/mainapp.o
                0x0000000008001eb4                ros::NodeHandle_<STM32Hardware, 25, 25, 512, 512>::connected()
 .text._ZN3ros11NodeHandle_I13STM32HardwareLi25ELi25ELi512ELi512EE8logerrorEPKc
                0x0000000008001ece       0x1c Core/Src/mainapp.o
                0x0000000008001ece                ros::NodeHandle_<STM32Hardware, 25, 25, 512, 512>::logerror(char const*)
 .text._ZN3ros11NodeHandle_I13STM32HardwareLi25ELi25ELi512ELi512EE15requestSyncTimeEv
                0x0000000008001eea       0x3c Core/Src/mainapp.o
                0x0000000008001eea                ros::NodeHandle_<STM32Hardware, 25, 25, 512, 512>::requestSyncTime()
 .text._ZN3ros11NodeHandle_I13STM32HardwareLi25ELi25ELi512ELi512EE15negotiateTopicsEv
                0x0000000008001f26      0x1be Core/Src/mainapp.o
                0x0000000008001f26                ros::NodeHandle_<STM32Hardware, 25, 25, 512, 512>::negotiateTopics()
 .text._ZN3ros11NodeHandle_I13STM32HardwareLi25ELi25ELi512ELi512EE8syncTimeEPh
                0x00000000080020e4       0x98 Core/Src/mainapp.o
                0x00000000080020e4                ros::NodeHandle_<STM32Hardware, 25, 25, 512, 512>::syncTime(unsigned char*)
 .text._ZN3ros11NodeHandle_I13STM32HardwareLi25ELi25ELi512ELi512EE3logEcPKc
                0x000000000800217c       0x38 Core/Src/mainapp.o
                0x000000000800217c                ros::NodeHandle_<STM32Hardware, 25, 25, 512, 512>::log(char, char const*)
 .text._ZN3ros11NodeHandle_I13STM32HardwareLi25ELi25ELi512ELi512EE6setNowERNS_4TimeE
                0x00000000080021b4       0x80 Core/Src/mainapp.o
                0x00000000080021b4                ros::NodeHandle_<STM32Hardware, 25, 25, 512, 512>::setNow(ros::Time&)
 .text._GLOBAL__sub_I__Z5setupv
                0x0000000008002234       0x10 Core/Src/mainapp.o
 .text.HAL_MspInit
                0x0000000008002244       0x50 Core/Src/stm32f4xx_hal_msp.o
                0x0000000008002244                HAL_MspInit
 .text.HAL_I2C_MspInit
                0x0000000008002294       0x90 Core/Src/stm32f4xx_hal_msp.o
                0x0000000008002294                HAL_I2C_MspInit
 .text.HAL_UART_MspInit
                0x0000000008002324      0x16c Core/Src/stm32f4xx_hal_msp.o
                0x0000000008002324                HAL_UART_MspInit
 .text.NMI_Handler
                0x0000000008002490        0xe Core/Src/stm32f4xx_it.o
                0x0000000008002490                NMI_Handler
 .text.HardFault_Handler
                0x000000000800249e        0x6 Core/Src/stm32f4xx_it.o
                0x000000000800249e                HardFault_Handler
 .text.MemManage_Handler
                0x00000000080024a4        0x6 Core/Src/stm32f4xx_it.o
                0x00000000080024a4                MemManage_Handler
 .text.BusFault_Handler
                0x00000000080024aa        0x6 Core/Src/stm32f4xx_it.o
                0x00000000080024aa                BusFault_Handler
 .text.UsageFault_Handler
                0x00000000080024b0        0x6 Core/Src/stm32f4xx_it.o
                0x00000000080024b0                UsageFault_Handler
 .text.SVC_Handler
                0x00000000080024b6        0xe Core/Src/stm32f4xx_it.o
                0x00000000080024b6                SVC_Handler
 .text.DebugMon_Handler
                0x00000000080024c4        0xe Core/Src/stm32f4xx_it.o
                0x00000000080024c4                DebugMon_Handler
 .text.PendSV_Handler
                0x00000000080024d2        0xe Core/Src/stm32f4xx_it.o
                0x00000000080024d2                PendSV_Handler
 .text.SysTick_Handler
                0x00000000080024e0        0xc Core/Src/stm32f4xx_it.o
                0x00000000080024e0                SysTick_Handler
 .text.EXTI0_IRQHandler
                0x00000000080024ec        0xe Core/Src/stm32f4xx_it.o
                0x00000000080024ec                EXTI0_IRQHandler
 .text.EXTI1_IRQHandler
                0x00000000080024fa        0xe Core/Src/stm32f4xx_it.o
                0x00000000080024fa                EXTI1_IRQHandler
 .text.USART1_IRQHandler
                0x0000000008002508       0x14 Core/Src/stm32f4xx_it.o
                0x0000000008002508                USART1_IRQHandler
 .text.DMA2_Stream2_IRQHandler
                0x000000000800251c       0x14 Core/Src/stm32f4xx_it.o
                0x000000000800251c                DMA2_Stream2_IRQHandler
 .text.DMA2_Stream7_IRQHandler
                0x0000000008002530       0x14 Core/Src/stm32f4xx_it.o
                0x0000000008002530                DMA2_Stream7_IRQHandler
 .text._getpid  0x0000000008002544       0x10 Core/Src/syscalls.o
                0x0000000008002544                _getpid
 .text._kill    0x0000000008002554       0x20 Core/Src/syscalls.o
                0x0000000008002554                _kill
 .text._exit    0x0000000008002574       0x14 Core/Src/syscalls.o
                0x0000000008002574                _exit
 .text._sbrk    0x0000000008002588       0x58 Core/Src/sysmem.o
                0x0000000008002588                _sbrk
 .text.SystemInit
                0x00000000080025e0       0x2c Core/Src/system_stm32f4xx.o
                0x00000000080025e0                SystemInit
 .text.Reset_Handler
                0x000000000800260c       0x50 Core/Startup/startup_stm32f407vetx.o
                0x000000000800260c                Reset_Handler
 .text.Default_Handler
                0x000000000800265c        0x2 Core/Startup/startup_stm32f407vetx.o
                0x000000000800265c                RTC_Alarm_IRQHandler
                0x000000000800265c                HASH_RNG_IRQHandler
                0x000000000800265c                EXTI2_IRQHandler
                0x000000000800265c                TIM8_CC_IRQHandler
                0x000000000800265c                TIM1_CC_IRQHandler
                0x000000000800265c                DMA2_Stream5_IRQHandler
                0x000000000800265c                DMA1_Stream5_IRQHandler
                0x000000000800265c                PVD_IRQHandler
                0x000000000800265c                SDIO_IRQHandler
                0x000000000800265c                TAMP_STAMP_IRQHandler
                0x000000000800265c                CAN2_RX1_IRQHandler
                0x000000000800265c                EXTI3_IRQHandler
                0x000000000800265c                TIM8_TRG_COM_TIM14_IRQHandler
                0x000000000800265c                TIM1_UP_TIM10_IRQHandler
                0x000000000800265c                TIM8_UP_TIM13_IRQHandler
                0x000000000800265c                I2C3_ER_IRQHandler
                0x000000000800265c                I2C2_EV_IRQHandler
                0x000000000800265c                DMA1_Stream2_IRQHandler
                0x000000000800265c                CAN1_RX0_IRQHandler
                0x000000000800265c                FPU_IRQHandler
                0x000000000800265c                OTG_HS_WKUP_IRQHandler
                0x000000000800265c                CAN2_SCE_IRQHandler
                0x000000000800265c                SPI1_IRQHandler
                0x000000000800265c                TIM6_DAC_IRQHandler
                0x000000000800265c                TIM1_BRK_TIM9_IRQHandler
                0x000000000800265c                DCMI_IRQHandler
                0x000000000800265c                CAN2_RX0_IRQHandler
                0x000000000800265c                DMA2_Stream3_IRQHandler
                0x000000000800265c                USART6_IRQHandler
                0x000000000800265c                USART3_IRQHandler
                0x000000000800265c                CAN1_RX1_IRQHandler
                0x000000000800265c                UART5_IRQHandler
                0x000000000800265c                DMA2_Stream0_IRQHandler
                0x000000000800265c                TIM4_IRQHandler
                0x000000000800265c                I2C1_EV_IRQHandler
                0x000000000800265c                DMA1_Stream6_IRQHandler
                0x000000000800265c                DMA1_Stream1_IRQHandler
                0x000000000800265c                UART4_IRQHandler
                0x000000000800265c                TIM3_IRQHandler
                0x000000000800265c                RCC_IRQHandler
                0x000000000800265c                TIM8_BRK_TIM12_IRQHandler
                0x000000000800265c                Default_Handler
                0x000000000800265c                EXTI15_10_IRQHandler
                0x000000000800265c                ADC_IRQHandler
                0x000000000800265c                DMA1_Stream7_IRQHandler
                0x000000000800265c                TIM7_IRQHandler
                0x000000000800265c                CAN2_TX_IRQHandler
                0x000000000800265c                TIM5_IRQHandler
                0x000000000800265c                I2C3_EV_IRQHandler
                0x000000000800265c                EXTI9_5_IRQHandler
                0x000000000800265c                RTC_WKUP_IRQHandler
                0x000000000800265c                ETH_WKUP_IRQHandler
                0x000000000800265c                SPI2_IRQHandler
                0x000000000800265c                OTG_HS_EP1_IN_IRQHandler
                0x000000000800265c                DMA1_Stream0_IRQHandler
                0x000000000800265c                CAN1_TX_IRQHandler
                0x000000000800265c                EXTI4_IRQHandler
                0x000000000800265c                FSMC_IRQHandler
                0x000000000800265c                ETH_IRQHandler
                0x000000000800265c                OTG_HS_EP1_OUT_IRQHandler
                0x000000000800265c                WWDG_IRQHandler
                0x000000000800265c                TIM2_IRQHandler
                0x000000000800265c                OTG_FS_WKUP_IRQHandler
                0x000000000800265c                TIM1_TRG_COM_TIM11_IRQHandler
                0x000000000800265c                OTG_HS_IRQHandler
                0x000000000800265c                USART2_IRQHandler
                0x000000000800265c                I2C2_ER_IRQHandler
                0x000000000800265c                DMA2_Stream1_IRQHandler
                0x000000000800265c                CAN1_SCE_IRQHandler
                0x000000000800265c                FLASH_IRQHandler
                0x000000000800265c                DMA2_Stream4_IRQHandler
                0x000000000800265c                OTG_FS_IRQHandler
                0x000000000800265c                SPI3_IRQHandler
                0x000000000800265c                DMA1_Stream4_IRQHandler
                0x000000000800265c                I2C1_ER_IRQHandler
                0x000000000800265c                DMA2_Stream6_IRQHandler
                0x000000000800265c                DMA1_Stream3_IRQHandler
 *fill*         0x000000000800265e        0x2 
 .text.HAL_Init
                0x0000000008002660       0x44 Drivers/STM32F4xx_HAL_Driver/Src/stm32f4xx_hal.o
                0x0000000008002660                HAL_Init
 .text.HAL_InitTick
                0x00000000080026a4       0x60 Drivers/STM32F4xx_HAL_Driver/Src/stm32f4xx_hal.o
                0x00000000080026a4                HAL_InitTick
 .text.HAL_IncTick
                0x0000000008002704       0x28 Drivers/STM32F4xx_HAL_Driver/Src/stm32f4xx_hal.o
                0x0000000008002704                HAL_IncTick
 .text.HAL_GetTick
                0x000000000800272c       0x18 Drivers/STM32F4xx_HAL_Driver/Src/stm32f4xx_hal.o
                0x000000000800272c                HAL_GetTick
 .text.__NVIC_SetPriorityGrouping
                0x0000000008002744       0x48 Drivers/STM32F4xx_HAL_Driver/Src/stm32f4xx_hal_cortex.o
 .text.__NVIC_GetPriorityGrouping
                0x000000000800278c       0x1c Drivers/STM32F4xx_HAL_Driver/Src/stm32f4xx_hal_cortex.o
 .text.__NVIC_EnableIRQ
                0x00000000080027a8       0x3c Drivers/STM32F4xx_HAL_Driver/Src/stm32f4xx_hal_cortex.o
 .text.__NVIC_SetPriority
                0x00000000080027e4       0x54 Drivers/STM32F4xx_HAL_Driver/Src/stm32f4xx_hal_cortex.o
 .text.NVIC_EncodePriority
                0x0000000008002838       0x66 Drivers/STM32F4xx_HAL_Driver/Src/stm32f4xx_hal_cortex.o
 *fill*         0x000000000800289e        0x2 
 .text.SysTick_Config
                0x00000000080028a0       0x44 Drivers/STM32F4xx_HAL_Driver/Src/stm32f4xx_hal_cortex.o
 .text.HAL_NVIC_SetPriorityGrouping
                0x00000000080028e4       0x16 Drivers/STM32F4xx_HAL_Driver/Src/stm32f4xx_hal_cortex.o
                0x00000000080028e4                HAL_NVIC_SetPriorityGrouping
 .text.HAL_NVIC_SetPriority
                0x00000000080028fa       0x38 Drivers/STM32F4xx_HAL_Driver/Src/stm32f4xx_hal_cortex.o
                0x00000000080028fa                HAL_NVIC_SetPriority
 .text.HAL_NVIC_EnableIRQ
                0x0000000008002932       0x1c Drivers/STM32F4xx_HAL_Driver/Src/stm32f4xx_hal_cortex.o
                0x0000000008002932                HAL_NVIC_EnableIRQ
 .text.HAL_SYSTICK_Config
                0x000000000800294e       0x18 Drivers/STM32F4xx_HAL_Driver/Src/stm32f4xx_hal_cortex.o
                0x000000000800294e                HAL_SYSTICK_Config
 *fill*         0x0000000008002966        0x2 
 .text.HAL_DMA_Init
                0x0000000008002968      0x15c Drivers/STM32F4xx_HAL_Driver/Src/stm32f4xx_hal_dma.o
                0x0000000008002968                HAL_DMA_Init
 .text.HAL_DMA_Start_IT
                0x0000000008002ac4       0xb0 Drivers/STM32F4xx_HAL_Driver/Src/stm32f4xx_hal_dma.o
                0x0000000008002ac4                HAL_DMA_Start_IT
 .text.HAL_DMA_Abort_IT
                0x0000000008002b74       0x44 Drivers/STM32F4xx_HAL_Driver/Src/stm32f4xx_hal_dma.o
                0x0000000008002b74                HAL_DMA_Abort_IT
 .text.HAL_DMA_IRQHandler
                0x0000000008002bb8      0x314 Drivers/STM32F4xx_HAL_Driver/Src/stm32f4xx_hal_dma.o
                0x0000000008002bb8                HAL_DMA_IRQHandler
 .text.DMA_SetConfig
                0x0000000008002ecc       0x5c Drivers/STM32F4xx_HAL_Driver/Src/stm32f4xx_hal_dma.o
 .text.DMA_CalcBaseAndBitshift
                0x0000000008002f28       0x6c Drivers/STM32F4xx_HAL_Driver/Src/stm32f4xx_hal_dma.o
 .text.DMA_CheckFifoParam
                0x0000000008002f94       0xf4 Drivers/STM32F4xx_HAL_Driver/Src/stm32f4xx_hal_dma.o
 .text.HAL_GPIO_Init
                0x0000000008003088      0x334 Drivers/STM32F4xx_HAL_Driver/Src/stm32f4xx_hal_gpio.o
                0x0000000008003088                HAL_GPIO_Init
 .text.HAL_GPIO_WritePin
                0x00000000080033bc       0x32 Drivers/STM32F4xx_HAL_Driver/Src/stm32f4xx_hal_gpio.o
                0x00000000080033bc                HAL_GPIO_WritePin
 *fill*         0x00000000080033ee        0x2 
 .text.HAL_GPIO_EXTI_IRQHandler
                0x00000000080033f0       0x30 Drivers/STM32F4xx_HAL_Driver/Src/stm32f4xx_hal_gpio.o
                0x00000000080033f0                HAL_GPIO_EXTI_IRQHandler
 .text.HAL_GPIO_EXTI_Callback
                0x0000000008003420       0x16 Drivers/STM32F4xx_HAL_Driver/Src/stm32f4xx_hal_gpio.o
                0x0000000008003420                HAL_GPIO_EXTI_Callback
 *fill*         0x0000000008003436        0x2 
 .text.HAL_I2C_Init
                0x0000000008003438      0x270 Drivers/STM32F4xx_HAL_Driver/Src/stm32f4xx_hal_i2c.o
                0x0000000008003438                HAL_I2C_Init
 .text.HAL_RCC_OscConfig
                0x00000000080036a8      0x4e0 Drivers/STM32F4xx_HAL_Driver/Src/stm32f4xx_hal_rcc.o
                0x00000000080036a8                HAL_RCC_OscConfig
 .text.HAL_RCC_ClockConfig
                0x0000000008003b88      0x1cc Drivers/STM32F4xx_HAL_Driver/Src/stm32f4xx_hal_rcc.o
                0x0000000008003b88                HAL_RCC_ClockConfig
 .text.HAL_RCC_GetSysClockFreq
                0x0000000008003d54      0x1b0 Drivers/STM32F4xx_HAL_Driver/Src/stm32f4xx_hal_rcc.o
                0x0000000008003d54                HAL_RCC_GetSysClockFreq
 .text.HAL_RCC_GetHCLKFreq
                0x0000000008003f04       0x18 Drivers/STM32F4xx_HAL_Driver/Src/stm32f4xx_hal_rcc.o
                0x0000000008003f04                HAL_RCC_GetHCLKFreq
 .text.HAL_RCC_GetPCLK1Freq
                0x0000000008003f1c       0x28 Drivers/STM32F4xx_HAL_Driver/Src/stm32f4xx_hal_rcc.o
                0x0000000008003f1c                HAL_RCC_GetPCLK1Freq
 .text.HAL_RCC_GetPCLK2Freq
                0x0000000008003f44       0x28 Drivers/STM32F4xx_HAL_Driver/Src/stm32f4xx_hal_rcc.o
                0x0000000008003f44                HAL_RCC_GetPCLK2Freq
 .text.HAL_UART_Init
                0x0000000008003f6c       0x9a Drivers/STM32F4xx_HAL_Driver/Src/stm32f4xx_hal_uart.o
                0x0000000008003f6c                HAL_UART_Init
 *fill*         0x0000000008004006        0x2 
 .text.HAL_UART_Transmit_DMA
                0x0000000008004008       0xd8 Drivers/STM32F4xx_HAL_Driver/Src/stm32f4xx_hal_uart.o
                0x0000000008004008                HAL_UART_Transmit_DMA
 .text.HAL_UART_IRQHandler
                0x00000000080040e0      0x200 Drivers/STM32F4xx_HAL_Driver/Src/stm32f4xx_hal_uart.o
                0x00000000080040e0                HAL_UART_IRQHandler
 .text.HAL_UART_TxCpltCallback
                0x00000000080042e0       0x14 Drivers/STM32F4xx_HAL_Driver/Src/stm32f4xx_hal_uart.o
                0x00000000080042e0                HAL_UART_TxCpltCallback
 .text.HAL_UART_TxHalfCpltCallback
                0x00000000080042f4       0x14 Drivers/STM32F4xx_HAL_Driver/Src/stm32f4xx_hal_uart.o
                0x00000000080042f4                HAL_UART_TxHalfCpltCallback
 .text.HAL_UART_RxCpltCallback
                0x0000000008004308       0x14 Drivers/STM32F4xx_HAL_Driver/Src/stm32f4xx_hal_uart.o
                0x0000000008004308                HAL_UART_RxCpltCallback
 .text.HAL_UART_ErrorCallback
                0x000000000800431c       0x14 Drivers/STM32F4xx_HAL_Driver/Src/stm32f4xx_hal_uart.o
                0x000000000800431c                HAL_UART_ErrorCallback
 .text.UART_DMATransmitCplt
                0x0000000008004330       0x52 Drivers/STM32F4xx_HAL_Driver/Src/stm32f4xx_hal_uart.o
 .text.UART_DMATxHalfCplt
                0x0000000008004382       0x1c Drivers/STM32F4xx_HAL_Driver/Src/stm32f4xx_hal_uart.o
 .text.UART_DMAError
                0x000000000800439e       0x94 Drivers/STM32F4xx_HAL_Driver/Src/stm32f4xx_hal_uart.o
 .text.UART_EndTxTransfer
                0x0000000008004432       0x2c Drivers/STM32F4xx_HAL_Driver/Src/stm32f4xx_hal_uart.o
 .text.UART_EndRxTransfer
                0x000000000800445e       0x3c Drivers/STM32F4xx_HAL_Driver/Src/stm32f4xx_hal_uart.o
 .text.UART_DMAAbortOnError
                0x000000000800449a       0x28 Drivers/STM32F4xx_HAL_Driver/Src/stm32f4xx_hal_uart.o
 .text.UART_Transmit_IT
                0x00000000080044c2       0xac Drivers/STM32F4xx_HAL_Driver/Src/stm32f4xx_hal_uart.o
 .text.UART_EndTransmit_IT
                0x000000000800456e       0x30 Drivers/STM32F4xx_HAL_Driver/Src/stm32f4xx_hal_uart.o
 .text.UART_Receive_IT
                0x000000000800459e      0x102 Drivers/STM32F4xx_HAL_Driver/Src/stm32f4xx_hal_uart.o
 .text.UART_SetConfig
                0x00000000080046a0      0x6f8 Drivers/STM32F4xx_HAL_Driver/Src/stm32f4xx_hal_uart.o
 .text._ZN3ros16normalizeSecNSecERmS0_
                0x0000000008004d98       0x58 rosserial/time.o
                0x0000000008004d98                ros::normalizeSecNSec(unsigned long&, unsigned long&)
 .text.__cxa_pure_virtual
                0x0000000008004df0        0x6 c:/st/stm32cubeide_1.3.0/stm32cubeide/plugins/com.st.stm32cube.ide.mcu.externaltools.gnu-tools-for-stm32.7-2018-q2-update.win32_1.0.0.201904181610/tools/bin/../lib/gcc/arm-none-eabi/7.3.1/../../../../arm-none-eabi/lib/thumb/v7e-m/fpv4-sp/hard\libstdc++_nano.a(pure.o)
                0x0000000008004df0                __cxa_pure_virtual
 .text._ZN10__cxxabiv111__terminateEPFvvE
                0x0000000008004df6        0x8 c:/st/stm32cubeide_1.3.0/stm32cubeide/plugins/com.st.stm32cube.ide.mcu.externaltools.gnu-tools-for-stm32.7-2018-q2-update.win32_1.0.0.201904181610/tools/bin/../lib/gcc/arm-none-eabi/7.3.1/../../../../arm-none-eabi/lib/thumb/v7e-m/fpv4-sp/hard\libstdc++_nano.a(eh_terminate.o)
                0x0000000008004df6                __cxxabiv1::__terminate(void (*)())
 *fill*         0x0000000008004dfe        0x2 
 .text._ZSt13get_terminatev
                0x0000000008004e00       0x10 c:/st/stm32cubeide_1.3.0/stm32cubeide/plugins/com.st.stm32cube.ide.mcu.externaltools.gnu-tools-for-stm32.7-2018-q2-update.win32_1.0.0.201904181610/tools/bin/../lib/gcc/arm-none-eabi/7.3.1/../../../../arm-none-eabi/lib/thumb/v7e-m/fpv4-sp/hard\libstdc++_nano.a(eh_terminate.o)
                0x0000000008004e00                std::get_terminate()
 .text._ZSt9terminatev
                0x0000000008004e10        0xa c:/st/stm32cubeide_1.3.0/stm32cubeide/plugins/com.st.stm32cube.ide.mcu.externaltools.gnu-tools-for-stm32.7-2018-q2-update.win32_1.0.0.201904181610/tools/bin/../lib/gcc/arm-none-eabi/7.3.1/../../../../arm-none-eabi/lib/thumb/v7e-m/fpv4-sp/hard\libstdc++_nano.a(eh_terminate.o)
                0x0000000008004e10                std::terminate()
 .text.abort    0x0000000008004e1a        0xe c:/st/stm32cubeide_1.3.0/stm32cubeide/plugins/com.st.stm32cube.ide.mcu.externaltools.gnu-tools-for-stm32.7-2018-q2-update.win32_1.0.0.201904181610/tools/bin/../lib/gcc/arm-none-eabi/7.3.1/../../../../arm-none-eabi/lib/thumb/v7e-m/fpv4-sp/hard\libc_nano.a(lib_a-abort.o)
                0x0000000008004e1a                abort
 .text.__errno  0x0000000008004e28        0xc c:/st/stm32cubeide_1.3.0/stm32cubeide/plugins/com.st.stm32cube.ide.mcu.externaltools.gnu-tools-for-stm32.7-2018-q2-update.win32_1.0.0.201904181610/tools/bin/../lib/gcc/arm-none-eabi/7.3.1/../../../../arm-none-eabi/lib/thumb/v7e-m/fpv4-sp/hard\libc_nano.a(lib_a-errno.o)
                0x0000000008004e28                __errno
 .text.__libc_init_array
                0x0000000008004e34       0x48 c:/st/stm32cubeide_1.3.0/stm32cubeide/plugins/com.st.stm32cube.ide.mcu.externaltools.gnu-tools-for-stm32.7-2018-q2-update.win32_1.0.0.201904181610/tools/bin/../lib/gcc/arm-none-eabi/7.3.1/../../../../arm-none-eabi/lib/thumb/v7e-m/fpv4-sp/hard\libc_nano.a(lib_a-init.o)
                0x0000000008004e34                __libc_init_array
 .text.memcpy   0x0000000008004e7c       0x16 c:/st/stm32cubeide_1.3.0/stm32cubeide/plugins/com.st.stm32cube.ide.mcu.externaltools.gnu-tools-for-stm32.7-2018-q2-update.win32_1.0.0.201904181610/tools/bin/../lib/gcc/arm-none-eabi/7.3.1/../../../../arm-none-eabi/lib/thumb/v7e-m/fpv4-sp/hard\libc_nano.a(lib_a-memcpy-stub.o)
                0x0000000008004e7c                memcpy
 .text.memset   0x0000000008004e92       0x10 c:/st/stm32cubeide_1.3.0/stm32cubeide/plugins/com.st.stm32cube.ide.mcu.externaltools.gnu-tools-for-stm32.7-2018-q2-update.win32_1.0.0.201904181610/tools/bin/../lib/gcc/arm-none-eabi/7.3.1/../../../../arm-none-eabi/lib/thumb/v7e-m/fpv4-sp/hard\libc_nano.a(lib_a-memset.o)
                0x0000000008004e92                memset
 *fill*         0x0000000008004ea2        0x2 
 .text.realloc  0x0000000008004ea4       0x10 c:/st/stm32cubeide_1.3.0/stm32cubeide/plugins/com.st.stm32cube.ide.mcu.externaltools.gnu-tools-for-stm32.7-2018-q2-update.win32_1.0.0.201904181610/tools/bin/../lib/gcc/arm-none-eabi/7.3.1/../../../../arm-none-eabi/lib/thumb/v7e-m/fpv4-sp/hard\libc_nano.a(lib_a-realloc.o)
                0x0000000008004ea4                realloc
 .text._raise_r
                0x0000000008004eb4       0x50 c:/st/stm32cubeide_1.3.0/stm32cubeide/plugins/com.st.stm32cube.ide.mcu.externaltools.gnu-tools-for-stm32.7-2018-q2-update.win32_1.0.0.201904181610/tools/bin/../lib/gcc/arm-none-eabi/7.3.1/../../../../arm-none-eabi/lib/thumb/v7e-m/fpv4-sp/hard\libc_nano.a(lib_a-signal.o)
                0x0000000008004eb4                _raise_r
 .text.raise    0x0000000008004f04       0x10 c:/st/stm32cubeide_1.3.0/stm32cubeide/plugins/com.st.stm32cube.ide.mcu.externaltools.gnu-tools-for-stm32.7-2018-q2-update.win32_1.0.0.201904181610/tools/bin/../lib/gcc/arm-none-eabi/7.3.1/../../../../arm-none-eabi/lib/thumb/v7e-m/fpv4-sp/hard\libc_nano.a(lib_a-signal.o)
                0x0000000008004f04                raise
 .text._kill_r  0x0000000008004f14       0x24 c:/st/stm32cubeide_1.3.0/stm32cubeide/plugins/com.st.stm32cube.ide.mcu.externaltools.gnu-tools-for-stm32.7-2018-q2-update.win32_1.0.0.201904181610/tools/bin/../lib/gcc/arm-none-eabi/7.3.1/../../../../arm-none-eabi/lib/thumb/v7e-m/fpv4-sp/hard\libc_nano.a(lib_a-signalr.o)
                0x0000000008004f14                _kill_r
 .text._getpid_r
                0x0000000008004f38        0x4 c:/st/stm32cubeide_1.3.0/stm32cubeide/plugins/com.st.stm32cube.ide.mcu.externaltools.gnu-tools-for-stm32.7-2018-q2-update.win32_1.0.0.201904181610/tools/bin/../lib/gcc/arm-none-eabi/7.3.1/../../../../arm-none-eabi/lib/thumb/v7e-m/fpv4-sp/hard\libc_nano.a(lib_a-signalr.o)
                0x0000000008004f38                _getpid_r
 .text._malloc_r
                0x0000000008004f3c       0xb4 c:/st/stm32cubeide_1.3.0/stm32cubeide/plugins/com.st.stm32cube.ide.mcu.externaltools.gnu-tools-for-stm32.7-2018-q2-update.win32_1.0.0.201904181610/tools/bin/../lib/gcc/arm-none-eabi/7.3.1/../../../../arm-none-eabi/lib/thumb/v7e-m/fpv4-sp/hard\libc_nano.a(lib_a-nano-mallocr.o)
                0x0000000008004f3c                _malloc_r
 .text._realloc_r
                0x0000000008004ff0       0x4c c:/st/stm32cubeide_1.3.0/stm32cubeide/plugins/com.st.stm32cube.ide.mcu.externaltools.gnu-tools-for-stm32.7-2018-q2-update.win32_1.0.0.201904181610/tools/bin/../lib/gcc/arm-none-eabi/7.3.1/../../../../arm-none-eabi/lib/thumb/v7e-m/fpv4-sp/hard\libc_nano.a(lib_a-nano-reallocr.o)
                0x0000000008004ff0                _realloc_r
 .text._sbrk_r  0x000000000800503c       0x20 c:/st/stm32cubeide_1.3.0/stm32cubeide/plugins/com.st.stm32cube.ide.mcu.externaltools.gnu-tools-for-stm32.7-2018-q2-update.win32_1.0.0.201904181610/tools/bin/../lib/gcc/arm-none-eabi/7.3.1/../../../../arm-none-eabi/lib/thumb/v7e-m/fpv4-sp/hard\libc_nano.a(lib_a-sbrkr.o)
                0x000000000800503c                _sbrk_r
 .text.__malloc_lock
                0x000000000800505c        0x2 c:/st/stm32cubeide_1.3.0/stm32cubeide/plugins/com.st.stm32cube.ide.mcu.externaltools.gnu-tools-for-stm32.7-2018-q2-update.win32_1.0.0.201904181610/tools/bin/../lib/gcc/arm-none-eabi/7.3.1/../../../../arm-none-eabi/lib/thumb/v7e-m/fpv4-sp/hard\libc_nano.a(lib_a-mlock.o)
                0x000000000800505c                __malloc_lock
 .text.__malloc_unlock
                0x000000000800505e        0x2 c:/st/stm32cubeide_1.3.0/stm32cubeide/plugins/com.st.stm32cube.ide.mcu.externaltools.gnu-tools-for-stm32.7-2018-q2-update.win32_1.0.0.201904181610/tools/bin/../lib/gcc/arm-none-eabi/7.3.1/../../../../arm-none-eabi/lib/thumb/v7e-m/fpv4-sp/hard\libc_nano.a(lib_a-mlock.o)
                0x000000000800505e                __malloc_unlock
 .text._free_r  0x0000000008005060       0x9c c:/st/stm32cubeide_1.3.0/stm32cubeide/plugins/com.st.stm32cube.ide.mcu.externaltools.gnu-tools-for-stm32.7-2018-q2-update.win32_1.0.0.201904181610/tools/bin/../lib/gcc/arm-none-eabi/7.3.1/../../../../arm-none-eabi/lib/thumb/v7e-m/fpv4-sp/hard\libc_nano.a(lib_a-nano-freer.o)
                0x0000000008005060                _free_r
 .text._malloc_usable_size_r
                0x00000000080050fc       0x10 c:/st/stm32cubeide_1.3.0/stm32cubeide/plugins/com.st.stm32cube.ide.mcu.externaltools.gnu-tools-for-stm32.7-2018-q2-update.win32_1.0.0.201904181610/tools/bin/../lib/gcc/arm-none-eabi/7.3.1/../../../../arm-none-eabi/lib/thumb/v7e-m/fpv4-sp/hard\libc_nano.a(lib_a-nano-msizer.o)
                0x00000000080050fc                _malloc_usable_size_r
 *(.glue_7)
 .glue_7        0x000000000800510c        0x0 linker stubs
 *(.glue_7t)
 .glue_7t       0x000000000800510c        0x0 linker stubs
 *(.eh_frame)
 .eh_frame      0x000000000800510c        0x0 c:/st/stm32cubeide_1.3.0/stm32cubeide/plugins/com.st.stm32cube.ide.mcu.externaltools.gnu-tools-for-stm32.7-2018-q2-update.win32_1.0.0.201904181610/tools/bin/../lib/gcc/arm-none-eabi/7.3.1/thumb/v7e-m/fpv4-sp/hard/crtbegin.o
 *(.init)
 .init          0x000000000800510c        0x4 c:/st/stm32cubeide_1.3.0/stm32cubeide/plugins/com.st.stm32cube.ide.mcu.externaltools.gnu-tools-for-stm32.7-2018-q2-update.win32_1.0.0.201904181610/tools/bin/../lib/gcc/arm-none-eabi/7.3.1/thumb/v7e-m/fpv4-sp/hard/crti.o
                0x000000000800510c                _init
 .init          0x0000000008005110        0x8 c:/st/stm32cubeide_1.3.0/stm32cubeide/plugins/com.st.stm32cube.ide.mcu.externaltools.gnu-tools-for-stm32.7-2018-q2-update.win32_1.0.0.201904181610/tools/bin/../lib/gcc/arm-none-eabi/7.3.1/thumb/v7e-m/fpv4-sp/hard/crtn.o
 *(.fini)
 .fini          0x0000000008005118        0x4 c:/st/stm32cubeide_1.3.0/stm32cubeide/plugins/com.st.stm32cube.ide.mcu.externaltools.gnu-tools-for-stm32.7-2018-q2-update.win32_1.0.0.201904181610/tools/bin/../lib/gcc/arm-none-eabi/7.3.1/thumb/v7e-m/fpv4-sp/hard/crti.o
                0x0000000008005118                _fini
 .fini          0x000000000800511c        0x8 c:/st/stm32cubeide_1.3.0/stm32cubeide/plugins/com.st.stm32cube.ide.mcu.externaltools.gnu-tools-for-stm32.7-2018-q2-update.win32_1.0.0.201904181610/tools/bin/../lib/gcc/arm-none-eabi/7.3.1/thumb/v7e-m/fpv4-sp/hard/crtn.o
                0x0000000008005124                . = ALIGN (0x4)
                0x0000000008005124                _etext = .

.vfp11_veneer   0x0000000008005124        0x0
 .vfp11_veneer  0x0000000008005124        0x0 linker stubs

.v4_bx          0x0000000008005124        0x0
 .v4_bx         0x0000000008005124        0x0 linker stubs

.iplt           0x0000000008005124        0x0
 .iplt          0x0000000008005124        0x0 c:/st/stm32cubeide_1.3.0/stm32cubeide/plugins/com.st.stm32cube.ide.mcu.externaltools.gnu-tools-for-stm32.7-2018-q2-update.win32_1.0.0.201904181610/tools/bin/../lib/gcc/arm-none-eabi/7.3.1/thumb/v7e-m/fpv4-sp/hard/crtbegin.o

.rodata         0x0000000008005124      0x240
                0x0000000008005124                . = ALIGN (0x4)
 *(.rodata)
 .rodata        0x0000000008005124      0x149 Core/Src/mainapp.o
 *(.rodata*)
 *fill*         0x000000000800526d        0x3 
 .rodata._ZN14rosserial_msgsL12REQUESTPARAME
                0x0000000008005270       0x1c Core/Src/mainapp.o
 .rodata._ZTVN3ros11NodeHandle_I13STM32HardwareLi25ELi25ELi512ELi512EEE
                0x000000000800528c       0x14 Core/Src/mainapp.o
                0x000000000800528c                vtable for ros::NodeHandle_<STM32Hardware, 25, 25, 512, 512>
 .rodata._ZTVN8std_msgs6StringE
                0x00000000080052a0       0x18 Core/Src/mainapp.o
                0x00000000080052a0                vtable for std_msgs::String
 .rodata._ZTVN3ros15NodeHandleBase_E
                0x00000000080052b8       0x14 Core/Src/mainapp.o
                0x00000000080052b8                vtable for ros::NodeHandleBase_
 .rodata._ZTVN14rosserial_msgs20RequestParamResponseE
                0x00000000080052cc       0x18 Core/Src/mainapp.o
                0x00000000080052cc                vtable for rosserial_msgs::RequestParamResponse
 .rodata._ZTVN14rosserial_msgs3LogE
                0x00000000080052e4       0x18 Core/Src/mainapp.o
                0x00000000080052e4                vtable for rosserial_msgs::Log
 .rodata._ZTVN14rosserial_msgs9TopicInfoE
                0x00000000080052fc       0x18 Core/Src/mainapp.o
                0x00000000080052fc                vtable for rosserial_msgs::TopicInfo
 .rodata._ZTVN8std_msgs4TimeE
                0x0000000008005314       0x18 Core/Src/mainapp.o
                0x0000000008005314                vtable for std_msgs::Time
 .rodata._ZTVN3ros3MsgE
                0x000000000800532c       0x18 Core/Src/mainapp.o
                0x000000000800532c                vtable for ros::Msg
 .rodata.AHBPrescTable
                0x0000000008005344       0x10 Core/Src/system_stm32f4xx.o
                0x0000000008005344                AHBPrescTable
 .rodata.APBPrescTable
                0x0000000008005354        0x8 Core/Src/system_stm32f4xx.o
                0x0000000008005354                APBPrescTable
 .rodata.flagBitshiftOffset.8365
                0x000000000800535c        0x8 Drivers/STM32F4xx_HAL_Driver/Src/stm32f4xx_hal_dma.o
                0x0000000008005364                . = ALIGN (0x4)

.ARM.extab      0x0000000008005364        0x0
                0x0000000008005364                . = ALIGN (0x4)
 *(.ARM.extab* .gnu.linkonce.armextab.*)
                0x0000000008005364                . = ALIGN (0x4)

.ARM            0x0000000008005364        0x8
                0x0000000008005364                . = ALIGN (0x4)
                0x0000000008005364                __exidx_start = .
 *(.ARM.exidx*)
 .ARM.exidx     0x0000000008005364        0x8 c:/st/stm32cubeide_1.3.0/stm32cubeide/plugins/com.st.stm32cube.ide.mcu.externaltools.gnu-tools-for-stm32.7-2018-q2-update.win32_1.0.0.201904181610/tools/bin/../lib/gcc/arm-none-eabi/7.3.1/thumb/v7e-m/fpv4-sp/hard\libgcc.a(_udivmoddi4.o)
                0x000000000800536c                __exidx_end = .
                0x000000000800536c                . = ALIGN (0x4)

.rel.dyn        0x000000000800536c        0x0
 .rel.iplt      0x000000000800536c        0x0 c:/st/stm32cubeide_1.3.0/stm32cubeide/plugins/com.st.stm32cube.ide.mcu.externaltools.gnu-tools-for-stm32.7-2018-q2-update.win32_1.0.0.201904181610/tools/bin/../lib/gcc/arm-none-eabi/7.3.1/thumb/v7e-m/fpv4-sp/hard/crtbegin.o

.preinit_array  0x000000000800536c        0x0
                0x000000000800536c                . = ALIGN (0x4)
                0x000000000800536c                PROVIDE (__preinit_array_start = .)
 *(.preinit_array*)
                0x000000000800536c                PROVIDE (__preinit_array_end = .)
                0x000000000800536c                . = ALIGN (0x4)

.init_array     0x000000000800536c        0x8
                0x000000000800536c                . = ALIGN (0x4)
                0x000000000800536c                PROVIDE (__init_array_start = .)
 *(SORT_BY_NAME(.init_array.*))
 *(.init_array*)
 .init_array    0x000000000800536c        0x4 c:/st/stm32cubeide_1.3.0/stm32cubeide/plugins/com.st.stm32cube.ide.mcu.externaltools.gnu-tools-for-stm32.7-2018-q2-update.win32_1.0.0.201904181610/tools/bin/../lib/gcc/arm-none-eabi/7.3.1/thumb/v7e-m/fpv4-sp/hard/crtbegin.o
 .init_array    0x0000000008005370        0x4 Core/Src/mainapp.o
                0x0000000008005374                PROVIDE (__init_array_end = .)
                0x0000000008005374                . = ALIGN (0x4)

.fini_array     0x0000000008005374        0x4
                0x0000000008005374                . = ALIGN (0x4)
                [!provide]                        PROVIDE (__fini_array_start = .)
 *(SORT_BY_NAME(.fini_array.*))
 *(.fini_array*)
 .fini_array    0x0000000008005374        0x4 c:/st/stm32cubeide_1.3.0/stm32cubeide/plugins/com.st.stm32cube.ide.mcu.externaltools.gnu-tools-for-stm32.7-2018-q2-update.win32_1.0.0.201904181610/tools/bin/../lib/gcc/arm-none-eabi/7.3.1/thumb/v7e-m/fpv4-sp/hard/crtbegin.o
                [!provide]                        PROVIDE (__fini_array_end = .)
                0x0000000008005378                . = ALIGN (0x4)
                0x0000000008005378                _sidata = LOADADDR (.data)

.data           0x0000000020000000       0x74 load address 0x0000000008005378
                0x0000000020000000                . = ALIGN (0x4)
                0x0000000020000000                _sdata = .
 *(.data)
 *(.data*)
 .data.SystemCoreClock
                0x0000000020000000        0x4 Core/Src/system_stm32f4xx.o
                0x0000000020000000                SystemCoreClock
 .data.uwTickPrio
                0x0000000020000004        0x4 Drivers/STM32F4xx_HAL_Driver/Src/stm32f4xx_hal.o
                0x0000000020000004                uwTickPrio
 .data.uwTickFreq
                0x0000000020000008        0x1 Drivers/STM32F4xx_HAL_Driver/Src/stm32f4xx_hal.o
                0x0000000020000008                uwTickFreq
 *fill*         0x0000000020000009        0x3 
 .data._ZN10__cxxabiv119__terminate_handlerE
                0x000000002000000c        0x4 c:/st/stm32cubeide_1.3.0/stm32cubeide/plugins/com.st.stm32cube.ide.mcu.externaltools.gnu-tools-for-stm32.7-2018-q2-update.win32_1.0.0.201904181610/tools/bin/../lib/gcc/arm-none-eabi/7.3.1/../../../../arm-none-eabi/lib/thumb/v7e-m/fpv4-sp/hard\libstdc++_nano.a(eh_term_handler.o)
                0x000000002000000c                __cxxabiv1::__terminate_handler
 .data._impure_ptr
                0x0000000020000010        0x4 c:/st/stm32cubeide_1.3.0/stm32cubeide/plugins/com.st.stm32cube.ide.mcu.externaltools.gnu-tools-for-stm32.7-2018-q2-update.win32_1.0.0.201904181610/tools/bin/../lib/gcc/arm-none-eabi/7.3.1/../../../../arm-none-eabi/lib/thumb/v7e-m/fpv4-sp/hard\libc_nano.a(lib_a-impure.o)
                0x0000000020000010                _impure_ptr
 .data.impure_data
                0x0000000020000014       0x60 c:/st/stm32cubeide_1.3.0/stm32cubeide/plugins/com.st.stm32cube.ide.mcu.externaltools.gnu-tools-for-stm32.7-2018-q2-update.win32_1.0.0.201904181610/tools/bin/../lib/gcc/arm-none-eabi/7.3.1/../../../../arm-none-eabi/lib/thumb/v7e-m/fpv4-sp/hard\libc_nano.a(lib_a-impure.o)
                0x0000000020000074                . = ALIGN (0x4)
                0x0000000020000074                _edata = .

.igot.plt       0x0000000020000074        0x0 load address 0x00000000080053ec
 .igot.plt      0x0000000020000074        0x0 c:/st/stm32cubeide_1.3.0/stm32cubeide/plugins/com.st.stm32cube.ide.mcu.externaltools.gnu-tools-for-stm32.7-2018-q2-update.win32_1.0.0.201904181610/tools/bin/../lib/gcc/arm-none-eabi/7.3.1/thumb/v7e-m/fpv4-sp/hard/crtbegin.o
                0x0000000020000074                . = ALIGN (0x4)

.bss            0x0000000020000074      0xae0 load address 0x00000000080053ec
                0x0000000020000074                _sbss = .
                0x0000000020000074                __bss_start__ = _sbss
 *(.bss)
 .bss           0x0000000020000074       0x1c c:/st/stm32cubeide_1.3.0/stm32cubeide/plugins/com.st.stm32cube.ide.mcu.externaltools.gnu-tools-for-stm32.7-2018-q2-update.win32_1.0.0.201904181610/tools/bin/../lib/gcc/arm-none-eabi/7.3.1/thumb/v7e-m/fpv4-sp/hard/crtbegin.o
 *(.bss*)
 .bss.hi2c1     0x0000000020000090       0x54 Core/Src/main.o
                0x0000000020000090                hi2c1
 .bss.huart1    0x00000000200000e4       0x40 Core/Src/main.o
                0x00000000200000e4                huart1
 .bss.hdma_usart1_rx
                0x0000000020000124       0x60 Core/Src/main.o
                0x0000000020000124                hdma_usart1_rx
 .bss.hdma_usart1_tx
                0x0000000020000184       0x60 Core/Src/main.o
                0x0000000020000184                hdma_usart1_tx
 .bss._ZZN13STM32Hardware5flushEvE5mutex
                0x00000000200001e4        0x1 Core/Src/mainapp.o
                0x00000000200001e4                STM32Hardware::flush()::mutex
 *fill*         0x00000000200001e5        0x3 
 .bss._ZL2nh    0x00000000200001e8      0x93c Core/Src/mainapp.o
 .bss._ZL7str_msg
                0x0000000020000b24        0x8 Core/Src/mainapp.o
 .bss._ZL7chatter
                0x0000000020000b2c       0x14 Core/Src/mainapp.o
 .bss.heap_end.6424
                0x0000000020000b40        0x4 Core/Src/sysmem.o
 .bss.__malloc_free_list
                0x0000000020000b44        0x4 c:/st/stm32cubeide_1.3.0/stm32cubeide/plugins/com.st.stm32cube.ide.mcu.externaltools.gnu-tools-for-stm32.7-2018-q2-update.win32_1.0.0.201904181610/tools/bin/../lib/gcc/arm-none-eabi/7.3.1/../../../../arm-none-eabi/lib/thumb/v7e-m/fpv4-sp/hard\libc_nano.a(lib_a-nano-mallocr.o)
                0x0000000020000b44                __malloc_free_list
 .bss.__malloc_sbrk_start
                0x0000000020000b48        0x4 c:/st/stm32cubeide_1.3.0/stm32cubeide/plugins/com.st.stm32cube.ide.mcu.externaltools.gnu-tools-for-stm32.7-2018-q2-update.win32_1.0.0.201904181610/tools/bin/../lib/gcc/arm-none-eabi/7.3.1/../../../../arm-none-eabi/lib/thumb/v7e-m/fpv4-sp/hard\libc_nano.a(lib_a-nano-mallocr.o)
                0x0000000020000b48                __malloc_sbrk_start
 *(COMMON)
 COMMON         0x0000000020000b4c        0x4 Drivers/STM32F4xx_HAL_Driver/Src/stm32f4xx_hal.o
                0x0000000020000b4c                uwTick
 COMMON         0x0000000020000b50        0x4 c:/st/stm32cubeide_1.3.0/stm32cubeide/plugins/com.st.stm32cube.ide.mcu.externaltools.gnu-tools-for-stm32.7-2018-q2-update.win32_1.0.0.201904181610/tools/bin/../lib/gcc/arm-none-eabi/7.3.1/../../../../arm-none-eabi/lib/thumb/v7e-m/fpv4-sp/hard\libc_nano.a(lib_a-reent.o)
                0x0000000020000b50                errno
                0x0000000020000b54                . = ALIGN (0x4)
                0x0000000020000b54                _ebss = .
                0x0000000020000b54                __bss_end__ = _ebss

._user_heap_stack
                0x0000000020000b54      0x604 load address 0x00000000080053ec
                0x0000000020000b58                . = ALIGN (0x8)
 *fill*         0x0000000020000b54        0x4 
                0x0000000020000b58                PROVIDE (end = .)
                [!provide]                        PROVIDE (_end = .)
                0x0000000020000d58                . = (. + _Min_Heap_Size)
 *fill*         0x0000000020000b58      0x200 
                0x0000000020001158                . = (. + _Min_Stack_Size)
 *fill*         0x0000000020000d58      0x400 
                0x0000000020001158                . = ALIGN (0x8)

/DISCARD/
 libc.a(*)
 libm.a(*)
 libgcc.a(*)

.ARM.attributes
                0x0000000000000000       0x30
 *(.ARM.attributes)
 .ARM.attributes
                0x0000000000000000       0x22 c:/st/stm32cubeide_1.3.0/stm32cubeide/plugins/com.st.stm32cube.ide.mcu.externaltools.gnu-tools-for-stm32.7-2018-q2-update.win32_1.0.0.201904181610/tools/bin/../lib/gcc/arm-none-eabi/7.3.1/thumb/v7e-m/fpv4-sp/hard/crti.o
 .ARM.attributes
                0x0000000000000022       0x34 c:/st/stm32cubeide_1.3.0/stm32cubeide/plugins/com.st.stm32cube.ide.mcu.externaltools.gnu-tools-for-stm32.7-2018-q2-update.win32_1.0.0.201904181610/tools/bin/../lib/gcc/arm-none-eabi/7.3.1/thumb/v7e-m/fpv4-sp/hard/crtbegin.o
 .ARM.attributes
                0x0000000000000056       0x39 Core/Src/main.o
 .ARM.attributes
                0x000000000000008f       0x39 Core/Src/mainapp.o
 .ARM.attributes
                0x00000000000000c8       0x39 Core/Src/stm32f4xx_hal_msp.o
 .ARM.attributes
                0x0000000000000101       0x39 Core/Src/stm32f4xx_it.o
 .ARM.attributes
                0x000000000000013a       0x39 Core/Src/syscalls.o
 .ARM.attributes
                0x0000000000000173       0x39 Core/Src/sysmem.o
 .ARM.attributes
                0x00000000000001ac       0x39 Core/Src/system_stm32f4xx.o
 .ARM.attributes
                0x00000000000001e5       0x21 Core/Startup/startup_stm32f407vetx.o
 .ARM.attributes
                0x0000000000000206       0x39 Drivers/STM32F4xx_HAL_Driver/Src/stm32f4xx_hal.o
 .ARM.attributes
                0x000000000000023f       0x39 Drivers/STM32F4xx_HAL_Driver/Src/stm32f4xx_hal_cortex.o
 .ARM.attributes
                0x0000000000000278       0x39 Drivers/STM32F4xx_HAL_Driver/Src/stm32f4xx_hal_dma.o
 .ARM.attributes
                0x00000000000002b1       0x39 Drivers/STM32F4xx_HAL_Driver/Src/stm32f4xx_hal_gpio.o
 .ARM.attributes
                0x00000000000002ea       0x39 Drivers/STM32F4xx_HAL_Driver/Src/stm32f4xx_hal_i2c.o
 .ARM.attributes
                0x0000000000000323       0x39 Drivers/STM32F4xx_HAL_Driver/Src/stm32f4xx_hal_rcc.o
 .ARM.attributes
                0x000000000000035c       0x39 Drivers/STM32F4xx_HAL_Driver/Src/stm32f4xx_hal_uart.o
 .ARM.attributes
                0x0000000000000395       0x39 rosserial/time.o
 .ARM.attributes
                0x00000000000003ce       0x34 c:/st/stm32cubeide_1.3.0/stm32cubeide/plugins/com.st.stm32cube.ide.mcu.externaltools.gnu-tools-for-stm32.7-2018-q2-update.win32_1.0.0.201904181610/tools/bin/../lib/gcc/arm-none-eabi/7.3.1/../../../../arm-none-eabi/lib/thumb/v7e-m/fpv4-sp/hard\libstdc++_nano.a(pure.o)
 .ARM.attributes
                0x0000000000000402       0x34 c:/st/stm32cubeide_1.3.0/stm32cubeide/plugins/com.st.stm32cube.ide.mcu.externaltools.gnu-tools-for-stm32.7-2018-q2-update.win32_1.0.0.201904181610/tools/bin/../lib/gcc/arm-none-eabi/7.3.1/../../../../arm-none-eabi/lib/thumb/v7e-m/fpv4-sp/hard\libstdc++_nano.a(eh_terminate.o)
 .ARM.attributes
                0x0000000000000436       0x34 c:/st/stm32cubeide_1.3.0/stm32cubeide/plugins/com.st.stm32cube.ide.mcu.externaltools.gnu-tools-for-stm32.7-2018-q2-update.win32_1.0.0.201904181610/tools/bin/../lib/gcc/arm-none-eabi/7.3.1/../../../../arm-none-eabi/lib/thumb/v7e-m/fpv4-sp/hard\libstdc++_nano.a(eh_term_handler.o)
 .ARM.attributes
                0x000000000000046a       0x34 c:/st/stm32cubeide_1.3.0/stm32cubeide/plugins/com.st.stm32cube.ide.mcu.externaltools.gnu-tools-for-stm32.7-2018-q2-update.win32_1.0.0.201904181610/tools/bin/../lib/gcc/arm-none-eabi/7.3.1/../../../../arm-none-eabi/lib/thumb/v7e-m/fpv4-sp/hard\libc_nano.a(lib_a-abort.o)
 .ARM.attributes
                0x000000000000049e       0x34 c:/st/stm32cubeide_1.3.0/stm32cubeide/plugins/com.st.stm32cube.ide.mcu.externaltools.gnu-tools-for-stm32.7-2018-q2-update.win32_1.0.0.201904181610/tools/bin/../lib/gcc/arm-none-eabi/7.3.1/../../../../arm-none-eabi/lib/thumb/v7e-m/fpv4-sp/hard\libc_nano.a(lib_a-errno.o)
 .ARM.attributes
                0x00000000000004d2       0x34 c:/st/stm32cubeide_1.3.0/stm32cubeide/plugins/com.st.stm32cube.ide.mcu.externaltools.gnu-tools-for-stm32.7-2018-q2-update.win32_1.0.0.201904181610/tools/bin/../lib/gcc/arm-none-eabi/7.3.1/../../../../arm-none-eabi/lib/thumb/v7e-m/fpv4-sp/hard\libc_nano.a(lib_a-impure.o)
 .ARM.attributes
                0x0000000000000506       0x34 c:/st/stm32cubeide_1.3.0/stm32cubeide/plugins/com.st.stm32cube.ide.mcu.externaltools.gnu-tools-for-stm32.7-2018-q2-update.win32_1.0.0.201904181610/tools/bin/../lib/gcc/arm-none-eabi/7.3.1/../../../../arm-none-eabi/lib/thumb/v7e-m/fpv4-sp/hard\libc_nano.a(lib_a-init.o)
 .ARM.attributes
                0x000000000000053a       0x34 c:/st/stm32cubeide_1.3.0/stm32cubeide/plugins/com.st.stm32cube.ide.mcu.externaltools.gnu-tools-for-stm32.7-2018-q2-update.win32_1.0.0.201904181610/tools/bin/../lib/gcc/arm-none-eabi/7.3.1/../../../../arm-none-eabi/lib/thumb/v7e-m/fpv4-sp/hard\libc_nano.a(lib_a-memcpy-stub.o)
 .ARM.attributes
                0x000000000000056e       0x34 c:/st/stm32cubeide_1.3.0/stm32cubeide/plugins/com.st.stm32cube.ide.mcu.externaltools.gnu-tools-for-stm32.7-2018-q2-update.win32_1.0.0.201904181610/tools/bin/../lib/gcc/arm-none-eabi/7.3.1/../../../../arm-none-eabi/lib/thumb/v7e-m/fpv4-sp/hard\libc_nano.a(lib_a-memset.o)
 .ARM.attributes
                0x00000000000005a2       0x34 c:/st/stm32cubeide_1.3.0/stm32cubeide/plugins/com.st.stm32cube.ide.mcu.externaltools.gnu-tools-for-stm32.7-2018-q2-update.win32_1.0.0.201904181610/tools/bin/../lib/gcc/arm-none-eabi/7.3.1/../../../../arm-none-eabi/lib/thumb/v7e-m/fpv4-sp/hard\libc_nano.a(lib_a-realloc.o)
 .ARM.attributes
                0x00000000000005d6       0x34 c:/st/stm32cubeide_1.3.0/stm32cubeide/plugins/com.st.stm32cube.ide.mcu.externaltools.gnu-tools-for-stm32.7-2018-q2-update.win32_1.0.0.201904181610/tools/bin/../lib/gcc/arm-none-eabi/7.3.1/../../../../arm-none-eabi/lib/thumb/v7e-m/fpv4-sp/hard\libc_nano.a(lib_a-signal.o)
 .ARM.attributes
                0x000000000000060a       0x34 c:/st/stm32cubeide_1.3.0/stm32cubeide/plugins/com.st.stm32cube.ide.mcu.externaltools.gnu-tools-for-stm32.7-2018-q2-update.win32_1.0.0.201904181610/tools/bin/../lib/gcc/arm-none-eabi/7.3.1/../../../../arm-none-eabi/lib/thumb/v7e-m/fpv4-sp/hard\libc_nano.a(lib_a-signalr.o)
 .ARM.attributes
                0x000000000000063e       0x1b c:/st/stm32cubeide_1.3.0/stm32cubeide/plugins/com.st.stm32cube.ide.mcu.externaltools.gnu-tools-for-stm32.7-2018-q2-update.win32_1.0.0.201904181610/tools/bin/../lib/gcc/arm-none-eabi/7.3.1/../../../../arm-none-eabi/lib/thumb/v7e-m/fpv4-sp/hard\libc_nano.a(lib_a-strlen.o)
 .ARM.attributes
                0x0000000000000659       0x34 c:/st/stm32cubeide_1.3.0/stm32cubeide/plugins/com.st.stm32cube.ide.mcu.externaltools.gnu-tools-for-stm32.7-2018-q2-update.win32_1.0.0.201904181610/tools/bin/../lib/gcc/arm-none-eabi/7.3.1/../../../../arm-none-eabi/lib/thumb/v7e-m/fpv4-sp/hard\libc_nano.a(lib_a-nano-mallocr.o)
 .ARM.attributes
                0x000000000000068d       0x34 c:/st/stm32cubeide_1.3.0/stm32cubeide/plugins/com.st.stm32cube.ide.mcu.externaltools.gnu-tools-for-stm32.7-2018-q2-update.win32_1.0.0.201904181610/tools/bin/../lib/gcc/arm-none-eabi/7.3.1/../../../../arm-none-eabi/lib/thumb/v7e-m/fpv4-sp/hard\libc_nano.a(lib_a-nano-reallocr.o)
 .ARM.attributes
                0x00000000000006c1       0x34 c:/st/stm32cubeide_1.3.0/stm32cubeide/plugins/com.st.stm32cube.ide.mcu.externaltools.gnu-tools-for-stm32.7-2018-q2-update.win32_1.0.0.201904181610/tools/bin/../lib/gcc/arm-none-eabi/7.3.1/../../../../arm-none-eabi/lib/thumb/v7e-m/fpv4-sp/hard\libc_nano.a(lib_a-reent.o)
 .ARM.attributes
                0x00000000000006f5       0x34 c:/st/stm32cubeide_1.3.0/stm32cubeide/plugins/com.st.stm32cube.ide.mcu.externaltools.gnu-tools-for-stm32.7-2018-q2-update.win32_1.0.0.201904181610/tools/bin/../lib/gcc/arm-none-eabi/7.3.1/../../../../arm-none-eabi/lib/thumb/v7e-m/fpv4-sp/hard\libc_nano.a(lib_a-sbrkr.o)
 .ARM.attributes
                0x0000000000000729       0x34 c:/st/stm32cubeide_1.3.0/stm32cubeide/plugins/com.st.stm32cube.ide.mcu.externaltools.gnu-tools-for-stm32.7-2018-q2-update.win32_1.0.0.201904181610/tools/bin/../lib/gcc/arm-none-eabi/7.3.1/../../../../arm-none-eabi/lib/thumb/v7e-m/fpv4-sp/hard\libc_nano.a(lib_a-mlock.o)
 .ARM.attributes
                0x000000000000075d       0x34 c:/st/stm32cubeide_1.3.0/stm32cubeide/plugins/com.st.stm32cube.ide.mcu.externaltools.gnu-tools-for-stm32.7-2018-q2-update.win32_1.0.0.201904181610/tools/bin/../lib/gcc/arm-none-eabi/7.3.1/../../../../arm-none-eabi/lib/thumb/v7e-m/fpv4-sp/hard\libc_nano.a(lib_a-nano-freer.o)
 .ARM.attributes
                0x0000000000000791       0x34 c:/st/stm32cubeide_1.3.0/stm32cubeide/plugins/com.st.stm32cube.ide.mcu.externaltools.gnu-tools-for-stm32.7-2018-q2-update.win32_1.0.0.201904181610/tools/bin/../lib/gcc/arm-none-eabi/7.3.1/../../../../arm-none-eabi/lib/thumb/v7e-m/fpv4-sp/hard\libc_nano.a(lib_a-nano-msizer.o)
 .ARM.attributes
                0x00000000000007c5       0x22 c:/st/stm32cubeide_1.3.0/stm32cubeide/plugins/com.st.stm32cube.ide.mcu.externaltools.gnu-tools-for-stm32.7-2018-q2-update.win32_1.0.0.201904181610/tools/bin/../lib/gcc/arm-none-eabi/7.3.1/thumb/v7e-m/fpv4-sp/hard\libgcc.a(_aeabi_uldivmod.o)
 .ARM.attributes
                0x00000000000007e7       0x34 c:/st/stm32cubeide_1.3.0/stm32cubeide/plugins/com.st.stm32cube.ide.mcu.externaltools.gnu-tools-for-stm32.7-2018-q2-update.win32_1.0.0.201904181610/tools/bin/../lib/gcc/arm-none-eabi/7.3.1/thumb/v7e-m/fpv4-sp/hard\libgcc.a(_udivmoddi4.o)
 .ARM.attributes
                0x000000000000081b       0x22 c:/st/stm32cubeide_1.3.0/stm32cubeide/plugins/com.st.stm32cube.ide.mcu.externaltools.gnu-tools-for-stm32.7-2018-q2-update.win32_1.0.0.201904181610/tools/bin/../lib/gcc/arm-none-eabi/7.3.1/thumb/v7e-m/fpv4-sp/hard\libgcc.a(_dvmd_tls.o)
 .ARM.attributes
                0x000000000000083d       0x22 c:/st/stm32cubeide_1.3.0/stm32cubeide/plugins/com.st.stm32cube.ide.mcu.externaltools.gnu-tools-for-stm32.7-2018-q2-update.win32_1.0.0.201904181610/tools/bin/../lib/gcc/arm-none-eabi/7.3.1/thumb/v7e-m/fpv4-sp/hard/crtn.o
OUTPUT(brbr_core.elf elf32-littlearm)

.debug_info     0x0000000000000000    0x10952
 .debug_info    0x0000000000000000     0x1145 Core/Src/main.o
 .debug_info    0x0000000000001145     0x4693 Core/Src/mainapp.o
 .debug_info    0x00000000000057d8     0x11d3 Core/Src/stm32f4xx_hal_msp.o
 .debug_info    0x00000000000069ab      0x6e0 Core/Src/stm32f4xx_it.o
 .debug_info    0x000000000000708b      0xebd Core/Src/syscalls.o
 .debug_info    0x0000000000007f48      0x91c Core/Src/sysmem.o
 .debug_info    0x0000000000008864      0x554 Core/Src/system_stm32f4xx.o
 .debug_info    0x0000000000008db8       0x22 Core/Startup/startup_stm32f407vetx.o
 .debug_info    0x0000000000008dda      0x945 Drivers/STM32F4xx_HAL_Driver/Src/stm32f4xx_hal.o
 .debug_info    0x000000000000971f      0xe28 Drivers/STM32F4xx_HAL_Driver/Src/stm32f4xx_hal_cortex.o
 .debug_info    0x000000000000a547      0x968 Drivers/STM32F4xx_HAL_Driver/Src/stm32f4xx_hal_dma.o
 .debug_info    0x000000000000aeaf      0x7b5 Drivers/STM32F4xx_HAL_Driver/Src/stm32f4xx_hal_gpio.o
 .debug_info    0x000000000000b664     0x23b5 Drivers/STM32F4xx_HAL_Driver/Src/stm32f4xx_hal_i2c.o
 .debug_info    0x000000000000da19      0x904 Drivers/STM32F4xx_HAL_Driver/Src/stm32f4xx_hal_rcc.o
 .debug_info    0x000000000000e31d     0x124c Drivers/STM32F4xx_HAL_Driver/Src/stm32f4xx_hal_uart.o
 .debug_info    0x000000000000f569     0x13e9 rosserial/time.o

.debug_abbrev   0x0000000000000000     0x256f
 .debug_abbrev  0x0000000000000000      0x1fa Core/Src/main.o
 .debug_abbrev  0x00000000000001fa      0x7f1 Core/Src/mainapp.o
 .debug_abbrev  0x00000000000009eb      0x1e9 Core/Src/stm32f4xx_hal_msp.o
 .debug_abbrev  0x0000000000000bd4      0x161 Core/Src/stm32f4xx_it.o
 .debug_abbrev  0x0000000000000d35      0x261 Core/Src/syscalls.o
 .debug_abbrev  0x0000000000000f96      0x1bb Core/Src/sysmem.o
 .debug_abbrev  0x0000000000001151      0x12b Core/Src/system_stm32f4xx.o
 .debug_abbrev  0x000000000000127c       0x12 Core/Startup/startup_stm32f407vetx.o
 .debug_abbrev  0x000000000000128e      0x1c7 Drivers/STM32F4xx_HAL_Driver/Src/stm32f4xx_hal.o
 .debug_abbrev  0x0000000000001455      0x2fa Drivers/STM32F4xx_HAL_Driver/Src/stm32f4xx_hal_cortex.o
 .debug_abbrev  0x000000000000174f      0x229 Drivers/STM32F4xx_HAL_Driver/Src/stm32f4xx_hal_dma.o
 .debug_abbrev  0x0000000000001978      0x1c9 Drivers/STM32F4xx_HAL_Driver/Src/stm32f4xx_hal_gpio.o
 .debug_abbrev  0x0000000000001b41      0x254 Drivers/STM32F4xx_HAL_Driver/Src/stm32f4xx_hal_i2c.o
 .debug_abbrev  0x0000000000001d95      0x245 Drivers/STM32F4xx_HAL_Driver/Src/stm32f4xx_hal_rcc.o
 .debug_abbrev  0x0000000000001fda      0x242 Drivers/STM32F4xx_HAL_Driver/Src/stm32f4xx_hal_uart.o
 .debug_abbrev  0x000000000000221c      0x353 rosserial/time.o

.debug_aranges  0x0000000000000000      0xc18
 .debug_aranges
                0x0000000000000000       0x50 Core/Src/main.o
 .debug_aranges
                0x0000000000000050      0x1b8 Core/Src/mainapp.o
 .debug_aranges
                0x0000000000000208       0x58 Core/Src/stm32f4xx_hal_msp.o
 .debug_aranges
                0x0000000000000260       0x88 Core/Src/stm32f4xx_it.o
 .debug_aranges
                0x00000000000002e8       0xa8 Core/Src/syscalls.o
 .debug_aranges
                0x0000000000000390       0x20 Core/Src/sysmem.o
 .debug_aranges
                0x00000000000003b0       0x28 Core/Src/system_stm32f4xx.o
 .debug_aranges
                0x00000000000003d8       0x28 Core/Startup/startup_stm32f407vetx.o
 .debug_aranges
                0x0000000000000400       0xf0 Drivers/STM32F4xx_HAL_Driver/Src/stm32f4xx_hal.o
 .debug_aranges
                0x00000000000004f0      0x118 Drivers/STM32F4xx_HAL_Driver/Src/stm32f4xx_hal_cortex.o
 .debug_aranges
                0x0000000000000608       0x90 Drivers/STM32F4xx_HAL_Driver/Src/stm32f4xx_hal_dma.o
 .debug_aranges
                0x0000000000000698       0x58 Drivers/STM32F4xx_HAL_Driver/Src/stm32f4xx_hal_gpio.o
 .debug_aranges
                0x00000000000006f0      0x298 Drivers/STM32F4xx_HAL_Driver/Src/stm32f4xx_hal_i2c.o
 .debug_aranges
                0x0000000000000988       0x88 Drivers/STM32F4xx_HAL_Driver/Src/stm32f4xx_hal_rcc.o
 .debug_aranges
                0x0000000000000a10      0x1d0 Drivers/STM32F4xx_HAL_Driver/Src/stm32f4xx_hal_uart.o
 .debug_aranges
                0x0000000000000be0       0x38 rosserial/time.o

.debug_ranges   0x0000000000000000      0xb58
 .debug_ranges  0x0000000000000000       0x40 Core/Src/main.o
 .debug_ranges  0x0000000000000040      0x1c0 Core/Src/mainapp.o
 .debug_ranges  0x0000000000000200       0x48 Core/Src/stm32f4xx_hal_msp.o
 .debug_ranges  0x0000000000000248       0x78 Core/Src/stm32f4xx_it.o
 .debug_ranges  0x00000000000002c0       0x98 Core/Src/syscalls.o
 .debug_ranges  0x0000000000000358       0x10 Core/Src/sysmem.o
 .debug_ranges  0x0000000000000368       0x18 Core/Src/system_stm32f4xx.o
 .debug_ranges  0x0000000000000380       0x20 Core/Startup/startup_stm32f407vetx.o
 .debug_ranges  0x00000000000003a0       0xe0 Drivers/STM32F4xx_HAL_Driver/Src/stm32f4xx_hal.o
 .debug_ranges  0x0000000000000480      0x108 Drivers/STM32F4xx_HAL_Driver/Src/stm32f4xx_hal_cortex.o
 .debug_ranges  0x0000000000000588       0x80 Drivers/STM32F4xx_HAL_Driver/Src/stm32f4xx_hal_dma.o
 .debug_ranges  0x0000000000000608       0x48 Drivers/STM32F4xx_HAL_Driver/Src/stm32f4xx_hal_gpio.o
 .debug_ranges  0x0000000000000650      0x2a8 Drivers/STM32F4xx_HAL_Driver/Src/stm32f4xx_hal_i2c.o
 .debug_ranges  0x00000000000008f8       0x78 Drivers/STM32F4xx_HAL_Driver/Src/stm32f4xx_hal_rcc.o
 .debug_ranges  0x0000000000000970      0x1c0 Drivers/STM32F4xx_HAL_Driver/Src/stm32f4xx_hal_uart.o
 .debug_ranges  0x0000000000000b30       0x28 rosserial/time.o

.debug_macro    0x0000000000000000    0x24d0b
 .debug_macro   0x0000000000000000      0x1fc Core/Src/main.o
 .debug_macro   0x00000000000001fc      0xb2c Core/Src/main.o
 .debug_macro   0x0000000000000d28      0x190 Core/Src/main.o
 .debug_macro   0x0000000000000eb8       0x2e Core/Src/main.o
 .debug_macro   0x0000000000000ee6       0x2f Core/Src/main.o
 .debug_macro   0x0000000000000f15       0x1c Core/Src/main.o
 .debug_macro   0x0000000000000f31       0x22 Core/Src/main.o
 .debug_macro   0x0000000000000f53       0x8e Core/Src/main.o
 .debug_macro   0x0000000000000fe1       0x51 Core/Src/main.o
 .debug_macro   0x0000000000001032       0xef Core/Src/main.o
 .debug_macro   0x0000000000001121       0x6a Core/Src/main.o
 .debug_macro   0x000000000000118b      0x1df Core/Src/main.o
 .debug_macro   0x000000000000136a       0x1c Core/Src/main.o
 .debug_macro   0x0000000000001386       0x22 Core/Src/main.o
 .debug_macro   0x00000000000013a8       0xdf Core/Src/main.o
 .debug_macro   0x0000000000001487     0x102d Core/Src/main.o
 .debug_macro   0x00000000000024b4      0x11f Core/Src/main.o
 .debug_macro   0x00000000000025d3    0x15e3c Core/Src/main.o
 .debug_macro   0x000000000001840f       0x43 Core/Src/main.o
 .debug_macro   0x0000000000018452     0x3659 Core/Src/main.o
 .debug_macro   0x000000000001baab      0x17b Core/Src/main.o
 .debug_macro   0x000000000001bc26       0x5a Core/Src/main.o
 .debug_macro   0x000000000001bc80      0x96b Core/Src/main.o
 .debug_macro   0x000000000001c5eb      0x9fe Core/Src/main.o
 .debug_macro   0x000000000001cfe9      0x174 Core/Src/main.o
 .debug_macro   0x000000000001d15d      0x117 Core/Src/main.o
 .debug_macro   0x000000000001d274      0x13e Core/Src/main.o
 .debug_macro   0x000000000001d3b2       0x27 Core/Src/main.o
 .debug_macro   0x000000000001d3d9      0x287 Core/Src/main.o
 .debug_macro   0x000000000001d660       0x5f Core/Src/main.o
 .debug_macro   0x000000000001d6bf      0x236 Core/Src/main.o
 .debug_macro   0x000000000001d8f5      0x12c Core/Src/main.o
 .debug_macro   0x000000000001da21      0x21e Core/Src/main.o
 .debug_macro   0x000000000001dc3f       0x2e Core/Src/main.o
 .debug_macro   0x000000000001dc6d      0x1b5 Core/Src/main.o
 .debug_macro   0x000000000001de22       0xd6 Core/Src/main.o
 .debug_macro   0x000000000001def8      0x11a Core/Src/main.o
 .debug_macro   0x000000000001e012       0x7e Core/Src/main.o
 .debug_macro   0x000000000001e090       0x89 Core/Src/main.o
 .debug_macro   0x000000000001e119      0x8a0 Core/Src/main.o
 .debug_macro   0x000000000001e9b9       0x47 Core/Src/main.o
 .debug_macro   0x000000000001ea00      0x287 Core/Src/main.o
 .debug_macro   0x000000000001ec87      0x12d Core/Src/main.o
 .debug_macro   0x000000000001edb4       0x34 Core/Src/main.o
 .debug_macro   0x000000000001ede8      0x43f Core/Src/mainapp.o
 .debug_macro   0x000000000001f227       0x58 Core/Src/mainapp.o
 .debug_macro   0x000000000001f27f       0x46 Core/Src/mainapp.o
 .debug_macro   0x000000000001f2c5       0x18 Core/Src/mainapp.o
 .debug_macro   0x000000000001f2dd       0x3c Core/Src/mainapp.o
 .debug_macro   0x000000000001f319       0x34 Core/Src/mainapp.o
 .debug_macro   0x000000000001f34d       0x52 Core/Src/mainapp.o
 .debug_macro   0x000000000001f39f       0x1f Core/Src/mainapp.o
 .debug_macro   0x000000000001f3be       0x43 Core/Src/mainapp.o
 .debug_macro   0x000000000001f401       0x20 Core/Src/mainapp.o
 .debug_macro   0x000000000001f421      0x1a3 Core/Src/mainapp.o
 .debug_macro   0x000000000001f5c4      0x34d Core/Src/mainapp.o
 .debug_macro   0x000000000001f911       0x10 Core/Src/mainapp.o
 .debug_macro   0x000000000001f921       0x35 Core/Src/mainapp.o
 .debug_macro   0x000000000001f956       0x20 Core/Src/mainapp.o
 .debug_macro   0x000000000001f976      0x168 Core/Src/mainapp.o
 .debug_macro   0x000000000001fade       0x10 Core/Src/mainapp.o
 .debug_macro   0x000000000001faee      0x3f4 Core/Src/mainapp.o
 .debug_macro   0x000000000001fee2       0x10 Core/Src/mainapp.o
 .debug_macro   0x000000000001fef2       0x16 Core/Src/mainapp.o
 .debug_macro   0x000000000001ff08       0x16 Core/Src/mainapp.o
 .debug_macro   0x000000000001ff1e       0x29 Core/Src/mainapp.o
 .debug_macro   0x000000000001ff47       0x1c Core/Src/mainapp.o
 .debug_macro   0x000000000001ff63       0xde Core/Src/mainapp.o
 .debug_macro   0x0000000000020041       0x18 Core/Src/mainapp.o
 .debug_macro   0x0000000000020059      0x1da Core/Src/mainapp.o
 .debug_macro   0x0000000000020233      0x3cd Core/Src/mainapp.o
 .debug_macro   0x0000000000020600      0x1f7 Core/Src/stm32f4xx_hal_msp.o
 .debug_macro   0x00000000000207f7      0xa5a Core/Src/stm32f4xx_hal_msp.o
 .debug_macro   0x0000000000021251     0x102d Core/Src/stm32f4xx_hal_msp.o
 .debug_macro   0x000000000002227e      0x174 Core/Src/stm32f4xx_hal_msp.o
 .debug_macro   0x00000000000223f2      0x201 Core/Src/stm32f4xx_it.o
 .debug_macro   0x00000000000225f3      0x243 Core/Src/syscalls.o
 .debug_macro   0x0000000000022836       0x40 Core/Src/syscalls.o
 .debug_macro   0x0000000000022876       0x94 Core/Src/syscalls.o
 .debug_macro   0x000000000002290a       0x34 Core/Src/syscalls.o
 .debug_macro   0x000000000002293e       0x57 Core/Src/syscalls.o
 .debug_macro   0x0000000000022995      0x330 Core/Src/syscalls.o
 .debug_macro   0x0000000000022cc5       0x43 Core/Src/syscalls.o
 .debug_macro   0x0000000000022d08       0x10 Core/Src/syscalls.o
 .debug_macro   0x0000000000022d18       0x35 Core/Src/syscalls.o
 .debug_macro   0x0000000000022d4d       0x10 Core/Src/syscalls.o
 .debug_macro   0x0000000000022d5d       0x10 Core/Src/syscalls.o
 .debug_macro   0x0000000000022d6d       0x10 Core/Src/syscalls.o
 .debug_macro   0x0000000000022d7d       0x1c Core/Src/syscalls.o
 .debug_macro   0x0000000000022d99       0x52 Core/Src/syscalls.o
 .debug_macro   0x0000000000022deb       0x40 Core/Src/syscalls.o
 .debug_macro   0x0000000000022e2b       0x10 Core/Src/syscalls.o
 .debug_macro   0x0000000000022e3b       0x40 Core/Src/syscalls.o
 .debug_macro   0x0000000000022e7b       0xd7 Core/Src/syscalls.o
 .debug_macro   0x0000000000022f52       0x1c Core/Src/syscalls.o
 .debug_macro   0x0000000000022f6e       0x3d Core/Src/syscalls.o
 .debug_macro   0x0000000000022fab       0x35 Core/Src/syscalls.o
 .debug_macro   0x0000000000022fe0      0x122 Core/Src/syscalls.o
 .debug_macro   0x0000000000023102       0x10 Core/Src/syscalls.o
 .debug_macro   0x0000000000023112      0x241 Core/Src/syscalls.o
 .debug_macro   0x0000000000023353       0x1c Core/Src/syscalls.o
 .debug_macro   0x000000000002336f       0x10 Core/Src/syscalls.o
 .debug_macro   0x000000000002337f       0x10 Core/Src/syscalls.o
 .debug_macro   0x000000000002338f       0x16 Core/Src/syscalls.o
 .debug_macro   0x00000000000233a5      0x145 Core/Src/syscalls.o
 .debug_macro   0x00000000000234ea      0x189 Core/Src/syscalls.o
 .debug_macro   0x0000000000023673       0x16 Core/Src/syscalls.o
 .debug_macro   0x0000000000023689       0x88 Core/Src/syscalls.o
 .debug_macro   0x0000000000023711      0x1ae Core/Src/sysmem.o
 .debug_macro   0x00000000000238bf      0x23b Core/Src/sysmem.o
 .debug_macro   0x0000000000023afa       0x16 Core/Src/sysmem.o
 .debug_macro   0x0000000000023b10      0x1ee Core/Src/system_stm32f4xx.o
 .debug_macro   0x0000000000023cfe      0x248 Drivers/STM32F4xx_HAL_Driver/Src/stm32f4xx_hal.o
 .debug_macro   0x0000000000023f46      0x1e8 Drivers/STM32F4xx_HAL_Driver/Src/stm32f4xx_hal_cortex.o
 .debug_macro   0x000000000002412e      0x1ee Drivers/STM32F4xx_HAL_Driver/Src/stm32f4xx_hal_dma.o
 .debug_macro   0x000000000002431c      0x21e Drivers/STM32F4xx_HAL_Driver/Src/stm32f4xx_hal_gpio.o
 .debug_macro   0x000000000002453a      0x228 Drivers/STM32F4xx_HAL_Driver/Src/stm32f4xx_hal_i2c.o
 .debug_macro   0x0000000000024762      0x20c Drivers/STM32F4xx_HAL_Driver/Src/stm32f4xx_hal_rcc.o
 .debug_macro   0x000000000002496e      0x1e9 Drivers/STM32F4xx_HAL_Driver/Src/stm32f4xx_hal_uart.o
 .debug_macro   0x0000000000024b57      0x1b4 rosserial/time.o

.debug_line     0x0000000000000000     0xa506
 .debug_line    0x0000000000000000      0x794 Core/Src/main.o
 .debug_line    0x0000000000000794     0x15eb Core/Src/mainapp.o
 .debug_line    0x0000000000001d7f      0x7af Core/Src/stm32f4xx_hal_msp.o
 .debug_line    0x000000000000252e      0x7f0 Core/Src/stm32f4xx_it.o
 .debug_line    0x0000000000002d1e      0x73e Core/Src/syscalls.o
 .debug_line    0x000000000000345c      0x55e Core/Src/sysmem.o
 .debug_line    0x00000000000039ba      0x70d Core/Src/system_stm32f4xx.o
 .debug_line    0x00000000000040c7       0x85 Core/Startup/startup_stm32f407vetx.o
 .debug_line    0x000000000000414c      0x8f7 Drivers/STM32F4xx_HAL_Driver/Src/stm32f4xx_hal.o
 .debug_line    0x0000000000004a43      0xa1b Drivers/STM32F4xx_HAL_Driver/Src/stm32f4xx_hal_cortex.o
 .debug_line    0x000000000000545e      0x9c5 Drivers/STM32F4xx_HAL_Driver/Src/stm32f4xx_hal_dma.o
 .debug_line    0x0000000000005e23      0x8d6 Drivers/STM32F4xx_HAL_Driver/Src/stm32f4xx_hal_gpio.o
 .debug_line    0x00000000000066f9     0x1b31 Drivers/STM32F4xx_HAL_Driver/Src/stm32f4xx_hal_i2c.o
 .debug_line    0x000000000000822a      0x94f Drivers/STM32F4xx_HAL_Driver/Src/stm32f4xx_hal_rcc.o
 .debug_line    0x0000000000008b79     0x1005 Drivers/STM32F4xx_HAL_Driver/Src/stm32f4xx_hal_uart.o
 .debug_line    0x0000000000009b7e      0x988 rosserial/time.o

.debug_str      0x0000000000000000    0xd055d
 .debug_str     0x0000000000000000    0xc47db Core/Src/main.o
                                      0xc4ce6 (size before relaxing)
 .debug_str     0x00000000000c47db     0x74de Core/Src/mainapp.o
                                      0xcb93a (size before relaxing)
 .debug_str     0x00000000000cbcb9      0x292 Core/Src/stm32f4xx_hal_msp.o
                                      0xc4714 (size before relaxing)
 .debug_str     0x00000000000cbf4b      0x121 Core/Src/stm32f4xx_it.o
                                      0xc3c99 (size before relaxing)
 .debug_str     0x00000000000cc06c     0x2350 Core/Src/syscalls.o
                                       0x889d (size before relaxing)
 .debug_str     0x00000000000ce3bc       0x36 Core/Src/sysmem.o
                                       0x7af6 (size before relaxing)
 .debug_str     0x00000000000ce3f2       0xc4 Core/Src/system_stm32f4xx.o
                                      0xc3815 (size before relaxing)
 .debug_str     0x00000000000ce4b6       0x36 Core/Startup/startup_stm32f407vetx.o
                                         0x78 (size before relaxing)
 .debug_str     0x00000000000ce4ec      0x576 Drivers/STM32F4xx_HAL_Driver/Src/stm32f4xx_hal.o
                                      0xc42e2 (size before relaxing)
 .debug_str     0x00000000000cea62      0x386 Drivers/STM32F4xx_HAL_Driver/Src/stm32f4xx_hal_cortex.o
                                      0xc40d1 (size before relaxing)
 .debug_str     0x00000000000cede8      0x31d Drivers/STM32F4xx_HAL_Driver/Src/stm32f4xx_hal_dma.o
                                      0xc3c2a (size before relaxing)
 .debug_str     0x00000000000cf105      0x1fe Drivers/STM32F4xx_HAL_Driver/Src/stm32f4xx_hal_gpio.o
                                      0xc3a54 (size before relaxing)
 .debug_str     0x00000000000cf303      0xa75 Drivers/STM32F4xx_HAL_Driver/Src/stm32f4xx_hal_i2c.o
                                      0xc475e (size before relaxing)
 .debug_str     0x00000000000cfd78      0x24e Drivers/STM32F4xx_HAL_Driver/Src/stm32f4xx_hal_rcc.o
                                      0xc3c02 (size before relaxing)
 .debug_str     0x00000000000cffc6      0x50d Drivers/STM32F4xx_HAL_Driver/Src/stm32f4xx_hal_uart.o
                                      0xc4061 (size before relaxing)
 .debug_str     0x00000000000d04d3       0x8a rosserial/time.o
                                       0x9b94 (size before relaxing)

.comment        0x0000000000000000       0x7b
 .comment       0x0000000000000000       0x7b Core/Src/main.o
                                         0x7c (size before relaxing)
 .comment       0x000000000000007b       0x7c Core/Src/mainapp.o
 .comment       0x000000000000007b       0x7c Core/Src/stm32f4xx_hal_msp.o
 .comment       0x000000000000007b       0x7c Core/Src/stm32f4xx_it.o
 .comment       0x000000000000007b       0x7c Core/Src/syscalls.o
 .comment       0x000000000000007b       0x7c Core/Src/sysmem.o
 .comment       0x000000000000007b       0x7c Core/Src/system_stm32f4xx.o
 .comment       0x000000000000007b       0x7c Drivers/STM32F4xx_HAL_Driver/Src/stm32f4xx_hal.o
 .comment       0x000000000000007b       0x7c Drivers/STM32F4xx_HAL_Driver/Src/stm32f4xx_hal_cortex.o
 .comment       0x000000000000007b       0x7c Drivers/STM32F4xx_HAL_Driver/Src/stm32f4xx_hal_dma.o
 .comment       0x000000000000007b       0x7c Drivers/STM32F4xx_HAL_Driver/Src/stm32f4xx_hal_gpio.o
 .comment       0x000000000000007b       0x7c Drivers/STM32F4xx_HAL_Driver/Src/stm32f4xx_hal_i2c.o
 .comment       0x000000000000007b       0x7c Drivers/STM32F4xx_HAL_Driver/Src/stm32f4xx_hal_rcc.o
 .comment       0x000000000000007b       0x7c Drivers/STM32F4xx_HAL_Driver/Src/stm32f4xx_hal_uart.o
 .comment       0x000000000000007b       0x7c rosserial/time.o

.debug_frame    0x0000000000000000     0x3618
 .debug_frame   0x0000000000000000       0xf0 Core/Src/main.o
 .debug_frame   0x00000000000000f0      0x7b8 Core/Src/mainapp.o
 .debug_frame   0x00000000000008a8      0x13c Core/Src/stm32f4xx_hal_msp.o
 .debug_frame   0x00000000000009e4      0x198 Core/Src/stm32f4xx_it.o
 .debug_frame   0x0000000000000b7c      0x2ac Core/Src/syscalls.o
 .debug_frame   0x0000000000000e28       0x34 Core/Src/sysmem.o
 .debug_frame   0x0000000000000e5c       0x58 Core/Src/system_stm32f4xx.o
 .debug_frame   0x0000000000000eb4      0x374 Drivers/STM32F4xx_HAL_Driver/Src/stm32f4xx_hal.o
 .debug_frame   0x0000000000001228      0x498 Drivers/STM32F4xx_HAL_Driver/Src/stm32f4xx_hal_cortex.o
 .debug_frame   0x00000000000016c0      0x250 Drivers/STM32F4xx_HAL_Driver/Src/stm32f4xx_hal_dma.o
 .debug_frame   0x0000000000001910      0x14c Drivers/STM32F4xx_HAL_Driver/Src/stm32f4xx_hal_gpio.o
 .debug_frame   0x0000000000001a5c      0xc38 Drivers/STM32F4xx_HAL_Driver/Src/stm32f4xx_hal_i2c.o
 .debug_frame   0x0000000000002694      0x1f0 Drivers/STM32F4xx_HAL_Driver/Src/stm32f4xx_hal_rcc.o
 .debug_frame   0x0000000000002884      0x844 Drivers/STM32F4xx_HAL_Driver/Src/stm32f4xx_hal_uart.o
 .debug_frame   0x00000000000030c8       0xa4 rosserial/time.o
 .debug_frame   0x000000000000316c       0x40 c:/st/stm32cubeide_1.3.0/stm32cubeide/plugins/com.st.stm32cube.ide.mcu.externaltools.gnu-tools-for-stm32.7-2018-q2-update.win32_1.0.0.201904181610/tools/bin/../lib/gcc/arm-none-eabi/7.3.1/../../../../arm-none-eabi/lib/thumb/v7e-m/fpv4-sp/hard\libstdc++_nano.a(pure.o)
 .debug_frame   0x00000000000031ac       0xb0 c:/st/stm32cubeide_1.3.0/stm32cubeide/plugins/com.st.stm32cube.ide.mcu.externaltools.gnu-tools-for-stm32.7-2018-q2-update.win32_1.0.0.201904181610/tools/bin/../lib/gcc/arm-none-eabi/7.3.1/../../../../arm-none-eabi/lib/thumb/v7e-m/fpv4-sp/hard\libstdc++_nano.a(eh_terminate.o)
 .debug_frame   0x000000000000325c       0x28 c:/st/stm32cubeide_1.3.0/stm32cubeide/plugins/com.st.stm32cube.ide.mcu.externaltools.gnu-tools-for-stm32.7-2018-q2-update.win32_1.0.0.201904181610/tools/bin/../lib/gcc/arm-none-eabi/7.3.1/../../../../arm-none-eabi/lib/thumb/v7e-m/fpv4-sp/hard\libc_nano.a(lib_a-abort.o)
 .debug_frame   0x0000000000003284       0x20 c:/st/stm32cubeide_1.3.0/stm32cubeide/plugins/com.st.stm32cube.ide.mcu.externaltools.gnu-tools-for-stm32.7-2018-q2-update.win32_1.0.0.201904181610/tools/bin/../lib/gcc/arm-none-eabi/7.3.1/../../../../arm-none-eabi/lib/thumb/v7e-m/fpv4-sp/hard\libc_nano.a(lib_a-errno.o)
 .debug_frame   0x00000000000032a4       0x2c c:/st/stm32cubeide_1.3.0/stm32cubeide/plugins/com.st.stm32cube.ide.mcu.externaltools.gnu-tools-for-stm32.7-2018-q2-update.win32_1.0.0.201904181610/tools/bin/../lib/gcc/arm-none-eabi/7.3.1/../../../../arm-none-eabi/lib/thumb/v7e-m/fpv4-sp/hard\libc_nano.a(lib_a-init.o)
 .debug_frame   0x00000000000032d0       0x28 c:/st/stm32cubeide_1.3.0/stm32cubeide/plugins/com.st.stm32cube.ide.mcu.externaltools.gnu-tools-for-stm32.7-2018-q2-update.win32_1.0.0.201904181610/tools/bin/../lib/gcc/arm-none-eabi/7.3.1/../../../../arm-none-eabi/lib/thumb/v7e-m/fpv4-sp/hard\libc_nano.a(lib_a-memcpy-stub.o)
 .debug_frame   0x00000000000032f8       0x20 c:/st/stm32cubeide_1.3.0/stm32cubeide/plugins/com.st.stm32cube.ide.mcu.externaltools.gnu-tools-for-stm32.7-2018-q2-update.win32_1.0.0.201904181610/tools/bin/../lib/gcc/arm-none-eabi/7.3.1/../../../../arm-none-eabi/lib/thumb/v7e-m/fpv4-sp/hard\libc_nano.a(lib_a-memset.o)
 .debug_frame   0x0000000000003318       0x20 c:/st/stm32cubeide_1.3.0/stm32cubeide/plugins/com.st.stm32cube.ide.mcu.externaltools.gnu-tools-for-stm32.7-2018-q2-update.win32_1.0.0.201904181610/tools/bin/../lib/gcc/arm-none-eabi/7.3.1/../../../../arm-none-eabi/lib/thumb/v7e-m/fpv4-sp/hard\libc_nano.a(lib_a-realloc.o)
 .debug_frame   0x0000000000003338       0xcc c:/st/stm32cubeide_1.3.0/stm32cubeide/plugins/com.st.stm32cube.ide.mcu.externaltools.gnu-tools-for-stm32.7-2018-q2-update.win32_1.0.0.201904181610/tools/bin/../lib/gcc/arm-none-eabi/7.3.1/../../../../arm-none-eabi/lib/thumb/v7e-m/fpv4-sp/hard\libc_nano.a(lib_a-signal.o)
 .debug_frame   0x0000000000003404       0x3c c:/st/stm32cubeide_1.3.0/stm32cubeide/plugins/com.st.stm32cube.ide.mcu.externaltools.gnu-tools-for-stm32.7-2018-q2-update.win32_1.0.0.201904181610/tools/bin/../lib/gcc/arm-none-eabi/7.3.1/../../../../arm-none-eabi/lib/thumb/v7e-m/fpv4-sp/hard\libc_nano.a(lib_a-signalr.o)