Archive member included to satisfy reference by file (symbol)

c:/st/stm32cubeide_1.3.0/stm32cubeide/plugins/com.st.stm32cube.ide.mcu.externaltools.gnu-tools-for-stm32.7-2018-q2-update.win32_1.0.0.201904181610/tools/bin/../lib/gcc/arm-none-eabi/7.3.1/../../../../arm-none-eabi/lib/thumb/v7e-m/fpv4-sp/hard\libstdc++_nano.a(pure.o)
                              Core/Src/main.o (__cxa_pure_virtual)
c:/st/stm32cubeide_1.3.0/stm32cubeide/plugins/com.st.stm32cube.ide.mcu.externaltools.gnu-tools-for-stm32.7-2018-q2-update.win32_1.0.0.201904181610/tools/bin/../lib/gcc/arm-none-eabi/7.3.1/../../../../arm-none-eabi/lib/thumb/v7e-m/fpv4-sp/hard\libstdc++_nano.a(eh_terminate.o)
                              c:/st/stm32cubeide_1.3.0/stm32cubeide/plugins/com.st.stm32cube.ide.mcu.externaltools.gnu-tools-for-stm32.7-2018-q2-update.win32_1.0.0.201904181610/tools/bin/../lib/gcc/arm-none-eabi/7.3.1/../../../../arm-none-eabi/lib/thumb/v7e-m/fpv4-sp/hard\libstdc++_nano.a(pure.o) (std::terminate())
c:/st/stm32cubeide_1.3.0/stm32cubeide/plugins/com.st.stm32cube.ide.mcu.externaltools.gnu-tools-for-stm32.7-2018-q2-update.win32_1.0.0.201904181610/tools/bin/../lib/gcc/arm-none-eabi/7.3.1/../../../../arm-none-eabi/lib/thumb/v7e-m/fpv4-sp/hard\libstdc++_nano.a(eh_unex_handler.o)
                              c:/st/stm32cubeide_1.3.0/stm32cubeide/plugins/com.st.stm32cube.ide.mcu.externaltools.gnu-tools-for-stm32.7-2018-q2-update.win32_1.0.0.201904181610/tools/bin/../lib/gcc/arm-none-eabi/7.3.1/../../../../arm-none-eabi/lib/thumb/v7e-m/fpv4-sp/hard\libstdc++_nano.a(eh_terminate.o) (__cxxabiv1::__unexpected_handler)
c:/st/stm32cubeide_1.3.0/stm32cubeide/plugins/com.st.stm32cube.ide.mcu.externaltools.gnu-tools-for-stm32.7-2018-q2-update.win32_1.0.0.201904181610/tools/bin/../lib/gcc/arm-none-eabi/7.3.1/../../../../arm-none-eabi/lib/thumb/v7e-m/fpv4-sp/hard\libstdc++_nano.a(eh_term_handler.o)
                              c:/st/stm32cubeide_1.3.0/stm32cubeide/plugins/com.st.stm32cube.ide.mcu.externaltools.gnu-tools-for-stm32.7-2018-q2-update.win32_1.0.0.201904181610/tools/bin/../lib/gcc/arm-none-eabi/7.3.1/../../../../arm-none-eabi/lib/thumb/v7e-m/fpv4-sp/hard\libstdc++_nano.a(eh_terminate.o) (__cxxabiv1::__terminate_handler)
c:/st/stm32cubeide_1.3.0/stm32cubeide/plugins/com.st.stm32cube.ide.mcu.externaltools.gnu-tools-for-stm32.7-2018-q2-update.win32_1.0.0.201904181610/tools/bin/../lib/gcc/arm-none-eabi/7.3.1/../../../../arm-none-eabi/lib/thumb/v7e-m/fpv4-sp/hard\libc_nano.a(lib_a-abort.o)
                              c:/st/stm32cubeide_1.3.0/stm32cubeide/plugins/com.st.stm32cube.ide.mcu.externaltools.gnu-tools-for-stm32.7-2018-q2-update.win32_1.0.0.201904181610/tools/bin/../lib/gcc/arm-none-eabi/7.3.1/../../../../arm-none-eabi/lib/thumb/v7e-m/fpv4-sp/hard\libstdc++_nano.a(eh_terminate.o) (abort)
c:/st/stm32cubeide_1.3.0/stm32cubeide/plugins/com.st.stm32cube.ide.mcu.externaltools.gnu-tools-for-stm32.7-2018-q2-update.win32_1.0.0.201904181610/tools/bin/../lib/gcc/arm-none-eabi/7.3.1/../../../../arm-none-eabi/lib/thumb/v7e-m/fpv4-sp/hard\libc_nano.a(lib_a-errno.o)
                              Core/Src/syscalls.o (__errno)
c:/st/stm32cubeide_1.3.0/stm32cubeide/plugins/com.st.stm32cube.ide.mcu.externaltools.gnu-tools-for-stm32.7-2018-q2-update.win32_1.0.0.201904181610/tools/bin/../lib/gcc/arm-none-eabi/7.3.1/../../../../arm-none-eabi/lib/thumb/v7e-m/fpv4-sp/hard\libc_nano.a(lib_a-exit.o)
                              c:/st/stm32cubeide_1.3.0/stm32cubeide/plugins/com.st.stm32cube.ide.mcu.externaltools.gnu-tools-for-stm32.7-2018-q2-update.win32_1.0.0.201904181610/tools/bin/../lib/gcc/arm-none-eabi/7.3.1/../../../../arm-none-eabi/lib/thumb/v7e-m/fpv4-sp/hard/crt0.o (exit)
c:/st/stm32cubeide_1.3.0/stm32cubeide/plugins/com.st.stm32cube.ide.mcu.externaltools.gnu-tools-for-stm32.7-2018-q2-update.win32_1.0.0.201904181610/tools/bin/../lib/gcc/arm-none-eabi/7.3.1/../../../../arm-none-eabi/lib/thumb/v7e-m/fpv4-sp/hard\libc_nano.a(lib_a-impure.o)
                              c:/st/stm32cubeide_1.3.0/stm32cubeide/plugins/com.st.stm32cube.ide.mcu.externaltools.gnu-tools-for-stm32.7-2018-q2-update.win32_1.0.0.201904181610/tools/bin/../lib/gcc/arm-none-eabi/7.3.1/../../../../arm-none-eabi/lib/thumb/v7e-m/fpv4-sp/hard\libc_nano.a(lib_a-exit.o) (_global_impure_ptr)
c:/st/stm32cubeide_1.3.0/stm32cubeide/plugins/com.st.stm32cube.ide.mcu.externaltools.gnu-tools-for-stm32.7-2018-q2-update.win32_1.0.0.201904181610/tools/bin/../lib/gcc/arm-none-eabi/7.3.1/../../../../arm-none-eabi/lib/thumb/v7e-m/fpv4-sp/hard\libc_nano.a(lib_a-init.o)
                              c:/st/stm32cubeide_1.3.0/stm32cubeide/plugins/com.st.stm32cube.ide.mcu.externaltools.gnu-tools-for-stm32.7-2018-q2-update.win32_1.0.0.201904181610/tools/bin/../lib/gcc/arm-none-eabi/7.3.1/../../../../arm-none-eabi/lib/thumb/v7e-m/fpv4-sp/hard/crt0.o (__libc_init_array)
[...]
Memory Configuration

Name             Origin             Length             Attributes
CCMRAM           0x0000000010000000 0x0000000000010000 xrw
RAM              0x0000000020000000 0x0000000000020000 xrw
FLASH            0x0000000008000000 0x0000000000080000 xr
*default*        0x0000000000000000 0xffffffffffffffff

Linker script and memory map

LOAD c:/st/stm32cubeide_1.3.0/stm32cubeide/plugins/com.st.stm32cube.ide.mcu.externaltools.gnu-tools-for-stm32.7-2018-q2-update.win32_1.0.0.201904181610/tools/bin/../lib/gcc/arm-none-eabi/7.3.1/thumb/v7e-m/fpv4-sp/hard/crti.o
LOAD c:/st/stm32cubeide_1.3.0/stm32cubeide/plugins/com.st.stm32cube.ide.mcu.externaltools.gnu-tools-for-stm32.7-2018-q2-update.win32_1.0.0.201904181610/tools/bin/../lib/gcc/arm-none-eabi/7.3.1/thumb/v7e-m/fpv4-sp/hard/crtbegin.o
LOAD c:/st/stm32cubeide_1.3.0/stm32cubeide/plugins/com.st.stm32cube.ide.mcu.externaltools.gnu-tools-for-stm32.7-2018-q2-update.win32_1.0.0.201904181610/tools/bin/../lib/gcc/arm-none-eabi/7.3.1/../../../../arm-none-eabi/lib/thumb/v7e-m/fpv4-sp/hard/crt0.o
LOAD Core/Src/main.o
LOAD Core/Src/mainapp.o
LOAD Core/Src/stm32f4xx_hal_msp.o
LOAD Core/Src/stm32f4xx_it.o
LOAD Core/Src/syscalls.o
LOAD Core/Src/sysmem.o
LOAD Core/Src/system_stm32f4xx.o
LOAD Core/Src/wheel_encoder.o
LOAD Core/Src/wheel_motor.o
LOAD Core/Startup/startup_stm32f407vetx.o
LOAD Drivers/STM32F4xx_HAL_Driver/Src/stm32f4xx_hal.o
LOAD Drivers/STM32F4xx_HAL_Driver/Src/stm32f4xx_hal_cortex.o
LOAD Drivers/STM32F4xx_HAL_Driver/Src/stm32f4xx_hal_dma.o
LOAD Drivers/STM32F4xx_HAL_Driver/Src/stm32f4xx_hal_dma_ex.o
LOAD Drivers/STM32F4xx_HAL_Driver/Src/stm32f4xx_hal_exti.o
LOAD Drivers/STM32F4xx_HAL_Driver/Src/stm32f4xx_hal_flash.o
LOAD Drivers/STM32F4xx_HAL_Driver/Src/stm32f4xx_hal_flash_ex.o
LOAD Drivers/STM32F4xx_HAL_Driver/Src/stm32f4xx_hal_flash_ramfunc.o
LOAD Drivers/STM32F4xx_HAL_Driver/Src/stm32f4xx_hal_gpio.o
LOAD Drivers/STM32F4xx_HAL_Driver/Src/stm32f4xx_hal_i2c.o
LOAD Drivers/STM32F4xx_HAL_Driver/Src/stm32f4xx_hal_i2c_ex.o
LOAD Drivers/STM32F4xx_HAL_Driver/Src/stm32f4xx_hal_pwr.o
LOAD Drivers/STM32F4xx_HAL_Driver/Src/stm32f4xx_hal_pwr_ex.o
LOAD Drivers/STM32F4xx_HAL_Driver/Src/stm32f4xx_hal_rcc.o
LOAD Drivers/STM32F4xx_HAL_Driver/Src/stm32f4xx_hal_rcc_ex.o
LOAD Drivers/STM32F4xx_HAL_Driver/Src/stm32f4xx_hal_tim.o
LOAD Drivers/STM32F4xx_HAL_Driver/Src/stm32f4xx_hal_tim_ex.o
LOAD Drivers/STM32F4xx_HAL_Driver/Src/stm32f4xx_hal_uart.o
LOAD rosserial/duration.o
LOAD rosserial/time.o
START GROUP
LOAD c:/st/stm32cubeide_1.3.0/stm32cubeide/plugins/com.st.stm32cube.ide.mcu.externaltools.gnu-tools-for-stm32.7-2018-q2-update.win32_1.0.0.201904181610/tools/bin/../lib/gcc/arm-none-eabi/7.3.1/../../../../arm-none-eabi/lib/thumb/v7e-m/fpv4-sp/hard\libstdc++_nano.a
LOAD c:/st/stm32cubeide_1.3.0/stm32cubeide/plugins/com.st.stm32cube.ide.mcu.externaltools.gnu-tools-for-stm32.7-2018-q2-update.win32_1.0.0.201904181610/tools/bin/../lib/gcc/arm-none-eabi/7.3.1/../../../../arm-none-eabi/lib/thumb/v7e-m/fpv4-sp/hard\libsupc++_nano.a
END GROUP
LOAD c:/st/stm32cubeide_1.3.0/stm32cubeide/plugins/com.st.stm32cube.ide.mcu.externaltools.gnu-tools-for-stm32.7-2018-q2-update.win32_1.0.0.201904181610/tools/bin/../lib/gcc/arm-none-eabi/7.3.1/../../../../arm-none-eabi/lib/thumb/v7e-m/fpv4-sp/hard\libstdc++_nano.a
LOAD c:/st/stm32cubeide_1.3.0/stm32cubeide/plugins/com.st.stm32cube.ide.mcu.externaltools.gnu-tools-for-stm32.7-2018-q2-update.win32_1.0.0.201904181610/tools/bin/../lib/gcc/arm-none-eabi/7.3.1/../../../../arm-none-eabi/lib/thumb/v7e-m/fpv4-sp/hard\libm.a
LOAD c:/st/stm32cubeide_1.3.0/stm32cubeide/plugins/com.st.stm32cube.ide.mcu.externaltools.gnu-tools-for-stm32.7-2018-q2-update.win32_1.0.0.201904181610/tools/bin/../lib/gcc/arm-none-eabi/7.3.1/../../../../arm-none-eabi/lib/thumb/v7e-m/fpv4-sp/hard\libc_nano.a
START GROUP
LOAD c:/st/stm32cubeide_1.3.0/stm32cubeide/plugins/com.st.stm32cube.ide.mcu.externaltools.gnu-tools-for-stm32.7-2018-q2-update.win32_1.0.0.201904181610/tools/bin/../lib/gcc/arm-none-eabi/7.3.1/thumb/v7e-m/fpv4-sp/hard\libgcc.a
LOAD c:/st/stm32cubeide_1.3.0/stm32cubeide/plugins/com.st.stm32cube.ide.mcu.externaltools.gnu-tools-for-stm32.7-2018-q2-update.win32_1.0.0.201904181610/tools/bin/../lib/gcc/arm-none-eabi/7.3.1/../../../../arm-none-eabi/lib/thumb/v7e-m/fpv4-sp/hard\libc_nano.a
END GROUP
START GROUP
LOAD c:/st/stm32cubeide_1.3.0/stm32cubeide/plugins/com.st.stm32cube.ide.mcu.externaltools.gnu-tools-for-stm32.7-2018-q2-update.win32_1.0.0.201904181610/tools/bin/../lib/gcc/arm-none-eabi/7.3.1/thumb/v7e-m/fpv4-sp/hard\libgcc.a
LOAD c:/st/stm32cubeide_1.3.0/stm32cubeide/plugins/com.st.stm32cube.ide.mcu.externaltools.gnu-tools-for-stm32.7-2018-q2-update.win32_1.0.0.201904181610/tools/bin/../lib/gcc/arm-none-eabi/7.3.1/../../../../arm-none-eabi/lib/thumb/v7e-m/fpv4-sp/hard\libc_nano.a
LOAD c:/st/stm32cubeide_1.3.0/stm32cubeide/plugins/com.st.stm32cube.ide.mcu.externaltools.gnu-tools-for-stm32.7-2018-q2-update.win32_1.0.0.201904181610/tools/bin/../lib/gcc/arm-none-eabi/7.3.1/../../../../arm-none-eabi/lib/thumb/v7e-m/fpv4-sp/hard\libnosys.a
END GROUP
START GROUP
LOAD c:/st/stm32cubeide_1.3.0/stm32cubeide/plugins/com.st.stm32cube.ide.mcu.externaltools.gnu-tools-for-stm32.7-2018-q2-update.win32_1.0.0.201904181610/tools/bin/../lib/gcc/arm-none-eabi/7.3.1/thumb/v7e-m/fpv4-sp/hard\libgcc.a
LOAD c:/st/stm32cubeide_1.3.0/stm32cubeide/plugins/com.st.stm32cube.ide.mcu.externaltools.gnu-tools-for-stm32.7-2018-q2-update.win32_1.0.0.201904181610/tools/bin/../lib/gcc/arm-none-eabi/7.3.1/../../../../arm-none-eabi/lib/thumb/v7e-m/fpv4-sp/hard\libc_nano.a
LOAD c:/st/stm32cubeide_1.3.0/stm32cubeide/plugins/com.st.stm32cube.ide.mcu.externaltools.gnu-tools-for-stm32.7-2018-q2-update.win32_1.0.0.201904181610/tools/bin/../lib/gcc/arm-none-eabi/7.3.1/../../../../arm-none-eabi/lib/thumb/v7e-m/fpv4-sp/hard\libnosys.a
END GROUP
LOAD c:/st/stm32cubeide_1.3.0/stm32cubeide/plugins/com.st.stm32cube.ide.mcu.externaltools.gnu-tools-for-stm32.7-2018-q2-update.win32_1.0.0.201904181610/tools/bin/../lib/gcc/arm-none-eabi/7.3.1/thumb/v7e-m/fpv4-sp/hard/crtend.o
LOAD c:/st/stm32cubeide_1.3.0/stm32cubeide/plugins/com.st.stm32cube.ide.mcu.externaltools.gnu-tools-for-stm32.7-2018-q2-update.win32_1.0.0.201904181610/tools/bin/../lib/gcc/arm-none-eabi/7.3.1/thumb/v7e-m/fpv4-sp/hard/crtn.o
                0x0000000020020000                _estack = (ORIGIN (RAM) + LENGTH (RAM))
                0x0000000000000200                _Min_Heap_Size = 0x200
                0x0000000000000400                _Min_Stack_Size = 0x400

.isr_vector     0x0000000008000000      0x188
                0x0000000008000000                . = ALIGN (0x4)
 *(.isr_vector)
 .isr_vector    0x0000000008000000      0x188 Core/Startup/startup_stm32f407vetx.o
                0x0000000008000000                g_pfnVectors
                0x0000000008000188                . = ALIGN (0x4)

.text           0x0000000008000188     0x7238
                0x0000000008000188                . = ALIGN (0x4)
 *(.text)
 .text          0x0000000008000188       0x40 c:/st/stm32cubeide_1.3.0/stm32cubeide/plugins/com.st.stm32cube.ide.mcu.externaltools.gnu-tools-for-stm32.7-2018-q2-update.win32_1.0.0.201904181610/tools/bin/../lib/gcc/arm-none-eabi/7.3.1/thumb/v7e-m/fpv4-sp/hard/crtbegin.o
 .text          0x00000000080001c8       0x10 c:/st/stm32cubeide_1.3.0/stm32cubeide/plugins/com.st.stm32cube.ide.mcu.externaltools.gnu-tools-for-stm32.7-2018-q2-update.win32_1.0.0.201904181610/tools/bin/../lib/gcc/arm-none-eabi/7.3.1/../../../../arm-none-eabi/lib/thumb/v7e-m/fpv4-sp/hard\libc_nano.a(lib_a-strlen.o)
                0x00000000080001c8                strlen
 .text          0x00000000080001d8       0x30 c:/st/stm32cubeide_1.3.0/stm32cubeide/plugins/com.st.stm32cube.ide.mcu.externaltools.gnu-tools-for-stm32.7-2018-q2-update.win32_1.0.0.201904181610/tools/bin/../lib/gcc/arm-none-eabi/7.3.1/thumb/v7e-m/fpv4-sp/hard\libgcc.a(_aeabi_uldivmod.o)
                0x00000000080001d8                __aeabi_uldivmod
 .text          0x0000000008000208      0x2cc c:/st/stm32cubeide_1.3.0/stm32cubeide/plugins/com.st.stm32cube.ide.mcu.externaltools.gnu-tools-for-stm32.7-2018-q2-update.win32_1.0.0.201904181610/tools/bin/../lib/gcc/arm-none-eabi/7.3.1/thumb/v7e-m/fpv4-sp/hard\libgcc.a(_udivmoddi4.o)
                0x0000000008000208                __udivmoddi4
 .text          0x00000000080004d4        0x4 c:/st/stm32cubeide_1.3.0/stm32cubeide/plugins/com.st.stm32cube.ide.mcu.externaltools.gnu-tools-for-stm32.7-2018-q2-update.win32_1.0.0.201904181610/tools/bin/../lib/gcc/arm-none-eabi/7.3.1/thumb/v7e-m/fpv4-sp/hard\libgcc.a(_dvmd_tls.o)
                0x00000000080004d4                __aeabi_idiv0
                0x00000000080004d4                __aeabi_ldiv0
 *(.text*)
 .text._ZN3ros4TimeC2Ev
                0x00000000080004d8       0x22 Core/Src/main.o
                0x00000000080004d8                ros::Time::Time()
                0x00000000080004d8                ros::Time::Time()
 *fill*         0x00000000080004fa        0x2 
 .text._ZN3ros3MsgC2Ev
                0x00000000080004fc       0x20 Core/Src/main.o
                0x00000000080004fc                ros::Msg::Msg()
                0x00000000080004fc                ros::Msg::Msg()
 .text._ZN8std_msgs4TimeC2Ev
                0x000000000800051c       0x30 Core/Src/main.o
                0x000000000800051c                std_msgs::Time::Time()
                0x000000000800051c                std_msgs::Time::Time()
 .text._ZNK8std_msgs4Time9serializeEPh
                0x000000000800054c       0xb0 Core/Src/main.o
                0x000000000800054c                std_msgs::Time::serialize(unsigned char*) const
 .text._ZN8std_msgs4Time11deserializeEPh
                0x00000000080005fc       0xc8 Core/Src/main.o
                0x00000000080005fc                std_msgs::Time::deserialize(unsigned char*)
 .text._ZN8std_msgs4Time7getTypeEv
                0x00000000080006c4       0x1c Core/Src/main.o
                0x00000000080006c4                std_msgs::Time::getType()
 .text._ZN8std_msgs4Time6getMD5Ev
                0x00000000080006e0       0x1c Core/Src/main.o
                0x00000000080006e0                std_msgs::Time::getMD5()
 .text._ZN14rosserial_msgs9TopicInfoC2Ev
                0x00000000080006fc       0x48 Core/Src/main.o
                0x00000000080006fc                rosserial_msgs::TopicInfo::TopicInfo()
                0x00000000080006fc                rosserial_msgs::TopicInfo::TopicInfo()
 .text._ZNK14rosserial_msgs9TopicInfo9serializeEPh
                0x0000000008000744      0x136 Core/Src/main.o
                0x0000000008000744                rosserial_msgs::TopicInfo::serialize(unsigned char*) const
 .text._ZN14rosserial_msgs9TopicInfo11deserializeEPh
                0x000000000800087a      0x1d0 Core/Src/main.o
                0x000000000800087a                rosserial_msgs::TopicInfo::deserialize(unsigned char*)
 *fill*         0x0000000008000a4a        0x2 
 .text._ZN14rosserial_msgs9TopicInfo7getTypeEv
                0x0000000008000a4c       0x1c Core/Src/main.o
                0x0000000008000a4c                rosserial_msgs::TopicInfo::getType()
 .text._ZN14rosserial_msgs9TopicInfo6getMD5Ev
                0x0000000008000a68       0x1c Core/Src/main.o
                0x0000000008000a68                rosserial_msgs::TopicInfo::getMD5()
 .text._ZN14rosserial_msgs3LogC2Ev
                0x0000000008000a84       0x34 Core/Src/main.o
                0x0000000008000a84                rosserial_msgs::Log::Log()
                0x0000000008000a84                rosserial_msgs::Log::Log()
 .text._ZNK14rosserial_msgs3Log9serializeEPh
                0x0000000008000ab8       0x64 Core/Src/main.o
                0x0000000008000ab8                rosserial_msgs::Log::serialize(unsigned char*) const
 .text._ZN14rosserial_msgs3Log11deserializeEPh
                0x0000000008000b1c       0x90 Core/Src/main.o
                0x0000000008000b1c                rosserial_msgs::Log::deserialize(unsigned char*)
 .text._ZN14rosserial_msgs3Log7getTypeEv
                0x0000000008000bac       0x1c Core/Src/main.o
                0x0000000008000bac                rosserial_msgs::Log::getType()
 .text._ZN14rosserial_msgs3Log6getMD5Ev
                0x0000000008000bc8       0x1c Core/Src/main.o
                0x0000000008000bc8                rosserial_msgs::Log::getMD5()
 .text._ZN14rosserial_msgs20RequestParamResponseC2Ev
                0x0000000008000be4       0x48 Core/Src/main.o
                0x0000000008000be4                rosserial_msgs::RequestParamResponse::RequestParamResponse()
                0x0000000008000be4                rosserial_msgs::RequestParamResponse::RequestParamResponse()
 .text._ZNK14rosserial_msgs20RequestParamResponse9serializeEPh
                0x0000000008000c2c      0x222 Core/Src/main.o
                0x0000000008000c2c                rosserial_msgs::RequestParamResponse::serialize(unsigned char*) const
 .text._ZN14rosserial_msgs20RequestParamResponse11deserializeEPh
                0x0000000008000e4e      0x2e2 Core/Src/main.o
                0x0000000008000e4e                rosserial_msgs::RequestParamResponse::deserialize(unsigned char*)
 .text._ZN14rosserial_msgs20RequestParamResponse7getTypeEv
                0x0000000008001130       0x1c Core/Src/main.o
                0x0000000008001130                rosserial_msgs::RequestParamResponse::getType()
 .text._ZN14rosserial_msgs20RequestParamResponse6getMD5Ev
                0x000000000800114c       0x1c Core/Src/main.o
                0x000000000800114c                rosserial_msgs::RequestParamResponse::getMD5()
 .text._ZN3ros9PublisherC2EPKcPNS_3MsgEi
                0x0000000008001168       0x2e Core/Src/main.o
                0x0000000008001168                ros::Publisher::Publisher(char const*, ros::Msg*, int)
                0x0000000008001168                ros::Publisher::Publisher(char const*, ros::Msg*, int)
 .text._ZN3ros9Publisher15getEndpointTypeEv
                0x0000000008001196       0x18 Core/Src/main.o
                0x0000000008001196                ros::Publisher::getEndpointType()
 .text._ZN13STM32Hardware10getRdmaIndEv
                0x00000000080011ae       0x24 Core/Src/main.o
                0x00000000080011ae                STM32Hardware::getRdmaInd()
 *fill*         0x00000000080011d2        0x2 
 .text._ZN13STM32HardwareC2Ev
                0x00000000080011d4       0x38 Core/Src/main.o
                0x00000000080011d4                STM32Hardware::STM32Hardware()
                0x00000000080011d4                STM32Hardware::STM32Hardware()
 .text._ZN13STM32Hardware4readEv
                0x000000000800120c       0x5a Core/Src/main.o
                0x000000000800120c                STM32Hardware::read()
 *fill*         0x0000000008001266        0x2 
 .text._ZN13STM32Hardware5flushEv
                0x0000000008001268       0xbc Core/Src/main.o
                0x0000000008001268                STM32Hardware::flush()
 .text._ZN13STM32Hardware5writeEPhi
                0x0000000008001324       0x8c Core/Src/main.o
                0x0000000008001324                STM32Hardware::write(unsigned char*, int)
 .text._ZN13STM32Hardware4timeEv
                0x00000000080013b0       0x16 Core/Src/main.o
                0x00000000080013b0                STM32Hardware::time()
 *fill*         0x00000000080013c6        0x2 
 .text._ZN8std_msgs6StringC2Ev
                0x00000000080013c8       0x30 Core/Src/main.o
                0x00000000080013c8                std_msgs::String::String()
                0x00000000080013c8                std_msgs::String::String()
 .text._ZNK8std_msgs6String9serializeEPh
                0x00000000080013f8       0x52 Core/Src/main.o
                0x00000000080013f8                std_msgs::String::serialize(unsigned char*) const
 .text._ZN8std_msgs6String11deserializeEPh
                0x000000000800144a       0x7e Core/Src/main.o
                0x000000000800144a                std_msgs::String::deserialize(unsigned char*)
 .text._ZN8std_msgs6String7getTypeEv
                0x00000000080014c8       0x1c Core/Src/main.o
                0x00000000080014c8                std_msgs::String::getType()
 .text._ZN8std_msgs6String6getMD5Ev
                0x00000000080014e4       0x1c Core/Src/main.o
                0x00000000080014e4                std_msgs::String::getMD5()
 .text._ZN8std_msgs5Int64C2Ev
                0x0000000008001500       0x34 Core/Src/main.o
                0x0000000008001500                std_msgs::Int64::Int64()
                0x0000000008001500                std_msgs::Int64::Int64()
 .text._ZNK8std_msgs5Int649serializeEPh
                0x0000000008001534      0x108 Core/Src/main.o
                0x0000000008001534                std_msgs::Int64::serialize(unsigned char*) const
 .text._ZN8std_msgs5Int6411deserializeEPh
                0x000000000800163c      0x1a4 Core/Src/main.o
                0x000000000800163c                std_msgs::Int64::deserialize(unsigned char*)
 .text._ZN8std_msgs5Int647getTypeEv
                0x00000000080017e0       0x1c Core/Src/main.o
                0x00000000080017e0                std_msgs::Int64::getType()
 .text._ZN8std_msgs5Int646getMD5Ev
                0x00000000080017fc       0x1c Core/Src/main.o
                0x00000000080017fc                std_msgs::Int64::getMD5()
 .text._ZN8std_msgs5Int32C2Ev
                0x0000000008001818       0x2c Core/Src/main.o
                0x0000000008001818                std_msgs::Int32::Int32()
                0x0000000008001818                std_msgs::Int32::Int32()
 .text._ZNK8std_msgs5Int329serializeEPh
                0x0000000008001844       0x64 Core/Src/main.o
                0x0000000008001844                std_msgs::Int32::serialize(unsigned char*) const
 .text._ZN8std_msgs5Int3211deserializeEPh
                0x00000000080018a8       0x70 Core/Src/main.o
                0x00000000080018a8                std_msgs::Int32::deserialize(unsigned char*)
 .text._ZN8std_msgs5Int327getTypeEv
                0x0000000008001918       0x1c Core/Src/main.o
                0x0000000008001918                std_msgs::Int32::getType()
 .text._ZN8std_msgs5Int326getMD5Ev
                0x0000000008001934       0x1c Core/Src/main.o
                0x0000000008001934                std_msgs::Int32::getMD5()
 .text.main     0x0000000008001950       0x26 Core/Src/main.o
                0x0000000008001950                main
 *fill*         0x0000000008001976        0x2 
 .text._Z18SystemClock_Configv
                0x0000000008001978       0xe8 Core/Src/main.o
                0x0000000008001978                SystemClock_Config()
 .text._ZL12MX_I2C1_Initv
                0x0000000008001a60       0x68 Core/Src/main.o
 .text._ZL19MX_USART1_UART_Initv
                0x0000000008001ac8       0x5c Core/Src/main.o
 .text._ZL11MX_DMA_Initv
                0x0000000008001b24       0x50 Core/Src/main.o
 .text._ZL12MX_GPIO_Initv
                0x0000000008001b74       0xbc Core/Src/main.o
 .text.Error_Handler
                0x0000000008001c30        0xe Core/Src/main.o
                0x0000000008001c30                Error_Handler
 .text._ZN3ros3Msg8varToArrIPhmEEvT_T0_
                0x0000000008001c3e       0x3c Core/Src/main.o
                0x0000000008001c3e                void ros::Msg::varToArr<unsigned char*, unsigned long>(unsigned char*, unsigned long)
 .text._ZN3ros3Msg8arrToVarImPhEEvRT_T0_
                0x0000000008001c7a       0x4a Core/Src/main.o
                0x0000000008001c7a                void ros::Msg::arrToVar<unsigned long, unsigned char*>(unsigned long&, unsigned char*)
 .text._ZN3ros15NodeHandleBase_C2Ev
                0x0000000008001cc4       0x20 Core/Src/main.o
                0x0000000008001cc4                ros::NodeHandleBase_::NodeHandleBase_()
                0x0000000008001cc4                ros::NodeHandleBase_::NodeHandleBase_()
 .text._ZN3ros11NodeHandle_I13STM32HardwareLi25ELi25ELi512ELi512EEC2Ev
                0x0000000008001ce4      0x100 Core/Src/main.o
                0x0000000008001ce4                ros::NodeHandle_<STM32Hardware, 25, 25, 512, 512>::NodeHandle_()
                0x0000000008001ce4                ros::NodeHandle_<STM32Hardware, 25, 25, 512, 512>::NodeHandle_()
 .text._Z41__static_initialization_and_destruction_0ii
                0x0000000008001de4       0xc4 Core/Src/main.o
 .text._ZN3ros11NodeHandle_I13STM32HardwareLi25ELi25ELi512ELi512EE7publishEiPKNS_3MsgE
                0x0000000008001ea8      0x124 Core/Src/main.o
                0x0000000008001ea8                ros::NodeHandle_<STM32Hardware, 25, 25, 512, 512>::publish(int, ros::Msg const*)
 .text._ZN3ros11NodeHandle_I13STM32HardwareLi25ELi25ELi512ELi512EE8spinOnceEv
                0x0000000008001fcc      0x3b8 Core/Src/main.o
                0x0000000008001fcc                ros::NodeHandle_<STM32Hardware, 25, 25, 512, 512>::spinOnce()
 .text._ZN3ros11NodeHandle_I13STM32HardwareLi25ELi25ELi512ELi512EE9connectedEv
                0x0000000008002384       0x1a Core/Src/main.o
                0x0000000008002384                ros::NodeHandle_<STM32Hardware, 25, 25, 512, 512>::connected()
 .text._ZN3ros11NodeHandle_I13STM32HardwareLi25ELi25ELi512ELi512EE8logerrorEPKc
                0x000000000800239e       0x1c Core/Src/main.o
                0x000000000800239e                ros::NodeHandle_<STM32Hardware, 25, 25, 512, 512>::logerror(char const*)
 .text._ZN3ros11NodeHandle_I13STM32HardwareLi25ELi25ELi512ELi512EE15requestSyncTimeEv
                0x00000000080023ba       0x3c Core/Src/main.o
                0x00000000080023ba                ros::NodeHandle_<STM32Hardware, 25, 25, 512, 512>::requestSyncTime()
 .text._ZN3ros11NodeHandle_I13STM32HardwareLi25ELi25ELi512ELi512EE15negotiateTopicsEv
                0x00000000080023f6      0x1be Core/Src/main.o
                0x00000000080023f6                ros::NodeHandle_<STM32Hardware, 25, 25, 512, 512>::negotiateTopics()
 .text._ZN3ros11NodeHandle_I13STM32HardwareLi25ELi25ELi512ELi512EE8syncTimeEPh
                0x00000000080025b4       0x98 Core/Src/main.o
                0x00000000080025b4                ros::NodeHandle_<STM32Hardware, 25, 25, 512, 512>::syncTime(unsigned char*)
 .text._ZN3ros11NodeHandle_I13STM32HardwareLi25ELi25ELi512ELi512EE3logEcPKc
                0x000000000800264c       0x38 Core/Src/main.o
                0x000000000800264c                ros::NodeHandle_<STM32Hardware, 25, 25, 512, 512>::log(char, char const*)
 .text._ZN3ros11NodeHandle_I13STM32HardwareLi25ELi25ELi512ELi512EE6setNowERNS_4TimeE
                0x0000000008002684       0x80 Core/Src/main.o
                0x0000000008002684                ros::NodeHandle_<STM32Hardware, 25, 25, 512, 512>::setNow(ros::Time&)
 .text._GLOBAL__sub_I_hi2c1
                0x0000000008002704       0x10 Core/Src/main.o
 .text._ZN3ros9Publisher7publishEPKNS_3MsgE
                0x0000000008002714       0x28 Core/Src/mainapp.o
                0x0000000008002714                ros::Publisher::publish(ros::Msg const*)
 .text._ZN13STM32Hardware4initEv
                0x000000000800273c       0x16 Core/Src/mainapp.o
                0x000000000800273c                STM32Hardware::init()
 .text._ZN13STM32Hardware10reset_rbufEv
                0x0000000008002752       0x22 Core/Src/mainapp.o
                0x0000000008002752                STM32Hardware::reset_rbuf()
 .text._ZN8std_msgs7Float32C2Ev
                0x0000000008002774       0x2c Core/Src/mainapp.o
                0x0000000008002774                std_msgs::Float32::Float32()
                0x0000000008002774                std_msgs::Float32::Float32()
 .text._ZNK8std_msgs7Float329serializeEPh
                0x00000000080027a0       0x64 Core/Src/mainapp.o
                0x00000000080027a0                std_msgs::Float32::serialize(unsigned char*) const
 .text._ZN8std_msgs7Float3211deserializeEPh
                0x0000000008002804       0x70 Core/Src/mainapp.o
                0x0000000008002804                std_msgs::Float32::deserialize(unsigned char*)
 .text._ZN8std_msgs7Float327getTypeEv
                0x0000000008002874       0x1c Core/Src/mainapp.o
                0x0000000008002874                std_msgs::Float32::getType()
 .text._ZN8std_msgs7Float326getMD5Ev
                0x0000000008002890       0x1c Core/Src/mainapp.o
                0x0000000008002890                std_msgs::Float32::getMD5()
 .text.HAL_UART_TxCpltCallback
                0x00000000080028ac       0x24 Core/Src/mainapp.o
                0x00000000080028ac                HAL_UART_TxCpltCallback
 .text.HAL_UART_RxCpltCallback
                0x00000000080028d0       0x24 Core/Src/mainapp.o
                0x00000000080028d0                HAL_UART_RxCpltCallback
 .text._Z16lwheel_vtargetCBRKN8std_msgs7Float32E
                0x00000000080028f4       0x20 Core/Src/mainapp.o
                0x00000000080028f4                lwheel_vtargetCB(std_msgs::Float32 const&)
 .text._Z16rwheel_vtargetCBRKN8std_msgs7Float32E
                0x0000000008002914       0x20 Core/Src/mainapp.o
                0x0000000008002914                rwheel_vtargetCB(std_msgs::Float32 const&)
 .text._Z5setupv
                0x0000000008002934       0x60 Core/Src/mainapp.o
                0x0000000008002934                setup()
 .text._Z4loopv
                0x0000000008002994       0x80 Core/Src/mainapp.o
                0x0000000008002994                loop()
 .text._ZN3ros11NodeHandle_I13STM32HardwareLi25ELi25ELi512ELi512EE11getHardwareEv
                0x0000000008002a14       0x18 Core/Src/mainapp.o
                0x0000000008002a14                ros::NodeHandle_<STM32Hardware, 25, 25, 512, 512>::getHardware()
 .text._ZN3ros11Subscriber_C2Ev
                0x0000000008002a2c       0x20 Core/Src/mainapp.o
                0x0000000008002a2c                ros::Subscriber_::Subscriber_()
                0x0000000008002a2c                ros::Subscriber_::Subscriber_()
 .text._ZN3ros10SubscriberIN8std_msgs7Float32EvEC2EPKcPFvRKS2_Ei
                0x0000000008002a4c       0x48 Core/Src/mainapp.o
                0x0000000008002a4c                ros::Subscriber<std_msgs::Float32, void>::Subscriber(char const*, void (*)(std_msgs::Float32 const&), int)
                0x0000000008002a4c                ros::Subscriber<std_msgs::Float32, void>::Subscriber(char const*, void (*)(std_msgs::Float32 const&), int)
 .text._ZN3ros11NodeHandle_I13STM32HardwareLi25ELi25ELi512ELi512EE8initNodeEv
                0x0000000008002a94       0x3a Core/Src/mainapp.o
                0x0000000008002a94                ros::NodeHandle_<STM32Hardware, 25, 25, 512, 512>::initNode()
 .text._ZN3ros11NodeHandle_I13STM32HardwareLi25ELi25ELi512ELi512EE9advertiseERNS_9PublisherE
                0x0000000008002ace       0x60 Core/Src/mainapp.o
                0x0000000008002ace                ros::NodeHandle_<STM32Hardware, 25, 25, 512, 512>::advertise(ros::Publisher&)
 .text._ZN3ros11NodeHandle_I13STM32HardwareLi25ELi25ELi512ELi512EE9subscribeINS_10SubscriberIN8std_msgs7Float32EvEEEEbRT_
                0x0000000008002b2e       0x56 Core/Src/mainapp.o
                0x0000000008002b2e                bool ros::NodeHandle_<STM32Hardware, 25, 25, 512, 512>::subscribe<ros::Subscriber<std_msgs::Float32, void> >(ros::Subscriber<std_msgs::Float32, void>&)
 .text._Z41__static_initialization_and_destruction_0ii
                0x0000000008002b84       0xf4 Core/Src/mainapp.o
 .text._ZN3ros10SubscriberIN8std_msgs7Float32EvE8callbackEPh
                0x0000000008002c78       0x2a Core/Src/mainapp.o
                0x0000000008002c78                ros::Subscriber<std_msgs::Float32, void>::callback(unsigned char*)
 .text._ZN3ros10SubscriberIN8std_msgs7Float32EvE15getEndpointTypeEv
                0x0000000008002ca2       0x18 Core/Src/mainapp.o
                0x0000000008002ca2                ros::Subscriber<std_msgs::Float32, void>::getEndpointType()
 .text._ZN3ros10SubscriberIN8std_msgs7Float32EvE10getMsgTypeEv
                0x0000000008002cba       0x1c Core/Src/mainapp.o
                0x0000000008002cba                ros::Subscriber<std_msgs::Float32, void>::getMsgType()
 .text._ZN3ros10SubscriberIN8std_msgs7Float32EvE9getMsgMD5Ev
                0x0000000008002cd6       0x1c Core/Src/mainapp.o
                0x0000000008002cd6                ros::Subscriber<std_msgs::Float32, void>::getMsgMD5()
 .text._GLOBAL__sub_I_htim4
                0x0000000008002cf2       0x10 Core/Src/mainapp.o
 *fill*         0x0000000008002d02        0x2 
 .text.HAL_MspInit
                0x0000000008002d04       0x50 Core/Src/stm32f4xx_hal_msp.o
                0x0000000008002d04                HAL_MspInit
 .text.HAL_I2C_MspInit
                0x0000000008002d54       0x90 Core/Src/stm32f4xx_hal_msp.o
                0x0000000008002d54                HAL_I2C_MspInit
 .text.HAL_TIM_Base_MspInit
                0x0000000008002de4       0x44 Core/Src/stm32f4xx_hal_msp.o
                0x0000000008002de4                HAL_TIM_Base_MspInit
 .text.HAL_TIM_Encoder_MspInit
                0x0000000008002e28       0xfc Core/Src/stm32f4xx_hal_msp.o
                0x0000000008002e28                HAL_TIM_Encoder_MspInit
 .text.HAL_TIM_MspPostInit
                0x0000000008002f24       0x74 Core/Src/stm32f4xx_hal_msp.o
                0x0000000008002f24                HAL_TIM_MspPostInit
 .text.HAL_UART_MspInit
                0x0000000008002f98      0x16c Core/Src/stm32f4xx_hal_msp.o
                0x0000000008002f98                HAL_UART_MspInit
 .text.NMI_Handler
                0x0000000008003104        0xe Core/Src/stm32f4xx_it.o
                0x0000000008003104                NMI_Handler
 .text.HardFault_Handler
                0x0000000008003112        0x6 Core/Src/stm32f4xx_it.o
                0x0000000008003112                HardFault_Handler
 .text.MemManage_Handler
                0x0000000008003118        0x6 Core/Src/stm32f4xx_it.o
                0x0000000008003118                MemManage_Handler
 .text.BusFault_Handler
                0x000000000800311e        0x6 Core/Src/stm32f4xx_it.o
                0x000000000800311e                BusFault_Handler
 .text.UsageFault_Handler
                0x0000000008003124        0x6 Core/Src/stm32f4xx_it.o
                0x0000000008003124                UsageFault_Handler
 .text.SVC_Handler
                0x000000000800312a        0xe Core/Src/stm32f4xx_it.o
                0x000000000800312a                SVC_Handler
 .text.DebugMon_Handler
                0x0000000008003138        0xe Core/Src/stm32f4xx_it.o
                0x0000000008003138                DebugMon_Handler
 .text.PendSV_Handler
                0x0000000008003146        0xe Core/Src/stm32f4xx_it.o
                0x0000000008003146                PendSV_Handler
 .text.SysTick_Handler
                0x0000000008003154        0xc Core/Src/stm32f4xx_it.o
                0x0000000008003154                SysTick_Handler
 .text.EXTI0_IRQHandler
                0x0000000008003160        0xe Core/Src/stm32f4xx_it.o
                0x0000000008003160                EXTI0_IRQHandler
 .text.EXTI1_IRQHandler
                0x000000000800316e        0xe Core/Src/stm32f4xx_it.o
                0x000000000800316e                EXTI1_IRQHandler
 .text.EXTI2_IRQHandler
                0x000000000800317c        0xe Core/Src/stm32f4xx_it.o
                0x000000000800317c                EXTI2_IRQHandler
 .text.EXTI3_IRQHandler
                0x000000000800318a        0xe Core/Src/stm32f4xx_it.o
                0x000000000800318a                EXTI3_IRQHandler
 .text.USART1_IRQHandler
                0x0000000008003198       0x14 Core/Src/stm32f4xx_it.o
                0x0000000008003198                USART1_IRQHandler
 .text.DMA2_Stream2_IRQHandler
                0x00000000080031ac       0x14 Core/Src/stm32f4xx_it.o
                0x00000000080031ac                DMA2_Stream2_IRQHandler
 .text.DMA2_Stream7_IRQHandler
                0x00000000080031c0       0x14 Core/Src/stm32f4xx_it.o
                0x00000000080031c0                DMA2_Stream7_IRQHandler
 .text.HAL_GPIO_EXTI_Callback
                0x00000000080031d4       0x80 Core/Src/stm32f4xx_it.o
                0x00000000080031d4                HAL_GPIO_EXTI_Callback
 .text._getpid  0x0000000008003254       0x10 Core/Src/syscalls.o
                0x0000000008003254                _getpid
 .text._kill    0x0000000008003264       0x20 Core/Src/syscalls.o
                0x0000000008003264                _kill
 .text._exit    0x0000000008003284       0x14 Core/Src/syscalls.o
                0x0000000008003284                _exit
 .text._sbrk    0x0000000008003298       0x58 Core/Src/sysmem.o
                0x0000000008003298                _sbrk
 .text.SystemInit
                0x00000000080032f0       0x2c Core/Src/system_stm32f4xx.o
                0x00000000080032f0                SystemInit
 .text._Z11encoderInitv
                0x000000000800331c      0x200 Core/Src/wheel_encoder.o
                0x000000000800331c                encoderInit()
 .text._Z41__static_initialization_and_destruction_0ii
                0x000000000800351c       0xc4 Core/Src/wheel_encoder.o
 .text._GLOBAL__sub_I_left_encoder_count
                0x00000000080035e0       0x10 Core/Src/wheel_encoder.o
 .text._Z12wheelDirInitv
                0x00000000080035f0       0x64 Core/Src/wheel_motor.o
                0x00000000080035f0                wheelDirInit()
 .text._Z12wheelPWMInitv
                0x0000000008003654      0x110 Core/Src/wheel_motor.o
                0x0000000008003654                wheelPWMInit()
 .text._Z8moveStopv
                0x0000000008003764       0x44 Core/Src/wheel_motor.o
                0x0000000008003764                moveStop()
 .text._Z11moveForwordv
                0x00000000080037a8       0x48 Core/Src/wheel_motor.o
                0x00000000080037a8                moveForword()
 .text._Z8moveLeftv
                0x00000000080037f0       0x48 Core/Src/wheel_motor.o
                0x00000000080037f0                moveLeft()
 .text._Z9moveRightv
                0x0000000008003838       0x48 Core/Src/wheel_motor.o
                0x0000000008003838                moveRight()
 .text._Z13moveLeftWheelv
                0x0000000008003880       0x94 Core/Src/wheel_motor.o
                0x0000000008003880                moveLeftWheel()
 .text._Z14moveRightWheelv
                0x0000000008003914        0xe Core/Src/wheel_motor.o
                0x0000000008003914                moveRightWheel()
 *fill*         0x0000000008003922        0x2 
 .text._Z41__static_initialization_and_destruction_0ii
                0x0000000008003924       0xc4 Core/Src/wheel_motor.o
 .text._GLOBAL__sub_I_wheel_prev
                0x00000000080039e8       0x10 Core/Src/wheel_motor.o
 .text.Reset_Handler
                0x00000000080039f8       0x50 Core/Startup/startup_stm32f407vetx.o
                0x00000000080039f8                Reset_Handler
 .text.Default_Handler
                0x0000000008003a48        0x2 Core/Startup/startup_stm32f407vetx.o
                0x0000000008003a48                RTC_Alarm_IRQHandler
                0x0000000008003a48                HASH_RNG_IRQHandler
                0x0000000008003a48                TIM8_CC_IRQHandler
                0x0000000008003a48                TIM1_CC_IRQHandler
                0x0000000008003a48                DMA2_Stream5_IRQHandler
                0x0000000008003a48                DMA1_Stream5_IRQHandler
                0x0000000008003a48                PVD_IRQHandler
                0x0000000008003a48                SDIO_IRQHandler
                0x0000000008003a48                TAMP_STAMP_IRQHandler
                0x0000000008003a48                CAN2_RX1_IRQHandler
                0x0000000008003a48                TIM8_TRG_COM_TIM14_IRQHandler
                0x0000000008003a48                TIM1_UP_TIM10_IRQHandler
                0x0000000008003a48                TIM8_UP_TIM13_IRQHandler
                0x0000000008003a48                I2C3_ER_IRQHandler
                0x0000000008003a48                I2C2_EV_IRQHandler
                0x0000000008003a48                DMA1_Stream2_IRQHandler
                0x0000000008003a48                CAN1_RX0_IRQHandler
                0x0000000008003a48                FPU_IRQHandler
                0x0000000008003a48                OTG_HS_WKUP_IRQHandler
                0x0000000008003a48                CAN2_SCE_IRQHandler
                0x0000000008003a48                SPI1_IRQHandler
                0x0000000008003a48                TIM6_DAC_IRQHandler
                0x0000000008003a48                TIM1_BRK_TIM9_IRQHandler
                0x0000000008003a48                DCMI_IRQHandler
                0x0000000008003a48                CAN2_RX0_IRQHandler
                0x0000000008003a48                DMA2_Stream3_IRQHandler
                0x0000000008003a48                USART6_IRQHandler
                0x0000000008003a48                USART3_IRQHandler
                0x0000000008003a48                CAN1_RX1_IRQHandler
                0x0000000008003a48                UART5_IRQHandler
                0x0000000008003a48                DMA2_Stream0_IRQHandler
                0x0000000008003a48                TIM4_IRQHandler
                0x0000000008003a48                I2C1_EV_IRQHandler
                0x0000000008003a48                DMA1_Stream6_IRQHandler
                0x0000000008003a48                DMA1_Stream1_IRQHandler
                0x0000000008003a48                UART4_IRQHandler
                0x0000000008003a48                TIM3_IRQHandler
                0x0000000008003a48                RCC_IRQHandler
                0x0000000008003a48                TIM8_BRK_TIM12_IRQHandler
                0x0000000008003a48                Default_Handler
                0x0000000008003a48                EXTI15_10_IRQHandler
                0x0000000008003a48                ADC_IRQHandler
                0x0000000008003a48                DMA1_Stream7_IRQHandler
                0x0000000008003a48                TIM7_IRQHandler
                0x0000000008003a48                CAN2_TX_IRQHandler
                0x0000000008003a48                TIM5_IRQHandler
                0x0000000008003a48                I2C3_EV_IRQHandler
                0x0000000008003a48                EXTI9_5_IRQHandler
                0x0000000008003a48                RTC_WKUP_IRQHandler
                0x0000000008003a48                ETH_WKUP_IRQHandler
                0x0000000008003a48                SPI2_IRQHandler
                0x0000000008003a48                OTG_HS_EP1_IN_IRQHandler
                0x0000000008003a48                DMA1_Stream0_IRQHandler
                0x0000000008003a48                CAN1_TX_IRQHandler
                0x0000000008003a48                EXTI4_IRQHandler
                0x0000000008003a48                FSMC_IRQHandler
                0x0000000008003a48                ETH_IRQHandler
                0x0000000008003a48                OTG_HS_EP1_OUT_IRQHandler
                0x0000000008003a48                WWDG_IRQHandler
                0x0000000008003a48                TIM2_IRQHandler
                0x0000000008003a48                OTG_FS_WKUP_IRQHandler
                0x0000000008003a48                TIM1_TRG_COM_TIM11_IRQHandler
                0x0000000008003a48                OTG_HS_IRQHandler
                0x0000000008003a48                USART2_IRQHandler
                0x0000000008003a48                I2C2_ER_IRQHandler
                0x0000000008003a48                DMA2_Stream1_IRQHandler
                0x0000000008003a48                CAN1_SCE_IRQHandler
                0x0000000008003a48                FLASH_IRQHandler
                0x0000000008003a48                DMA2_Stream4_IRQHandler
                0x0000000008003a48                OTG_FS_IRQHandler
                0x0000000008003a48                SPI3_IRQHandler
                0x0000000008003a48                DMA1_Stream4_IRQHandler
                0x0000000008003a48                I2C1_ER_IRQHandler
                0x0000000008003a48                DMA2_Stream6_IRQHandler
                0x0000000008003a48                DMA1_Stream3_IRQHandler
 *fill*         0x0000000008003a4a        0x2 
 .text.HAL_Init
                0x0000000008003a4c       0x44 Drivers/STM32F4xx_HAL_Driver/Src/stm32f4xx_hal.o
                0x0000000008003a4c                HAL_Init
 .text.HAL_InitTick
                0x0000000008003a90       0x60 Drivers/STM32F4xx_HAL_Driver/Src/stm32f4xx_hal.o
                0x0000000008003a90                HAL_InitTick
 .text.HAL_IncTick
                0x0000000008003af0       0x28 Drivers/STM32F4xx_HAL_Driver/Src/stm32f4xx_hal.o
                0x0000000008003af0                HAL_IncTick
 .text.HAL_GetTick
                0x0000000008003b18       0x18 Drivers/STM32F4xx_HAL_Driver/Src/stm32f4xx_hal.o
                0x0000000008003b18                HAL_GetTick
 .text.HAL_Delay
                0x0000000008003b30       0x44 Drivers/STM32F4xx_HAL_Driver/Src/stm32f4xx_hal.o
                0x0000000008003b30                HAL_Delay
 .text.__NVIC_SetPriorityGrouping
                0x0000000008003b74       0x48 Drivers/STM32F4xx_HAL_Driver/Src/stm32f4xx_hal_cortex.o
 .text.__NVIC_GetPriorityGrouping
                0x0000000008003bbc       0x1c Drivers/STM32F4xx_HAL_Driver/Src/stm32f4xx_hal_cortex.o
 .text.__NVIC_EnableIRQ
                0x0000000008003bd8       0x3c Drivers/STM32F4xx_HAL_Driver/Src/stm32f4xx_hal_cortex.o
 .text.__NVIC_SetPriority
                0x0000000008003c14       0x54 Drivers/STM32F4xx_HAL_Driver/Src/stm32f4xx_hal_cortex.o
 .text.NVIC_EncodePriority
                0x0000000008003c68       0x66 Drivers/STM32F4xx_HAL_Driver/Src/stm32f4xx_hal_cortex.o
 *fill*         0x0000000008003cce        0x2 
 .text.SysTick_Config
                0x0000000008003cd0       0x44 Drivers/STM32F4xx_HAL_Driver/Src/stm32f4xx_hal_cortex.o
 .text.HAL_NVIC_SetPriorityGrouping
                0x0000000008003d14       0x16 Drivers/STM32F4xx_HAL_Driver/Src/stm32f4xx_hal_cortex.o
                0x0000000008003d14                HAL_NVIC_SetPriorityGrouping
 .text.HAL_NVIC_SetPriority
                0x0000000008003d2a       0x38 Drivers/STM32F4xx_HAL_Driver/Src/stm32f4xx_hal_cortex.o
                0x0000000008003d2a                HAL_NVIC_SetPriority
 .text.HAL_NVIC_EnableIRQ
                0x0000000008003d62       0x1c Drivers/STM32F4xx_HAL_Driver/Src/stm32f4xx_hal_cortex.o
                0x0000000008003d62                HAL_NVIC_EnableIRQ
 .text.HAL_SYSTICK_Config
                0x0000000008003d7e       0x18 Drivers/STM32F4xx_HAL_Driver/Src/stm32f4xx_hal_cortex.o
                0x0000000008003d7e                HAL_SYSTICK_Config
 *fill*         0x0000000008003d96        0x2 
 .text.HAL_DMA_Init
                0x0000000008003d98      0x15c Drivers/STM32F4xx_HAL_Driver/Src/stm32f4xx_hal_dma.o
                0x0000000008003d98                HAL_DMA_Init
 .text.HAL_DMA_Start_IT
                0x0000000008003ef4       0xb0 Drivers/STM32F4xx_HAL_Driver/Src/stm32f4xx_hal_dma.o
                0x0000000008003ef4                HAL_DMA_Start_IT
 .text.HAL_DMA_Abort_IT
                0x0000000008003fa4       0x44 Drivers/STM32F4xx_HAL_Driver/Src/stm32f4xx_hal_dma.o
                0x0000000008003fa4                HAL_DMA_Abort_IT
 .text.HAL_DMA_IRQHandler
                0x0000000008003fe8      0x314 Drivers/STM32F4xx_HAL_Driver/Src/stm32f4xx_hal_dma.o
                0x0000000008003fe8                HAL_DMA_IRQHandler
 .text.DMA_SetConfig
                0x00000000080042fc       0x5c Drivers/STM32F4xx_HAL_Driver/Src/stm32f4xx_hal_dma.o
 .text.DMA_CalcBaseAndBitshift
                0x0000000008004358       0x6c Drivers/STM32F4xx_HAL_Driver/Src/stm32f4xx_hal_dma.o
 .text.DMA_CheckFifoParam
                0x00000000080043c4       0xf4 Drivers/STM32F4xx_HAL_Driver/Src/stm32f4xx_hal_dma.o
 .text.HAL_GPIO_Init
                0x00000000080044b8      0x334 Drivers/STM32F4xx_HAL_Driver/Src/stm32f4xx_hal_gpio.o
                0x00000000080044b8                HAL_GPIO_Init
 .text.HAL_GPIO_ReadPin
                0x00000000080047ec       0x30 Drivers/STM32F4xx_HAL_Driver/Src/stm32f4xx_hal_gpio.o
                0x00000000080047ec                HAL_GPIO_ReadPin
 .text.HAL_GPIO_WritePin
                0x000000000800481c       0x32 Drivers/STM32F4xx_HAL_Driver/Src/stm32f4xx_hal_gpio.o
                0x000000000800481c                HAL_GPIO_WritePin
 *fill*         0x000000000800484e        0x2 
 .text.HAL_GPIO_EXTI_IRQHandler
                0x0000000008004850       0x30 Drivers/STM32F4xx_HAL_Driver/Src/stm32f4xx_hal_gpio.o
                0x0000000008004850                HAL_GPIO_EXTI_IRQHandler
 .text.HAL_I2C_Init
                0x0000000008004880      0x270 Drivers/STM32F4xx_HAL_Driver/Src/stm32f4xx_hal_i2c.o
                0x0000000008004880                HAL_I2C_Init
 .text.HAL_RCC_OscConfig
                0x0000000008004af0      0x4e0 Drivers/STM32F4xx_HAL_Driver/Src/stm32f4xx_hal_rcc.o
                0x0000000008004af0                HAL_RCC_OscConfig
 .text.HAL_RCC_ClockConfig
                0x0000000008004fd0      0x1cc Drivers/STM32F4xx_HAL_Driver/Src/stm32f4xx_hal_rcc.o
                0x0000000008004fd0                HAL_RCC_ClockConfig
 .text.HAL_RCC_GetSysClockFreq
                0x000000000800519c      0x1b0 Drivers/STM32F4xx_HAL_Driver/Src/stm32f4xx_hal_rcc.o
                0x000000000800519c                HAL_RCC_GetSysClockFreq
 .text.HAL_RCC_GetHCLKFreq
                0x000000000800534c       0x18 Drivers/STM32F4xx_HAL_Driver/Src/stm32f4xx_hal_rcc.o
                0x000000000800534c                HAL_RCC_GetHCLKFreq
 .text.HAL_RCC_GetPCLK1Freq
                0x0000000008005364       0x28 Drivers/STM32F4xx_HAL_Driver/Src/stm32f4xx_hal_rcc.o
                0x0000000008005364                HAL_RCC_GetPCLK1Freq
 .text.HAL_RCC_GetPCLK2Freq
                0x000000000800538c       0x28 Drivers/STM32F4xx_HAL_Driver/Src/stm32f4xx_hal_rcc.o
                0x000000000800538c                HAL_RCC_GetPCLK2Freq
 .text.HAL_TIM_Base_Init
                0x00000000080053b4       0x56 Drivers/STM32F4xx_HAL_Driver/Src/stm32f4xx_hal_tim.o
                0x00000000080053b4                HAL_TIM_Base_Init
 .text.HAL_TIM_PWM_Init
                0x000000000800540a       0x56 Drivers/STM32F4xx_HAL_Driver/Src/stm32f4xx_hal_tim.o
                0x000000000800540a                HAL_TIM_PWM_Init
 .text.HAL_TIM_PWM_MspInit
                0x0000000008005460       0x14 Drivers/STM32F4xx_HAL_Driver/Src/stm32f4xx_hal_tim.o
                0x0000000008005460                HAL_TIM_PWM_MspInit
 .text.HAL_TIM_PWM_Start
                0x0000000008005474       0x7c Drivers/STM32F4xx_HAL_Driver/Src/stm32f4xx_hal_tim.o
                0x0000000008005474                HAL_TIM_PWM_Start
 .text.HAL_TIM_Encoder_Init
                0x00000000080054f0      0x124 Drivers/STM32F4xx_HAL_Driver/Src/stm32f4xx_hal_tim.o
                0x00000000080054f0                HAL_TIM_Encoder_Init
 .text.HAL_TIM_Encoder_Start
                0x0000000008005614       0x6e Drivers/STM32F4xx_HAL_Driver/Src/stm32f4xx_hal_tim.o
                0x0000000008005614                HAL_TIM_Encoder_Start
 *fill*         0x0000000008005682        0x2 
 .text.HAL_TIM_PWM_ConfigChannel
                0x0000000008005684      0x18c Drivers/STM32F4xx_HAL_Driver/Src/stm32f4xx_hal_tim.o
                0x0000000008005684                HAL_TIM_PWM_ConfigChannel
 .text.HAL_TIM_ConfigClockSource
                0x0000000008005810      0x16e Drivers/STM32F4xx_HAL_Driver/Src/stm32f4xx_hal_tim.o
                0x0000000008005810                HAL_TIM_ConfigClockSource
 *fill*         0x000000000800597e        0x2 
 .text.TIM_Base_SetConfig
                0x0000000008005980      0x140 Drivers/STM32F4xx_HAL_Driver/Src/stm32f4xx_hal_tim.o
                0x0000000008005980                TIM_Base_SetConfig
 .text.TIM_OC1_SetConfig
                0x0000000008005ac0       0xe0 Drivers/STM32F4xx_HAL_Driver/Src/stm32f4xx_hal_tim.o
 .text.TIM_OC2_SetConfig
                0x0000000008005ba0       0xec Drivers/STM32F4xx_HAL_Driver/Src/stm32f4xx_hal_tim.o
                0x0000000008005ba0                TIM_OC2_SetConfig
 .text.TIM_OC3_SetConfig
                0x0000000008005c8c       0xe8 Drivers/STM32F4xx_HAL_Driver/Src/stm32f4xx_hal_tim.o
 .text.TIM_OC4_SetConfig
                0x0000000008005d74       0xac Drivers/STM32F4xx_HAL_Driver/Src/stm32f4xx_hal_tim.o
 .text.TIM_TI1_ConfigInputStage
                0x0000000008005e20       0x5e Drivers/STM32F4xx_HAL_Driver/Src/stm32f4xx_hal_tim.o
 .text.TIM_TI2_ConfigInputStage
                0x0000000008005e7e       0x60 Drivers/STM32F4xx_HAL_Driver/Src/stm32f4xx_hal_tim.o
 .text.TIM_ITRx_SetConfig
                0x0000000008005ede       0x36 Drivers/STM32F4xx_HAL_Driver/Src/stm32f4xx_hal_tim.o
 .text.TIM_ETR_SetConfig
                0x0000000008005f14       0x40 Drivers/STM32F4xx_HAL_Driver/Src/stm32f4xx_hal_tim.o
                0x0000000008005f14                TIM_ETR_SetConfig
 .text.TIM_CCxChannelCmd
                0x0000000008005f54       0x4a Drivers/STM32F4xx_HAL_Driver/Src/stm32f4xx_hal_tim.o
                0x0000000008005f54                TIM_CCxChannelCmd
 *fill*         0x0000000008005f9e        0x2 
 .text.HAL_TIMEx_MasterConfigSynchronization
                0x0000000008005fa0       0xf8 Drivers/STM32F4xx_HAL_Driver/Src/stm32f4xx_hal_tim_ex.o
                0x0000000008005fa0                HAL_TIMEx_MasterConfigSynchronization
 .text.HAL_UART_Init
                0x0000000008006098       0x9a Drivers/STM32F4xx_HAL_Driver/Src/stm32f4xx_hal_uart.o
                0x0000000008006098                HAL_UART_Init
 *fill*         0x0000000008006132        0x2 
 .text.HAL_UART_Transmit_DMA
                0x0000000008006134       0xd8 Drivers/STM32F4xx_HAL_Driver/Src/stm32f4xx_hal_uart.o
                0x0000000008006134                HAL_UART_Transmit_DMA
 .text.HAL_UART_Receive_DMA
                0x000000000800620c      0x100 Drivers/STM32F4xx_HAL_Driver/Src/stm32f4xx_hal_uart.o
                0x000000000800620c                HAL_UART_Receive_DMA
 .text.HAL_UART_IRQHandler
                0x000000000800630c      0x200 Drivers/STM32F4xx_HAL_Driver/Src/stm32f4xx_hal_uart.o
                0x000000000800630c                HAL_UART_IRQHandler
 .text.HAL_UART_TxHalfCpltCallback
                0x000000000800650c       0x14 Drivers/STM32F4xx_HAL_Driver/Src/stm32f4xx_hal_uart.o
                0x000000000800650c                HAL_UART_TxHalfCpltCallback
 .text.HAL_UART_RxHalfCpltCallback
                0x0000000008006520       0x14 Drivers/STM32F4xx_HAL_Driver/Src/stm32f4xx_hal_uart.o
                0x0000000008006520                HAL_UART_RxHalfCpltCallback
 .text.HAL_UART_ErrorCallback
                0x0000000008006534       0x14 Drivers/STM32F4xx_HAL_Driver/Src/stm32f4xx_hal_uart.o
                0x0000000008006534                HAL_UART_ErrorCallback
 .text.UART_DMATransmitCplt
                0x0000000008006548       0x52 Drivers/STM32F4xx_HAL_Driver/Src/stm32f4xx_hal_uart.o
 .text.UART_DMATxHalfCplt
                0x000000000800659a       0x1c Drivers/STM32F4xx_HAL_Driver/Src/stm32f4xx_hal_uart.o
 .text.UART_DMAReceiveCplt
                0x00000000080065b6       0x68 Drivers/STM32F4xx_HAL_Driver/Src/stm32f4xx_hal_uart.o
 .text.UART_DMARxHalfCplt
                0x000000000800661e       0x1c Drivers/STM32F4xx_HAL_Driver/Src/stm32f4xx_hal_uart.o
 .text.UART_DMAError
                0x000000000800663a       0x94 Drivers/STM32F4xx_HAL_Driver/Src/stm32f4xx_hal_uart.o
 .text.UART_EndTxTransfer
                0x00000000080066ce       0x2c Drivers/STM32F4xx_HAL_Driver/Src/stm32f4xx_hal_uart.o
 .text.UART_EndRxTransfer
                0x00000000080066fa       0x3c Drivers/STM32F4xx_HAL_Driver/Src/stm32f4xx_hal_uart.o
 .text.UART_DMAAbortOnError
                0x0000000008006736       0x28 Drivers/STM32F4xx_HAL_Driver/Src/stm32f4xx_hal_uart.o
 .text.UART_Transmit_IT
                0x000000000800675e       0xac Drivers/STM32F4xx_HAL_Driver/Src/stm32f4xx_hal_uart.o
 .text.UART_EndTransmit_IT
                0x000000000800680a       0x30 Drivers/STM32F4xx_HAL_Driver/Src/stm32f4xx_hal_uart.o
 .text.UART_Receive_IT
                0x000000000800683a      0x102 Drivers/STM32F4xx_HAL_Driver/Src/stm32f4xx_hal_uart.o
 .text.UART_SetConfig
                0x000000000800693c      0x6f8 Drivers/STM32F4xx_HAL_Driver/Src/stm32f4xx_hal_uart.o
 .text._ZN3ros16normalizeSecNSecERmS0_
                0x0000000008007034       0x58 rosserial/time.o
                0x0000000008007034                ros::normalizeSecNSec(unsigned long&, unsigned long&)
 .text.__cxa_pure_virtual
                0x000000000800708c        0x6 c:/st/stm32cubeide_1.3.0/stm32cubeide/plugins/com.st.stm32cube.ide.mcu.externaltools.gnu-tools-for-stm32.7-2018-q2-update.win32_1.0.0.201904181610/tools/bin/../lib/gcc/arm-none-eabi/7.3.1/../../../../arm-none-eabi/lib/thumb/v7e-m/fpv4-sp/hard\libstdc++_nano.a(pure.o)
                0x000000000800708c                __cxa_pure_virtual
 .text._ZN10__cxxabiv111__terminateEPFvvE
                0x0000000008007092        0x8 c:/st/stm32cubeide_1.3.0/stm32cubeide/plugins/com.st.stm32cube.ide.mcu.externaltools.gnu-tools-for-stm32.7-2018-q2-update.win32_1.0.0.201904181610/tools/bin/../lib/gcc/arm-none-eabi/7.3.1/../../../../arm-none-eabi/lib/thumb/v7e-m/fpv4-sp/hard\libstdc++_nano.a(eh_terminate.o)
                0x0000000008007092                __cxxabiv1::__terminate(void (*)())
 *fill*         0x000000000800709a        0x2 
 .text._ZSt13get_terminatev
                0x000000000800709c       0x10 c:/st/stm32cubeide_1.3.0/stm32cubeide/plugins/com.st.stm32cube.ide.mcu.externaltools.gnu-tools-for-stm32.7-2018-q2-update.win32_1.0.0.201904181610/tools/bin/../lib/gcc/arm-none-eabi/7.3.1/../../../../arm-none-eabi/lib/thumb/v7e-m/fpv4-sp/hard\libstdc++_nano.a(eh_terminate.o)
                0x000000000800709c                std::get_terminate()
 .text._ZSt9terminatev
                0x00000000080070ac        0xa c:/st/stm32cubeide_1.3.0/stm32cubeide/plugins/com.st.stm32cube.ide.mcu.externaltools.gnu-tools-for-stm32.7-2018-q2-update.win32_1.0.0.201904181610/tools/bin/../lib/gcc/arm-none-eabi/7.3.1/../../../../arm-none-eabi/lib/thumb/v7e-m/fpv4-sp/hard\libstdc++_nano.a(eh_terminate.o)
                0x00000000080070ac                std::terminate()
 .text.abort    0x00000000080070b6        0xe c:/st/stm32cubeide_1.3.0/stm32cubeide/plugins/com.st.stm32cube.ide.mcu.externaltools.gnu-tools-for-stm32.7-2018-q2-update.win32_1.0.0.201904181610/tools/bin/../lib/gcc/arm-none-eabi/7.3.1/../../../../arm-none-eabi/lib/thumb/v7e-m/fpv4-sp/hard\libc_nano.a(lib_a-abort.o)
                0x00000000080070b6                abort
 .text.__errno  0x00000000080070c4        0xc c:/st/stm32cubeide_1.3.0/stm32cubeide/plugins/com.st.stm32cube.ide.mcu.externaltools.gnu-tools-for-stm32.7-2018-q2-update.win32_1.0.0.201904181610/tools/bin/../lib/gcc/arm-none-eabi/7.3.1/../../../../arm-none-eabi/lib/thumb/v7e-m/fpv4-sp/hard\libc_nano.a(lib_a-errno.o)
                0x00000000080070c4                __errno
 .text.__libc_init_array
                0x00000000080070d0       0x48 c:/st/stm32cubeide_1.3.0/stm32cubeide/plugins/com.st.stm32cube.ide.mcu.externaltools.gnu-tools-for-stm32.7-2018-q2-update.win32_1.0.0.201904181610/tools/bin/../lib/gcc/arm-none-eabi/7.3.1/../../../../arm-none-eabi/lib/thumb/v7e-m/fpv4-sp/hard\libc_nano.a(lib_a-init.o)
                0x00000000080070d0                __libc_init_array
 .text.memcpy   0x0000000008007118       0x16 c:/st/stm32cubeide_1.3.0/stm32cubeide/plugins/com.st.stm32cube.ide.mcu.externaltools.gnu-tools-for-stm32.7-2018-q2-update.win32_1.0.0.201904181610/tools/bin/../lib/gcc/arm-none-eabi/7.3.1/../../../../arm-none-eabi/lib/thumb/v7e-m/fpv4-sp/hard\libc_nano.a(lib_a-memcpy-stub.o)
                0x0000000008007118                memcpy
 .text.memset   0x000000000800712e       0x10 c:/st/stm32cubeide_1.3.0/stm32cubeide/plugins/com.st.stm32cube.ide.mcu.externaltools.gnu-tools-for-stm32.7-2018-q2-update.win32_1.0.0.201904181610/tools/bin/../lib/gcc/arm-none-eabi/7.3.1/../../../../arm-none-eabi/lib/thumb/v7e-m/fpv4-sp/hard\libc_nano.a(lib_a-memset.o)
                0x000000000800712e                memset
 *fill*         0x000000000800713e        0x2 
 .text.realloc  0x0000000008007140       0x10 c:/st/stm32cubeide_1.3.0/stm32cubeide/plugins/com.st.stm32cube.ide.mcu.externaltools.gnu-tools-for-stm32.7-2018-q2-update.win32_1.0.0.201904181610/tools/bin/../lib/gcc/arm-none-eabi/7.3.1/../../../../arm-none-eabi/lib/thumb/v7e-m/fpv4-sp/hard\libc_nano.a(lib_a-realloc.o)
                0x0000000008007140                realloc
 .text._raise_r
                0x0000000008007150       0x50 c:/st/stm32cubeide_1.3.0/stm32cubeide/plugins/com.st.stm32cube.ide.mcu.externaltools.gnu-tools-for-stm32.7-2018-q2-update.win32_1.0.0.201904181610/tools/bin/../lib/gcc/arm-none-eabi/7.3.1/../../../../arm-none-eabi/lib/thumb/v7e-m/fpv4-sp/hard\libc_nano.a(lib_a-signal.o)
                0x0000000008007150                _raise_r
 .text.raise    0x00000000080071a0       0x10 c:/st/stm32cubeide_1.3.0/stm32cubeide/plugins/com.st.stm32cube.ide.mcu.externaltools.gnu-tools-for-stm32.7-2018-q2-update.win32_1.0.0.201904181610/tools/bin/../lib/gcc/arm-none-eabi/7.3.1/../../../../arm-none-eabi/lib/thumb/v7e-m/fpv4-sp/hard\libc_nano.a(lib_a-signal.o)
                0x00000000080071a0                raise
 .text._kill_r  0x00000000080071b0       0x24 c:/st/stm32cubeide_1.3.0/stm32cubeide/plugins/com.st.stm32cube.ide.mcu.externaltools.gnu-tools-for-stm32.7-2018-q2-update.win32_1.0.0.201904181610/tools/bin/../lib/gcc/arm-none-eabi/7.3.1/../../../../arm-none-eabi/lib/thumb/v7e-m/fpv4-sp/hard\libc_nano.a(lib_a-signalr.o)
                0x00000000080071b0                _kill_r
 .text._getpid_r
                0x00000000080071d4        0x4 c:/st/stm32cubeide_1.3.0/stm32cubeide/plugins/com.st.stm32cube.ide.mcu.externaltools.gnu-tools-for-stm32.7-2018-q2-update.win32_1.0.0.201904181610/tools/bin/../lib/gcc/arm-none-eabi/7.3.1/../../../../arm-none-eabi/lib/thumb/v7e-m/fpv4-sp/hard\libc_nano.a(lib_a-signalr.o)
                0x00000000080071d4                _getpid_r
 .text._malloc_r
                0x00000000080071d8       0xb4 c:/st/stm32cubeide_1.3.0/stm32cubeide/plugins/com.st.stm32cube.ide.mcu.externaltools.gnu-tools-for-stm32.7-2018-q2-update.win32_1.0.0.201904181610/tools/bin/../lib/gcc/arm-none-eabi/7.3.1/../../../../arm-none-eabi/lib/thumb/v7e-m/fpv4-sp/hard\libc_nano.a(lib_a-nano-mallocr.o)
                0x00000000080071d8                _malloc_r
 .text._realloc_r
                0x000000000800728c       0x4c c:/st/stm32cubeide_1.3.0/stm32cubeide/plugins/com.st.stm32cube.ide.mcu.externaltools.gnu-tools-for-stm32.7-2018-q2-update.win32_1.0.0.201904181610/tools/bin/../lib/gcc/arm-none-eabi/7.3.1/../../../../arm-none-eabi/lib/thumb/v7e-m/fpv4-sp/hard\libc_nano.a(lib_a-nano-reallocr.o)
                0x000000000800728c                _realloc_r
 .text._sbrk_r  0x00000000080072d8       0x20 c:/st/stm32cubeide_1.3.0/stm32cubeide/plugins/com.st.stm32cube.ide.mcu.externaltools.gnu-tools-for-stm32.7-2018-q2-update.win32_1.0.0.201904181610/tools/bin/../lib/gcc/arm-none-eabi/7.3.1/../../../../arm-none-eabi/lib/thumb/v7e-m/fpv4-sp/hard\libc_nano.a(lib_a-sbrkr.o)
                0x00000000080072d8                _sbrk_r
 .text.__malloc_lock
                0x00000000080072f8        0x2 c:/st/stm32cubeide_1.3.0/stm32cubeide/plugins/com.st.stm32cube.ide.mcu.externaltools.gnu-tools-for-stm32.7-2018-q2-update.win32_1.0.0.201904181610/tools/bin/../lib/gcc/arm-none-eabi/7.3.1/../../../../arm-none-eabi/lib/thumb/v7e-m/fpv4-sp/hard\libc_nano.a(lib_a-mlock.o)
                0x00000000080072f8                __malloc_lock
 .text.__malloc_unlock
                0x00000000080072fa        0x2 c:/st/stm32cubeide_1.3.0/stm32cubeide/plugins/com.st.stm32cube.ide.mcu.externaltools.gnu-tools-for-stm32.7-2018-q2-update.win32_1.0.0.201904181610/tools/bin/../lib/gcc/arm-none-eabi/7.3.1/../../../../arm-none-eabi/lib/thumb/v7e-m/fpv4-sp/hard\libc_nano.a(lib_a-mlock.o)
                0x00000000080072fa                __malloc_unlock
 .text._free_r  0x00000000080072fc       0x9c c:/st/stm32cubeide_1.3.0/stm32cubeide/plugins/com.st.stm32cube.ide.mcu.externaltools.gnu-tools-for-stm32.7-2018-q2-update.win32_1.0.0.201904181610/tools/bin/../lib/gcc/arm-none-eabi/7.3.1/../../../../arm-none-eabi/lib/thumb/v7e-m/fpv4-sp/hard\libc_nano.a(lib_a-nano-freer.o)
                0x00000000080072fc                _free_r
 .text._malloc_usable_size_r
                0x0000000008007398       0x10 c:/st/stm32cubeide_1.3.0/stm32cubeide/plugins/com.st.stm32cube.ide.mcu.externaltools.gnu-tools-for-stm32.7-2018-q2-update.win32_1.0.0.201904181610/tools/bin/../lib/gcc/arm-none-eabi/7.3.1/../../../../arm-none-eabi/lib/thumb/v7e-m/fpv4-sp/hard\libc_nano.a(lib_a-nano-msizer.o)
                0x0000000008007398                _malloc_usable_size_r
 *(.glue_7)
 .glue_7        0x00000000080073a8        0x0 linker stubs
 *(.glue_7t)
 .glue_7t       0x00000000080073a8        0x0 linker stubs
 *(.eh_frame)
 .eh_frame      0x00000000080073a8        0x0 c:/st/stm32cubeide_1.3.0/stm32cubeide/plugins/com.st.stm32cube.ide.mcu.externaltools.gnu-tools-for-stm32.7-2018-q2-update.win32_1.0.0.201904181610/tools/bin/../lib/gcc/arm-none-eabi/7.3.1/thumb/v7e-m/fpv4-sp/hard/crtbegin.o
 *(.init)
 .init          0x00000000080073a8        0x4 c:/st/stm32cubeide_1.3.0/stm32cubeide/plugins/com.st.stm32cube.ide.mcu.externaltools.gnu-tools-for-stm32.7-2018-q2-update.win32_1.0.0.201904181610/tools/bin/../lib/gcc/arm-none-eabi/7.3.1/thumb/v7e-m/fpv4-sp/hard/crti.o
                0x00000000080073a8                _init
 .init          0x00000000080073ac        0x8 c:/st/stm32cubeide_1.3.0/stm32cubeide/plugins/com.st.stm32cube.ide.mcu.externaltools.gnu-tools-for-stm32.7-2018-q2-update.win32_1.0.0.201904181610/tools/bin/../lib/gcc/arm-none-eabi/7.3.1/thumb/v7e-m/fpv4-sp/hard/crtn.o
 *(.fini)
 .fini          0x00000000080073b4        0x4 c:/st/stm32cubeide_1.3.0/stm32cubeide/plugins/com.st.stm32cube.ide.mcu.externaltools.gnu-tools-for-stm32.7-2018-q2-update.win32_1.0.0.201904181610/tools/bin/../lib/gcc/arm-none-eabi/7.3.1/thumb/v7e-m/fpv4-sp/hard/crti.o
                0x00000000080073b4                _fini
 .fini          0x00000000080073b8        0x8 c:/st/stm32cubeide_1.3.0/stm32cubeide/plugins/com.st.stm32cube.ide.mcu.externaltools.gnu-tools-for-stm32.7-2018-q2-update.win32_1.0.0.201904181610/tools/bin/../lib/gcc/arm-none-eabi/7.3.1/thumb/v7e-m/fpv4-sp/hard/crtn.o
                0x00000000080073c0                . = ALIGN (0x4)
                0x00000000080073c0                _etext = .

.vfp11_veneer   0x00000000080073c0        0x0
 .vfp11_veneer  0x00000000080073c0        0x0 linker stubs

.v4_bx          0x00000000080073c0        0x0
 .v4_bx         0x00000000080073c0        0x0 linker stubs

.iplt           0x00000000080073c0        0x0
 .iplt          0x00000000080073c0        0x0 c:/st/stm32cubeide_1.3.0/stm32cubeide/plugins/com.st.stm32cube.ide.mcu.externaltools.gnu-tools-for-stm32.7-2018-q2-update.win32_1.0.0.201904181610/tools/bin/../lib/gcc/arm-none-eabi/7.3.1/thumb/v7e-m/fpv4-sp/hard/crtbegin.o

.rodata         0x00000000080073c0      0x974
                0x00000000080073c0                . = ALIGN (0x4)
 *(.rodata)
 .rodata        0x00000000080073c0      0x1e9 Core/Src/main.o
 *fill*         0x00000000080075a9        0x3 
 .rodata        0x00000000080075ac      0x244 Core/Src/mainapp.o
 .rodata        0x00000000080077f0      0x1e9 Core/Src/wheel_encoder.o
 *fill*         0x00000000080079d9        0x3 
 .rodata        0x00000000080079dc      0x1e9 Core/Src/wheel_motor.o
 *(.rodata*)
 *fill*         0x0000000008007bc5        0x3 
 .rodata._ZN14rosserial_msgsL12REQUESTPARAME
                0x0000000008007bc8       0x1c Core/Src/main.o
 .rodata._ZTVN3ros11NodeHandle_I13STM32HardwareLi25ELi25ELi512ELi512EEE
                0x0000000008007be4       0x14 Core/Src/main.o
                0x0000000008007be4                vtable for ros::NodeHandle_<STM32Hardware, 25, 25, 512, 512>
 .rodata._ZTVN8std_msgs5Int32E
                0x0000000008007bf8       0x18 Core/Src/main.o
                0x0000000008007bf8                vtable for std_msgs::Int32
 .rodata._ZTVN8std_msgs5Int64E
                0x0000000008007c10       0x18 Core/Src/main.o
                0x0000000008007c10                vtable for std_msgs::Int64
 .rodata._ZTVN8std_msgs6StringE
                0x0000000008007c28       0x18 Core/Src/main.o
                0x0000000008007c28                vtable for std_msgs::String
 .rodata._ZTVN3ros15NodeHandleBase_E
                0x0000000008007c40       0x14 Core/Src/main.o
                0x0000000008007c40                vtable for ros::NodeHandleBase_
 .rodata._ZTVN14rosserial_msgs20RequestParamResponseE
                0x0000000008007c54       0x18 Core/Src/main.o
                0x0000000008007c54                vtable for rosserial_msgs::RequestParamResponse
 .rodata._ZTVN14rosserial_msgs3LogE
                0x0000000008007c6c       0x18 Core/Src/main.o
                0x0000000008007c6c                vtable for rosserial_msgs::Log
 .rodata._ZTVN14rosserial_msgs9TopicInfoE
                0x0000000008007c84       0x18 Core/Src/main.o
                0x0000000008007c84                vtable for rosserial_msgs::TopicInfo
 .rodata._ZTVN8std_msgs4TimeE
                0x0000000008007c9c       0x18 Core/Src/main.o
                0x0000000008007c9c                vtable for std_msgs::Time
 .rodata._ZTVN3ros3MsgE
                0x0000000008007cb4       0x18 Core/Src/main.o
                0x0000000008007cb4                vtable for ros::Msg
 .rodata._ZTVN3ros10SubscriberIN8std_msgs7Float32EvEE
                0x0000000008007ccc       0x18 Core/Src/mainapp.o
                0x0000000008007ccc                vtable for ros::Subscriber<std_msgs::Float32, void>
 .rodata._ZTVN8std_msgs7Float32E
                0x0000000008007ce4       0x18 Core/Src/mainapp.o
                0x0000000008007ce4                vtable for std_msgs::Float32
 .rodata._ZTVN3ros11Subscriber_E
                0x0000000008007cfc       0x18 Core/Src/mainapp.o
                0x0000000008007cfc                vtable for ros::Subscriber_
 .rodata.AHBPrescTable
                0x0000000008007d14       0x10 Core/Src/system_stm32f4xx.o
                0x0000000008007d14                AHBPrescTable
 .rodata.APBPrescTable
                0x0000000008007d24        0x8 Core/Src/system_stm32f4xx.o
                0x0000000008007d24                APBPrescTable
 .rodata.flagBitshiftOffset.8365
                0x0000000008007d2c        0x8 Drivers/STM32F4xx_HAL_Driver/Src/stm32f4xx_hal_dma.o
                0x0000000008007d34                . = ALIGN (0x4)

.ARM.extab      0x0000000008007d34        0x0
                0x0000000008007d34                . = ALIGN (0x4)
 *(.ARM.extab* .gnu.linkonce.armextab.*)
                0x0000000008007d34                . = ALIGN (0x4)

.ARM            0x0000000008007d34        0x8
                0x0000000008007d34                . = ALIGN (0x4)
                0x0000000008007d34                __exidx_start = .
 *(.ARM.exidx*)
 .ARM.exidx     0x0000000008007d34        0x8 c:/st/stm32cubeide_1.3.0/stm32cubeide/plugins/com.st.stm32cube.ide.mcu.externaltools.gnu-tools-for-stm32.7-2018-q2-update.win32_1.0.0.201904181610/tools/bin/../lib/gcc/arm-none-eabi/7.3.1/thumb/v7e-m/fpv4-sp/hard\libgcc.a(_udivmoddi4.o)
                0x0000000008007d3c                __exidx_end = .
                0x0000000008007d3c                . = ALIGN (0x4)

.rel.dyn        0x0000000008007d3c        0x0
 .rel.iplt      0x0000000008007d3c        0x0 c:/st/stm32cubeide_1.3.0/stm32cubeide/plugins/com.st.stm32cube.ide.mcu.externaltools.gnu-tools-for-stm32.7-2018-q2-update.win32_1.0.0.201904181610/tools/bin/../lib/gcc/arm-none-eabi/7.3.1/thumb/v7e-m/fpv4-sp/hard/crtbegin.o

.preinit_array  0x0000000008007d3c        0x0
                0x0000000008007d3c                . = ALIGN (0x4)
                0x0000000008007d3c                PROVIDE (__preinit_array_start = .)
 *(.preinit_array*)
                0x0000000008007d3c                PROVIDE (__preinit_array_end = .)
                0x0000000008007d3c                . = ALIGN (0x4)

.init_array     0x0000000008007d3c       0x14
                0x0000000008007d3c                . = ALIGN (0x4)
                0x0000000008007d3c                PROVIDE (__init_array_start = .)
 *(SORT_BY_NAME(.init_array.*))
 *(.init_array*)
 .init_array    0x0000000008007d3c        0x4 c:/st/stm32cubeide_1.3.0/stm32cubeide/plugins/com.st.stm32cube.ide.mcu.externaltools.gnu-tools-for-stm32.7-2018-q2-update.win32_1.0.0.201904181610/tools/bin/../lib/gcc/arm-none-eabi/7.3.1/thumb/v7e-m/fpv4-sp/hard/crtbegin.o
 .init_array    0x0000000008007d40        0x4 Core/Src/main.o
 .init_array    0x0000000008007d44        0x4 Core/Src/mainapp.o
 .init_array    0x0000000008007d48        0x4 Core/Src/wheel_encoder.o
 .init_array    0x0000000008007d4c        0x4 Core/Src/wheel_motor.o
                0x0000000008007d50                PROVIDE (__init_array_end = .)
                0x0000000008007d50                . = ALIGN (0x4)

.fini_array     0x0000000008007d50        0x4
                0x0000000008007d50                . = ALIGN (0x4)
                [!provide]                        PROVIDE (__fini_array_start = .)
 *(SORT_BY_NAME(.fini_array.*))
 *(.fini_array*)
 .fini_array    0x0000000008007d50        0x4 c:/st/stm32cubeide_1.3.0/stm32cubeide/plugins/com.st.stm32cube.ide.mcu.externaltools.gnu-tools-for-stm32.7-2018-q2-update.win32_1.0.0.201904181610/tools/bin/../lib/gcc/arm-none-eabi/7.3.1/thumb/v7e-m/fpv4-sp/hard/crtbegin.o
                [!provide]                        PROVIDE (__fini_array_end = .)
                0x0000000008007d54                . = ALIGN (0x4)
                0x0000000008007d54                _sidata = LOADADDR (.data)

.data           0x0000000020000000       0x74 load address 0x0000000008007d54
                0x0000000020000000                . = ALIGN (0x4)
                0x0000000020000000                _sdata = .
 *(.data)
 *(.data*)
 .data.SystemCoreClock
                0x0000000020000000        0x4 Core/Src/system_stm32f4xx.o
                0x0000000020000000                SystemCoreClock
 .data.uwTickPrio
                0x0000000020000004        0x4 Drivers/STM32F4xx_HAL_Driver/Src/stm32f4xx_hal.o
                0x0000000020000004                uwTickPrio
 .data.uwTickFreq
                0x0000000020000008        0x1 Drivers/STM32F4xx_HAL_Driver/Src/stm32f4xx_hal.o
                0x0000000020000008                uwTickFreq
 *fill*         0x0000000020000009        0x3 
 .data._ZN10__cxxabiv119__terminate_handlerE
                0x000000002000000c        0x4 c:/st/stm32cubeide_1.3.0/stm32cubeide/plugins/com.st.stm32cube.ide.mcu.externaltools.gnu-tools-for-stm32.7-2018-q2-update.win32_1.0.0.201904181610/tools/bin/../lib/gcc/arm-none-eabi/7.3.1/../../../../arm-none-eabi/lib/thumb/v7e-m/fpv4-sp/hard\libstdc++_nano.a(eh_term_handler.o)
                0x000000002000000c                __cxxabiv1::__terminate_handler
 .data._impure_ptr
                0x0000000020000010        0x4 c:/st/stm32cubeide_1.3.0/stm32cubeide/plugins/com.st.stm32cube.ide.mcu.externaltools.gnu-tools-for-stm32.7-2018-q2-update.win32_1.0.0.201904181610/tools/bin/../lib/gcc/arm-none-eabi/7.3.1/../../../../arm-none-eabi/lib/thumb/v7e-m/fpv4-sp/hard\libc_nano.a(lib_a-impure.o)
                0x0000000020000010                _impure_ptr
 .data.impure_data
                0x0000000020000014       0x60 c:/st/stm32cubeide_1.3.0/stm32cubeide/plugins/com.st.stm32cube.ide.mcu.externaltools.gnu-tools-for-stm32.7-2018-q2-update.win32_1.0.0.201904181610/tools/bin/../lib/gcc/arm-none-eabi/7.3.1/../../../../arm-none-eabi/lib/thumb/v7e-m/fpv4-sp/hard\libc_nano.a(lib_a-impure.o)
                0x0000000020000074                . = ALIGN (0x4)
                0x0000000020000074                _edata = .

.igot.plt       0x0000000020000074        0x0 load address 0x0000000008007dc8
 .igot.plt      0x0000000020000074        0x0 c:/st/stm32cubeide_1.3.0/stm32cubeide/plugins/com.st.stm32cube.ide.mcu.externaltools.gnu-tools-for-stm32.7-2018-q2-update.win32_1.0.0.201904181610/tools/bin/../lib/gcc/arm-none-eabi/7.3.1/thumb/v7e-m/fpv4-sp/hard/crtbegin.o
                0x0000000020000074                . = ALIGN (0x4)

.bss            0x0000000020000078     0x2adc load address 0x0000000008007dc8
                0x0000000020000078                _sbss = .
                0x0000000020000078                __bss_start__ = _sbss
 *(.bss)
 .bss           0x0000000020000078       0x1c c:/st/stm32cubeide_1.3.0/stm32cubeide/plugins/com.st.stm32cube.ide.mcu.externaltools.gnu-tools-for-stm32.7-2018-q2-update.win32_1.0.0.201904181610/tools/bin/../lib/gcc/arm-none-eabi/7.3.1/thumb/v7e-m/fpv4-sp/hard/crtbegin.o
 *(.bss*)
 .bss._ZZN13STM32Hardware5flushEvE5mutex
                0x0000000020000094        0x1 Core/Src/main.o
                0x0000000020000094                STM32Hardware::flush()::mutex
 *fill*         0x0000000020000095        0x3 
 .bss._ZL2nh    0x0000000020000098      0x93c Core/Src/main.o
 .bss._ZL9debug_msg
                0x00000000200009d4        0x8 Core/Src/main.o
 *fill*         0x00000000200009dc        0x4 
 .bss._ZL16left_encoder_msg
                0x00000000200009e0       0x10 Core/Src/main.o
 .bss._ZL17right_encoder_msg
                0x00000000200009f0       0x10 Core/Src/main.o
 .bss._ZL7sec_msg
                0x0000000020000a00        0x8 Core/Src/main.o
 .bss._ZL8nsec_msg
                0x0000000020000a08        0x8 Core/Src/main.o
 .bss._ZL9debug_pub
                0x0000000020000a10       0x14 Core/Src/main.o
 .bss._ZL16left_encoder_pub
                0x0000000020000a24       0x14 Core/Src/main.o
 .bss._ZL17right_encoder_pub
                0x0000000020000a38       0x14 Core/Src/main.o
 .bss._ZL7sec_pub
                0x0000000020000a4c       0x14 Core/Src/main.o
 .bss._ZL8nsec_pub
                0x0000000020000a60       0x14 Core/Src/main.o
 .bss.hi2c1     0x0000000020000a74       0x54 Core/Src/main.o
                0x0000000020000a74                hi2c1
 .bss.huart1    0x0000000020000ac8       0x40 Core/Src/main.o
                0x0000000020000ac8                huart1
 .bss.hdma_usart1_rx
                0x0000000020000b08       0x60 Core/Src/main.o
                0x0000000020000b08                hdma_usart1_rx
 .bss.hdma_usart1_tx
                0x0000000020000b68       0x60 Core/Src/main.o
                0x0000000020000b68                hdma_usart1_tx
 .bss._ZL2nh    0x0000000020000bc8      0x93c Core/Src/mainapp.o
 .bss._ZL9debug_msg
                0x0000000020001504        0x8 Core/Src/mainapp.o
 *fill*         0x000000002000150c        0x4 
 .bss._ZL16left_encoder_msg
                0x0000000020001510       0x10 Core/Src/mainapp.o
 .bss._ZL17right_encoder_msg
                0x0000000020001520       0x10 Core/Src/mainapp.o
 .bss._ZL7sec_msg
                0x0000000020001530        0x8 Core/Src/mainapp.o
 .bss._ZL8nsec_msg
                0x0000000020001538        0x8 Core/Src/mainapp.o
 .bss._ZL9debug_pub
                0x0000000020001540       0x14 Core/Src/mainapp.o
 .bss._ZL16left_encoder_pub
                0x0000000020001554       0x14 Core/Src/mainapp.o
 .bss._ZL17right_encoder_pub
                0x0000000020001568       0x14 Core/Src/mainapp.o
 .bss._ZL7sec_pub
                0x000000002000157c       0x14 Core/Src/mainapp.o
 .bss._ZL8nsec_pub
                0x0000000020001590       0x14 Core/Src/mainapp.o
 .bss.htim4     0x00000000200015a4       0x40 Core/Src/mainapp.o
                0x00000000200015a4                htim4
 .bss.htim5     0x00000000200015e4       0x40 Core/Src/mainapp.o
                0x00000000200015e4                htim5
 .bss.log_msg   0x0000000020001624       0xc8 Core/Src/mainapp.o
                0x0000000020001624                log_msg
 .bss._ZL18lwheel_vtarget_sub
                0x00000000200016ec       0x1c Core/Src/mainapp.o
 .bss._ZL18rwheel_vtarget_sub
                0x0000000020001708       0x1c Core/Src/mainapp.o
 .bss.heap_end.6424
                0x0000000020001724        0x4 Core/Src/sysmem.o
 .bss._ZL2nh    0x0000000020001728      0x93c Core/Src/wheel_encoder.o
 .bss._ZL9debug_msg
                0x0000000020002064        0x8 Core/Src/wheel_encoder.o
 *fill*         0x000000002000206c        0x4 
 .bss._ZL16left_encoder_msg
                0x0000000020002070       0x10 Core/Src/wheel_encoder.o
 .bss._ZL17right_encoder_msg
                0x0000000020002080       0x10 Core/Src/wheel_encoder.o
 .bss._ZL7sec_msg
                0x0000000020002090        0x8 Core/Src/wheel_encoder.o
 .bss._ZL8nsec_msg
                0x0000000020002098        0x8 Core/Src/wheel_encoder.o
 .bss._ZL9debug_pub
                0x00000000200020a0       0x14 Core/Src/wheel_encoder.o
 .bss._ZL16left_encoder_pub
                0x00000000200020b4       0x14 Core/Src/wheel_encoder.o
 .bss._ZL17right_encoder_pub
                0x00000000200020c8       0x14 Core/Src/wheel_encoder.o
 .bss._ZL7sec_pub
                0x00000000200020dc       0x14 Core/Src/wheel_encoder.o
 .bss._ZL8nsec_pub
                0x00000000200020f0       0x14 Core/Src/wheel_encoder.o
 *fill*         0x0000000020002104        0x4 
 .bss.left_encoder_count
                0x0000000020002108        0x8 Core/Src/wheel_encoder.o
                0x0000000020002108                left_encoder_count
 .bss.right_encoder_count
                0x0000000020002110        0x8 Core/Src/wheel_encoder.o
                0x0000000020002110                right_encoder_count
 .bss.low_encoder_wrap
                0x0000000020002118        0x4 Core/Src/wheel_encoder.o
                0x0000000020002118                low_encoder_wrap
 .bss.high_encoder_wrap
                0x000000002000211c        0x4 Core/Src/wheel_encoder.o
                0x000000002000211c                high_encoder_wrap
 .bss.init_encoder
                0x0000000020002120        0x1 Core/Src/wheel_encoder.o
                0x0000000020002120                init_encoder
 *fill*         0x0000000020002121        0x3 
 .bss._ZL2nh    0x0000000020002124      0x93c Core/Src/wheel_motor.o
 .bss._ZL9debug_msg
                0x0000000020002a60        0x8 Core/Src/wheel_motor.o
 .bss._ZL16left_encoder_msg
                0x0000000020002a68       0x10 Core/Src/wheel_motor.o
 .bss._ZL17right_encoder_msg
                0x0000000020002a78       0x10 Core/Src/wheel_motor.o
 .bss._ZL7sec_msg
                0x0000000020002a88        0x8 Core/Src/wheel_motor.o
 .bss._ZL8nsec_msg
                0x0000000020002a90        0x8 Core/Src/wheel_motor.o
 .bss._ZL9debug_pub
                0x0000000020002a98       0x14 Core/Src/wheel_motor.o
 .bss._ZL16left_encoder_pub
                0x0000000020002aac       0x14 Core/Src/wheel_motor.o
 .bss._ZL17right_encoder_pub
                0x0000000020002ac0       0x14 Core/Src/wheel_motor.o
 .bss._ZL7sec_pub
                0x0000000020002ad4       0x14 Core/Src/wheel_motor.o
 .bss._ZL8nsec_pub
                0x0000000020002ae8       0x14 Core/Src/wheel_motor.o
 .bss.htim3     0x0000000020002afc       0x40 Core/Src/wheel_motor.o
 .bss.vel_target
                0x0000000020002b3c        0x8 Core/Src/wheel_motor.o
                0x0000000020002b3c                vel_target
 .bss.__malloc_free_list
                0x0000000020002b44        0x4 c:/st/stm32cubeide_1.3.0/stm32cubeide/plugins/com.st.stm32cube.ide.mcu.externaltools.gnu-tools-for-stm32.7-2018-q2-update.win32_1.0.0.201904181610/tools/bin/../lib/gcc/arm-none-eabi/7.3.1/../../../../arm-none-eabi/lib/thumb/v7e-m/fpv4-sp/hard\libc_nano.a(lib_a-nano-mallocr.o)
                0x0000000020002b44                __malloc_free_list
 .bss.__malloc_sbrk_start
                0x0000000020002b48        0x4 c:/st/stm32cubeide_1.3.0/stm32cubeide/plugins/com.st.stm32cube.ide.mcu.externaltools.gnu-tools-for-stm32.7-2018-q2-update.win32_1.0.0.201904181610/tools/bin/../lib/gcc/arm-none-eabi/7.3.1/../../../../arm-none-eabi/lib/thumb/v7e-m/fpv4-sp/hard\libc_nano.a(lib_a-nano-mallocr.o)
                0x0000000020002b48                __malloc_sbrk_start
 *(COMMON)
 COMMON         0x0000000020002b4c        0x4 Drivers/STM32F4xx_HAL_Driver/Src/stm32f4xx_hal.o
                0x0000000020002b4c                uwTick
 COMMON         0x0000000020002b50        0x4 c:/st/stm32cubeide_1.3.0/stm32cubeide/plugins/com.st.stm32cube.ide.mcu.externaltools.gnu-tools-for-stm32.7-2018-q2-update.win32_1.0.0.201904181610/tools/bin/../lib/gcc/arm-none-eabi/7.3.1/../../../../arm-none-eabi/lib/thumb/v7e-m/fpv4-sp/hard\libc_nano.a(lib_a-reent.o)
                0x0000000020002b50                errno
                0x0000000020002b54                . = ALIGN (0x4)
                0x0000000020002b54                _ebss = .
                0x0000000020002b54                __bss_end__ = _ebss

._user_heap_stack
                0x0000000020002b54      0x604 load address 0x0000000008007dc8
                0x0000000020002b58                . = ALIGN (0x8)
 *fill*         0x0000000020002b54        0x4 
                0x0000000020002b58                PROVIDE (end = .)
                [!provide]                        PROVIDE (_end = .)
                0x0000000020002d58                . = (. + _Min_Heap_Size)
 *fill*         0x0000000020002b58      0x200 
                0x0000000020003158                . = (. + _Min_Stack_Size)
 *fill*         0x0000000020002d58      0x400 
                0x0000000020003158                . = ALIGN (0x8)

/DISCARD/
 libc.a(*)
 libm.a(*)
 libgcc.a(*)

.ARM.attributes
                0x0000000000000000       0x30
 *(.ARM.attributes)
 .ARM.attributes
                0x0000000000000000       0x22 c:/st/stm32cubeide_1.3.0/stm32cubeide/plugins/com.st.stm32cube.ide.mcu.externaltools.gnu-tools-for-stm32.7-2018-q2-update.win32_1.0.0.201904181610/tools/bin/../lib/gcc/arm-none-eabi/7.3.1/thumb/v7e-m/fpv4-sp/hard/crti.o
 .ARM.attributes
                0x0000000000000022       0x34 c:/st/stm32cubeide_1.3.0/stm32cubeide/plugins/com.st.stm32cube.ide.mcu.externaltools.gnu-tools-for-stm32.7-2018-q2-update.win32_1.0.0.201904181610/tools/bin/../lib/gcc/arm-none-eabi/7.3.1/thumb/v7e-m/fpv4-sp/hard/crtbegin.o
 .ARM.attributes
                0x0000000000000056       0x39 Core/Src/main.o
 .ARM.attributes
                0x000000000000008f       0x39 Core/Src/mainapp.o
 .ARM.attributes
                0x00000000000000c8       0x39 Core/Src/stm32f4xx_hal_msp.o
 .ARM.attributes
                0x0000000000000101       0x39 Core/Src/stm32f4xx_it.o
 .ARM.attributes
                0x000000000000013a       0x39 Core/Src/syscalls.o
 .ARM.attributes
                0x0000000000000173       0x39 Core/Src/sysmem.o
 .ARM.attributes
                0x00000000000001ac       0x39 Core/Src/system_stm32f4xx.o
 .ARM.attributes
                0x00000000000001e5       0x39 Core/Src/wheel_encoder.o
 .ARM.attributes
                0x000000000000021e       0x39 Core/Src/wheel_motor.o
 .ARM.attributes
                0x0000000000000257       0x21 Core/Startup/startup_stm32f407vetx.o
 .ARM.attributes
                0x0000000000000278       0x39 Drivers/STM32F4xx_HAL_Driver/Src/stm32f4xx_hal.o
 .ARM.attributes
                0x00000000000002b1       0x39 Drivers/STM32F4xx_HAL_Driver/Src/stm32f4xx_hal_cortex.o
 .ARM.attributes
                0x00000000000002ea       0x39 Drivers/STM32F4xx_HAL_Driver/Src/stm32f4xx_hal_dma.o
 .ARM.attributes
                0x0000000000000323       0x39 Drivers/STM32F4xx_HAL_Driver/Src/stm32f4xx_hal_gpio.o
 .ARM.attributes
                0x000000000000035c       0x39 Drivers/STM32F4xx_HAL_Driver/Src/stm32f4xx_hal_i2c.o
 .ARM.attributes
                0x0000000000000395       0x39 Drivers/STM32F4xx_HAL_Driver/Src/stm32f4xx_hal_rcc.o
 .ARM.attributes
                0x00000000000003ce       0x39 Drivers/STM32F4xx_HAL_Driver/Src/stm32f4xx_hal_tim.o
 .ARM.attributes
                0x0000000000000407       0x39 Drivers/STM32F4xx_HAL_Driver/Src/stm32f4xx_hal_tim_ex.o
 .ARM.attributes
                0x0000000000000440       0x39 Drivers/STM32F4xx_HAL_Driver/Src/stm32f4xx_hal_uart.o
 .ARM.attributes
                0x0000000000000479       0x39 rosserial/time.o
 .ARM.attributes
                0x00000000000004b2       0x34 c:/st/stm32cubeide_1.3.0/stm32cubeide/plugins/com.st.stm32cube.ide.mcu.externaltools.gnu-tools-for-stm32.7-2018-q2-update.win32_1.0.0.201904181610/tools/bin/../lib/gcc/arm-none-eabi/7.3.1/../../../../arm-none-eabi/lib/thumb/v7e-m/fpv4-sp/hard\libstdc++_nano.a(pure.o)
 .ARM.attributes
                0x00000000000004e6       0x34 c:/st/stm32cubeide_1.3.0/stm32cubeide/plugins/com.st.stm32cube.ide.mcu.externaltools.gnu-tools-for-stm32.7-2018-q2-update.win32_1.0.0.201904181610/tools/bin/../lib/gcc/arm-none-eabi/7.3.1/../../../../arm-none-eabi/lib/thumb/v7e-m/fpv4-sp/hard\libstdc++_nano.a(eh_terminate.o)
 .ARM.attributes
                0x000000000000051a       0x34 c:/st/stm32cubeide_1.3.0/stm32cubeide/plugins/com.st.stm32cube.ide.mcu.externaltools.gnu-tools-for-stm32.7-2018-q2-update.win32_1.0.0.201904181610/tools/bin/../lib/gcc/arm-none-eabi/7.3.1/../../../../arm-none-eabi/lib/thumb/v7e-m/fpv4-sp/hard\libstdc++_nano.a(eh_term_handler.o)
 .ARM.attributes
                0x000000000000054e       0x34 c:/st/stm32cubeide_1.3.0/stm32cubeide/plugins/com.st.stm32cube.ide.mcu.externaltools.gnu-tools-for-stm32.7-2018-q2-update.win32_1.0.0.201904181610/tools/bin/../lib/gcc/arm-none-eabi/7.3.1/../../../../arm-none-eabi/lib/thumb/v7e-m/fpv4-sp/hard\libc_nano.a(lib_a-abort.o)
 .ARM.attributes
                0x0000000000000582       0x34 c:/st/stm32cubeide_1.3.0/stm32cubeide/plugins/com.st.stm32cube.ide.mcu.externaltools.gnu-tools-for-stm32.7-2018-q2-update.win32_1.0.0.201904181610/tools/bin/../lib/gcc/arm-none-eabi/7.3.1/../../../../arm-none-eabi/lib/thumb/v7e-m/fpv4-sp/hard\libc_nano.a(lib_a-errno.o)
 .ARM.attributes
                0x00000000000005b6       0x34 c:/st/stm32cubeide_1.3.0/stm32cubeide/plugins/com.st.stm32cube.ide.mcu.externaltools.gnu-tools-for-stm32.7-2018-q2-update.win32_1.0.0.201904181610/tools/bin/../lib/gcc/arm-none-eabi/7.3.1/../../../../arm-none-eabi/lib/thumb/v7e-m/fpv4-sp/hard\libc_nano.a(lib_a-impure.o)
 .ARM.attributes
                0x00000000000005ea       0x34 c:/st/stm32cubeide_1.3.0/stm32cubeide/plugins/com.st.stm32cube.ide.mcu.externaltools.gnu-tools-for-stm32.7-2018-q2-update.win32_1.0.0.201904181610/tools/bin/../lib/gcc/arm-none-eabi/7.3.1/../../../../arm-none-eabi/lib/thumb/v7e-m/fpv4-sp/hard\libc_nano.a(lib_a-init.o)
 .ARM.attributes
                0x000000000000061e       0x34 c:/st/stm32cubeide_1.3.0/stm32cubeide/plugins/com.st.stm32cube.ide.mcu.externaltools.gnu-tools-for-stm32.7-2018-q2-update.win32_1.0.0.201904181610/tools/bin/../lib/gcc/arm-none-eabi/7.3.1/../../../../arm-none-eabi/lib/thumb/v7e-m/fpv4-sp/hard\libc_nano.a(lib_a-memcpy-stub.o)
 .ARM.attributes
                0x0000000000000652       0x34 c:/st/stm32cubeide_1.3.0/stm32cubeide/plugins/com.st.stm32cube.ide.mcu.externaltools.gnu-tools-for-stm32.7-2018-q2-update.win32_1.0.0.201904181610/tools/bin/../lib/gcc/arm-none-eabi/7.3.1/../../../../arm-none-eabi/lib/thumb/v7e-m/fpv4-sp/hard\libc_nano.a(lib_a-memset.o)
 .ARM.attributes
                0x0000000000000686       0x34 c:/st/stm32cubeide_1.3.0/stm32cubeide/plugins/com.st.stm32cube.ide.mcu.externaltools.gnu-tools-for-stm32.7-2018-q2-update.win32_1.0.0.201904181610/tools/bin/../lib/gcc/arm-none-eabi/7.3.1/../../../../arm-none-eabi/lib/thumb/v7e-m/fpv4-sp/hard\libc_nano.a(lib_a-realloc.o)
 .ARM.attributes
                0x00000000000006ba       0x34 c:/st/stm32cubeide_1.3.0/stm32cubeide/plugins/com.st.stm32cube.ide.mcu.externaltools.gnu-tools-for-stm32.7-2018-q2-update.win32_1.0.0.201904181610/tools/bin/../lib/gcc/arm-none-eabi/7.3.1/../../../../arm-none-eabi/lib/thumb/v7e-m/fpv4-sp/hard\libc_nano.a(lib_a-signal.o)
 .ARM.attributes
                0x00000000000006ee       0x34 c:/st/stm32cubeide_1.3.0/stm32cubeide/plugins/com.st.stm32cube.ide.mcu.externaltools.gnu-tools-for-stm32.7-2018-q2-update.win32_1.0.0.201904181610/tools/bin/../lib/gcc/arm-none-eabi/7.3.1/../../../../arm-none-eabi/lib/thumb/v7e-m/fpv4-sp/hard\libc_nano.a(lib_a-signalr.o)
 .ARM.attributes
                0x0000000000000722       0x1b c:/st/stm32cubeide_1.3.0/stm32cubeide/plugins/com.st.stm32cube.ide.mcu.externaltools.gnu-tools-for-stm32.7-2018-q2-update.win32_1.0.0.201904181610/tools/bin/../lib/gcc/arm-none-eabi/7.3.1/../../../../arm-none-eabi/lib/thumb/v7e-m/fpv4-sp/hard\libc_nano.a(lib_a-strlen.o)
 .ARM.attributes
                0x000000000000073d       0x34 c:/st/stm32cubeide_1.3.0/stm32cubeide/plugins/com.st.stm32cube.ide.mcu.externaltools.gnu-tools-for-stm32.7-2018-q2-update.win32_1.0.0.201904181610/tools/bin/../lib/gcc/arm-none-eabi/7.3.1/../../../../arm-none-eabi/lib/thumb/v7e-m/fpv4-sp/hard\libc_nano.a(lib_a-nano-mallocr.o)
 .ARM.attributes
                0x0000000000000771       0x34 c:/st/stm32cubeide_1.3.0/stm32cubeide/plugins/com.st.stm32cube.ide.mcu.externaltools.gnu-tools-for-stm32.7-2018-q2-update.win32_1.0.0.201904181610/tools/bin/../lib/gcc/arm-none-eabi/7.3.1/../../../../arm-none-eabi/lib/thumb/v7e-m/fpv4-sp/hard\libc_nano.a(lib_a-nano-reallocr.o)
 .ARM.attributes
                0x00000000000007a5       0x34 c:/st/stm32cubeide_1.3.0/stm32cubeide/plugins/com.st.stm32cube.ide.mcu.externaltools.gnu-tools-for-stm32.7-2018-q2-update.win32_1.0.0.201904181610/tools/bin/../lib/gcc/arm-none-eabi/7.3.1/../../../../arm-none-eabi/lib/thumb/v7e-m/fpv4-sp/hard\libc_nano.a(lib_a-reent.o)
 .ARM.attributes
                0x00000000000007d9       0x34 c:/st/stm32cubeide_1.3.0/stm32cubeide/plugins/com.st.stm32cube.ide.mcu.externaltools.gnu-tools-for-stm32.7-2018-q2-update.win32_1.0.0.201904181610/tools/bin/../lib/gcc/arm-none-eabi/7.3.1/../../../../arm-none-eabi/lib/thumb/v7e-m/fpv4-sp/hard\libc_nano.a(lib_a-sbrkr.o)
 .ARM.attributes
                0x000000000000080d       0x34 c:/st/stm32cubeide_1.3.0/stm32cubeide/plugins/com.st.stm32cube.ide.mcu.externaltools.gnu-tools-for-stm32.7-2018-q2-update.win32_1.0.0.201904181610/tools/bin/../lib/gcc/arm-none-eabi/7.3.1/../../../../arm-none-eabi/lib/thumb/v7e-m/fpv4-sp/hard\libc_nano.a(lib_a-mlock.o)
 .ARM.attributes
                0x0000000000000841       0x34 c:/st/stm32cubeide_1.3.0/stm32cubeide/plugins/com.st.stm32cube.ide.mcu.externaltools.gnu-tools-for-stm32.7-2018-q2-update.win32_1.0.0.201904181610/tools/bin/../lib/gcc/arm-none-eabi/7.3.1/../../../../arm-none-eabi/lib/thumb/v7e-m/fpv4-sp/hard\libc_nano.a(lib_a-nano-freer.o)
 .ARM.attributes
                0x0000000000000875       0x34 c:/st/stm32cubeide_1.3.0/stm32cubeide/plugins/com.st.stm32cube.ide.mcu.externaltools.gnu-tools-for-stm32.7-2018-q2-update.win32_1.0.0.201904181610/tools/bin/../lib/gcc/arm-none-eabi/7.3.1/../../../../arm-none-eabi/lib/thumb/v7e-m/fpv4-sp/hard\libc_nano.a(lib_a-nano-msizer.o)
 .ARM.attributes
                0x00000000000008a9       0x22 c:/st/stm32cubeide_1.3.0/stm32cubeide/plugins/com.st.stm32cube.ide.mcu.externaltools.gnu-tools-for-stm32.7-2018-q2-update.win32_1.0.0.201904181610/tools/bin/../lib/gcc/arm-none-eabi/7.3.1/thumb/v7e-m/fpv4-sp/hard\libgcc.a(_aeabi_uldivmod.o)
 .ARM.attributes
                0x00000000000008cb       0x34 c:/st/stm32cubeide_1.3.0/stm32cubeide/plugins/com.st.stm32cube.ide.mcu.externaltools.gnu-tools-for-stm32.7-2018-q2-update.win32_1.0.0.201904181610/tools/bin/../lib/gcc/arm-none-eabi/7.3.1/thumb/v7e-m/fpv4-sp/hard\libgcc.a(_udivmoddi4.o)
 .ARM.attributes
                0x00000000000008ff       0x22 c:/st/stm32cubeide_1.3.0/stm32cubeide/plugins/com.st.stm32cube.ide.mcu.externaltools.gnu-tools-for-stm32.7-2018-q2-update.win32_1.0.0.201904181610/tools/bin/../lib/gcc/arm-none-eabi/7.3.1/thumb/v7e-m/fpv4-sp/hard\libgcc.a(_dvmd_tls.o)
 .ARM.attributes
                0x0000000000000921       0x22 c:/st/stm32cubeide_1.3.0/stm32cubeide/plugins/com.st.stm32cube.ide.mcu.externaltools.gnu-tools-for-stm32.7-2018-q2-update.win32_1.0.0.201904181610/tools/bin/../lib/gcc/arm-none-eabi/7.3.1/thumb/v7e-m/fpv4-sp/hard/crtn.o
OUTPUT(brbr_core.elf elf32-littlearm)

.debug_info     0x0000000000000000    0x249fd
 .debug_info    0x0000000000000000     0x58c3 Core/Src/main.o
 .debug_info    0x00000000000058c3     0x58d2 Core/Src/mainapp.o
 .debug_info    0x000000000000b195     0x129e Core/Src/stm32f4xx_hal_msp.o
 .debug_info    0x000000000000c433     0x10a7 Core/Src/stm32f4xx_it.o
 .debug_info    0x000000000000d4da      0xebd Core/Src/syscalls.o
 .debug_info    0x000000000000e397      0x91c Core/Src/sysmem.o
 .debug_info    0x000000000000ecb3      0x554 Core/Src/system_stm32f4xx.o
 .debug_info    0x000000000000f207     0x51eb Core/Src/wheel_encoder.o
 .debug_info    0x00000000000143f2     0x5471 Core/Src/wheel_motor.o
 .debug_info    0x0000000000019863       0x22 Core/Startup/startup_stm32f407vetx.o
 .debug_info    0x0000000000019885      0x945 Drivers/STM32F4xx_HAL_Driver/Src/stm32f4xx_hal.o
 .debug_info    0x000000000001a1ca      0xe28 Drivers/STM32F4xx_HAL_Driver/Src/stm32f4xx_hal_cortex.o
 .debug_info    0x000000000001aff2      0x968 Drivers/STM32F4xx_HAL_Driver/Src/stm32f4xx_hal_dma.o
 .debug_info    0x000000000001b95a      0x7b5 Drivers/STM32F4xx_HAL_Driver/Src/stm32f4xx_hal_gpio.o
 .debug_info    0x000000000001c10f     0x23b5 Drivers/STM32F4xx_HAL_Driver/Src/stm32f4xx_hal_i2c.o
 .debug_info    0x000000000001e4c4      0x904 Drivers/STM32F4xx_HAL_Driver/Src/stm32f4xx_hal_rcc.o
 .debug_info    0x000000000001edc8     0x24a9 Drivers/STM32F4xx_HAL_Driver/Src/stm32f4xx_hal_tim.o
 .debug_info    0x0000000000021271     0x1157 Drivers/STM32F4xx_HAL_Driver/Src/stm32f4xx_hal_tim_ex.o
 .debug_info    0x00000000000223c8     0x124c Drivers/STM32F4xx_HAL_Driver/Src/stm32f4xx_hal_uart.o
 .debug_info    0x0000000000023614     0x13e9 rosserial/time.o

.debug_abbrev   0x0000000000000000     0x4186
 .debug_abbrev  0x0000000000000000      0x856 Core/Src/main.o
 .debug_abbrev  0x0000000000000856      0x849 Core/Src/mainapp.o
 .debug_abbrev  0x000000000000109f      0x212 Core/Src/stm32f4xx_hal_msp.o