time.h:51:3:ros::Time::Time()	16	static
msg.h:45:7:constexpr ros::Msg::Msg()	16	static
Time.h:19:5:std_msgs::Time::Time()	16	static
Time.h:24:17:virtual int std_msgs::Time::serialize(unsigned char*) const	24	static
Time.h:40:17:virtual int std_msgs::Time::deserialize(unsigned char*)	24	static
Time.h:56:18:virtual const char* std_msgs::Time::getType()	16	static
Time.h:57:18:virtual const char* std_msgs::Time::getMD5()	16	static
TopicInfo.h:34:5:rosserial_msgs::TopicInfo::TopicInfo()	16	static
TopicInfo.h:43:17:virtual int rosserial_msgs::TopicInfo::serialize(unsigned char*) const	40	static
TopicInfo.h:77:17:virtual int rosserial_msgs::TopicInfo::deserialize(unsigned char*)	48	static
TopicInfo.h:124:18:virtual const char* rosserial_msgs::TopicInfo::getType()	16	static
TopicInfo.h:125:18:virtual const char* rosserial_msgs::TopicInfo::getMD5()	16	static
Log.h:25:5:rosserial_msgs::Log::Log()	16	static
Log.h:31:17:virtual int rosserial_msgs::Log::serialize(unsigned char*) const	24	static
Log.h:44:17:virtual int rosserial_msgs::Log::deserialize(unsigned char*)	32	static
Log.h:61:18:virtual const char* rosserial_msgs::Log::getType()	16	static
Log.h:62:18:virtual const char* rosserial_msgs::Log::getMD5()	16	static
RequestParam.h:71:5:rosserial_msgs::RequestParamResponse::RequestParamResponse()	16	static
RequestParam.h:78:17:virtual int rosserial_msgs::RequestParamResponse::serialize(unsigned char*) const	48	static
RequestParam.h:130:17:virtual int rosserial_msgs::RequestParamResponse::deserialize(unsigned char*)	64	static
RequestParam.h:200:18:virtual const char* rosserial_msgs::RequestParamResponse::getType()	16	static
RequestParam.h:201:18:virtual const char* rosserial_msgs::RequestParamResponse::getMD5()	16	static
publisher.h:48:3:ros::Publisher::Publisher(const char*, ros::Msg*, int)	24	static
publisher.h:53:7:int ros::Publisher::publish(const ros::Msg*)	16	static
publisher.h:57:7:int ros::Publisher::getEndpointType()	16	static
STM32Hardware.h:53:21:uint32_t STM32Hardware::getRdmaInd()	16	static
STM32Hardware.h:60:5:STM32Hardware::STM32Hardware()	16	static
STM32Hardware.h:68:10:void STM32Hardware::init()	16	static
STM32Hardware.h:72:10:void STM32Hardware::reset_rbuf()	16	static
STM32Hardware.h:76:9:int STM32Hardware::read()	32	static
STM32Hardware.h:85:10:void STM32Hardware::flush()	24	static
STM32Hardware.h:100:10:void STM32Hardware::write(uint8_t*, int)	32	static
STM32Hardware.h:115:19:long unsigned int STM32Hardware::time()	16	static
String.h:18:5:std_msgs::String::String()	16	static
String.h:23:17:virtual int std_msgs::String::serialize(unsigned char*) const	24	static
String.h:34:17:virtual int std_msgs::String::deserialize(unsigned char*)	32	static
String.h:49:18:virtual const char* std_msgs::String::getType()	16	static
String.h:50:18:virtual const char* std_msgs::String::getMD5()	16	static
Int64.h:18:5:std_msgs::Int64::Int64()	24	static
Int64.h:23:17:virtual int std_msgs::Int64::serialize(unsigned char*) const	32	static
Int64.h:43:17:virtual int std_msgs::Int64::deserialize(unsigned char*)	56	static
Int64.h:64:18:virtual const char* std_msgs::Int64::getType()	16	static
Int64.h:65:18:virtual const char* std_msgs::Int64::getMD5()	16	static
Float32.h:18:5:std_msgs::Float32::Float32()	16	static
Float32.h:23:17:virtual int std_msgs::Float32::serialize(unsigned char*) const	24	static
Float32.h:39:17:virtual int std_msgs::Float32::deserialize(unsigned char*)	24	static
Float32.h:56:18:virtual const char* std_msgs::Float32::getType()	16	static
Float32.h:57:18:virtual const char* std_msgs::Float32::getMD5()	16	static
mainapp.cpp:18:6:void HAL_UART_TxCpltCallback(UART_HandleTypeDef*)	16	static
mainapp.cpp:22:6:void HAL_UART_RxCpltCallback(UART_HandleTypeDef*)	16	static
mainapp.cpp:28:6:void setup()	8	static
mainapp.cpp:43:6:void loop()	16	static
msg.h:129:15:static void ros::Msg::varToArr(A, V) [with A = unsigned char*; V = long unsigned int]	24	static
msg.h:137:15:static void ros::Msg::arrToVar(V&, A) [with V = long unsigned int; A = unsigned char*]	24	static
node_handle.h:50:7:constexpr ros::NodeHandleBase_::NodeHandleBase_()	16	static
node_handle.h:128:3:ros::NodeHandle_<Hardware, MAX_SUBSCRIBERS, MAX_PUBLISHERS, INPUT_SIZE, OUTPUT_SIZE>::NodeHandle_() [with Hardware = STM32Hardware; int MAX_SUBSCRIBERS = 25; int MAX_PUBLISHERS = 25; int INPUT_SIZE = 512; int OUTPUT_SIZE = 512]	32	static
subscriber.h:44:7:ros::Subscriber_::Subscriber_()	16	static
subscriber.h:107:3:ros::Subscriber<MsgT, void>::Subscriber(const char*, ros::Subscriber<MsgT, void>::CallbackT, int) [with MsgT = std_msgs::Float32]	24	static
node_handle.h:153:13:Hardware* ros::NodeHandle_<Hardware, MAX_SUBSCRIBERS, MAX_PUBLISHERS, INPUT_SIZE, OUTPUT_SIZE>::getHardware() [with Hardware = STM32Hardware; int MAX_SUBSCRIBERS = 25; int MAX_PUBLISHERS = 25; int INPUT_SIZE = 512; int OUTPUT_SIZE = 512]	16	static
node_handle.h:159:8:void ros::NodeHandle_<Hardware, MAX_SUBSCRIBERS, MAX_PUBLISHERS, INPUT_SIZE, OUTPUT_SIZE>::initNode() [with Hardware = STM32Hardware; int MAX_SUBSCRIBERS = 25; int MAX_PUBLISHERS = 25; int INPUT_SIZE = 512; int OUTPUT_SIZE = 512]	16	static
node_handle.h:415:8:bool ros::NodeHandle_<Hardware, MAX_SUBSCRIBERS, MAX_PUBLISHERS, INPUT_SIZE, OUTPUT_SIZE>::advertise(ros::Publisher&) [with Hardware = STM32Hardware; int MAX_SUBSCRIBERS = 25; int MAX_PUBLISHERS = 25; int INPUT_SIZE = 512; int OUTPUT_SIZE = 512]	24	static
node_handle.h:212:15:int ros::NodeHandle_<Hardware, MAX_SUBSCRIBERS, MAX_PUBLISHERS, INPUT_SIZE, OUTPUT_SIZE>::spinOnce() [with Hardware = STM32Hardware; int MAX_SUBSCRIBERS = 25; int MAX_PUBLISHERS = 25; int INPUT_SIZE = 512; int OUTPUT_SIZE = 512]	24	static
node_handle.h:372:8:void ros::NodeHandle_<Hardware, MAX_SUBSCRIBERS, MAX_PUBLISHERS, INPUT_SIZE, OUTPUT_SIZE>::requestSyncTime() [with Hardware = STM32Hardware; int MAX_SUBSCRIBERS = 25; int MAX_PUBLISHERS = 25; int INPUT_SIZE = 512; int OUTPUT_SIZE = 512]	32	static
node_handle.h:480:8:void ros::NodeHandle_<Hardware, MAX_SUBSCRIBERS, MAX_PUBLISHERS, INPUT_SIZE, OUTPUT_SIZE>::negotiateTopics() [with Hardware = STM32Hardware; int MAX_SUBSCRIBERS = 25; int MAX_PUBLISHERS = 25; int INPUT_SIZE = 512; int OUTPUT_SIZE = 512]	56	static
node_handle.h:379:8:void ros::NodeHandle_<Hardware, MAX_SUBSCRIBERS, MAX_PUBLISHERS, INPUT_SIZE, OUTPUT_SIZE>::syncTime(uint8_t*) [with Hardware = STM32Hardware; int MAX_SUBSCRIBERS = 25; int MAX_PUBLISHERS = 25; int INPUT_SIZE = 512; int OUTPUT_SIZE = 512]	32	static
node_handle.h:511:15:int ros::NodeHandle_<Hardware, MAX_SUBSCRIBERS, MAX_PUBLISHERS, INPUT_SIZE, OUTPUT_SIZE>::publish(int, const ros::Msg*) [with Hardware = STM32Hardware; int MAX_SUBSCRIBERS = 25; int MAX_PUBLISHERS = 25; int INPUT_SIZE = 512; int OUTPUT_SIZE = 512]	40	static
node_handle.h:402:8:void ros::NodeHandle_<Hardware, MAX_SUBSCRIBERS, MAX_PUBLISHERS, INPUT_SIZE, OUTPUT_SIZE>::setNow(ros::Time&) [with Hardware = STM32Hardware; int MAX_SUBSCRIBERS = 25; int MAX_PUBLISHERS = 25; int INPUT_SIZE = 512; int OUTPUT_SIZE = 512]	24	static
node_handle.h:573:8:void ros::NodeHandle_<Hardware, MAX_SUBSCRIBERS, MAX_PUBLISHERS, INPUT_SIZE, OUTPUT_SIZE>::logerror(const char*) [with Hardware = STM32Hardware; int MAX_SUBSCRIBERS = 25; int MAX_PUBLISHERS = 25; int INPUT_SIZE = 512; int OUTPUT_SIZE = 512]	16	static
node_handle.h:552:8:void ros::NodeHandle_<Hardware, MAX_SUBSCRIBERS, MAX_PUBLISHERS, INPUT_SIZE, OUTPUT_SIZE>::log(char, const char*) [with Hardware = STM32Hardware; int MAX_SUBSCRIBERS = 25; int MAX_PUBLISHERS = 25; int INPUT_SIZE = 512; int OUTPUT_SIZE = 512]	40	static
mainapp.cpp:64:1:void __static_initialization_and_destruction_0(int, int)	16	static
subscriber.h:114:16:void ros::Subscriber<MsgT, void>::callback(unsigned char*) [with MsgT = std_msgs::Float32]	16	static
subscriber.h:128:15:int ros::Subscriber<MsgT, void>::getEndpointType() [with MsgT = std_msgs::Float32]	16	static
subscriber.h:120:24:const char* ros::Subscriber<MsgT, void>::getMsgType() [with MsgT = std_msgs::Float32]	16	static
subscriber.h:124:24:const char* ros::Subscriber<MsgT, void>::getMsgMD5() [with MsgT = std_msgs::Float32]	16	static
node_handle.h:363:16:bool ros::NodeHandle_<Hardware, MAX_SUBSCRIBERS, MAX_PUBLISHERS, INPUT_SIZE, OUTPUT_SIZE>::connected() [with Hardware = STM32Hardware; int MAX_SUBSCRIBERS = 25; int MAX_PUBLISHERS = 25; int INPUT_SIZE = 512; int OUTPUT_SIZE = 512]	16	static
mainapp.cpp:64:1:cpp)	8	static
