time.h:51:3:ros::Time::Time()	16	static
msg.h:45:7:constexpr ros::Msg::Msg()	16	static
Time.h:19:5:std_msgs::Time::Time()	16	static
Time.h:24:17:virtual int std_msgs::Time::serialize(unsigned char*) const	24	static
Time.h:40:17:virtual int std_msgs::Time::deserialize(unsigned char*)	24	static
Time.h:56:18:virtual const char* std_msgs::Time::getType()	16	static
Time.h:57:18:virtual const char* std_msgs::Time::getMD5()	16	static
TopicInfo.h:34:5:rosserial_msgs::TopicInfo::TopicInfo()	16	static
TopicInfo.h:43:17:virtual int rosserial_msgs::TopicInfo::serialize(unsigned char*) const	40	static
TopicInfo.h:77:17:virtual int rosserial_msgs::TopicInfo::deserialize(unsigned char*)	48	static
TopicInfo.h:124:18:virtual const char* rosserial_msgs::TopicInfo::getType()	16	static
TopicInfo.h:125:18:virtual const char* rosserial_msgs::TopicInfo::getMD5()	16	static
Log.h:25:5:rosserial_msgs::Log::Log()	16	static
Log.h:31:17:virtual int rosserial_msgs::Log::serialize(unsigned char*) const	24	static
Log.h:44:17:virtual int rosserial_msgs::Log::deserialize(unsigned char*)	32	static
Log.h:61:18:virtual const char* rosserial_msgs::Log::getType()	16	static
Log.h:62:18:virtual const char* rosserial_msgs::Log::getMD5()	16	static
RequestParam.h:71:5:rosserial_msgs::RequestParamResponse::RequestParamResponse()	16	static
RequestParam.h:78:17:virtual int rosserial_msgs::RequestParamResponse::serialize(unsigned char*) const	48	static
RequestParam.h:130:17:virtual int rosserial_msgs::RequestParamResponse::deserialize(unsigned char*)	64	static
RequestParam.h:200:18:virtual const char* rosserial_msgs::RequestParamResponse::getType()	16	static
RequestParam.h:201:18:virtual const char* rosserial_msgs::RequestParamResponse::getMD5()	16	static
publisher.h:48:3:ros::Publisher::Publisher(const char*, ros::Msg*, int)	24	static
publisher.h:57:7:int ros::Publisher::getEndpointType()	16	static
STM32Hardware.h:53:21:uint32_t STM32Hardware::getRdmaInd()	16	static
STM32Hardware.h:60:5:STM32Hardware::STM32Hardware()	16	static
STM32Hardware.h:76:9:int STM32Hardware::read()	32	static
STM32Hardware.h:85:10:void STM32Hardware::flush()	24	static
STM32Hardware.h:100:10:void STM32Hardware::write(uint8_t*, int)	32	static
STM32Hardware.h:115:19:long unsigned int STM32Hardware::time()	16	static
Int64.h:18:5:std_msgs::Int64::Int64()	24	static
Int64.h:23:17:virtual int std_msgs::Int64::serialize(unsigned char*) const	32	static
Int64.h:43:17:virtual int std_msgs::Int64::deserialize(unsigned char*)	56	static
Int64.h:64:18:virtual const char* std_msgs::Int64::getType()	16	static
Int64.h:65:18:virtual const char* std_msgs::Int64::getMD5()	16	static
main.cpp:74:5:int main()	8	static
main.cpp:120:6:void SystemClock_Config()	88	static
main.cpp:161:13:void MX_I2C1_Init()	8	static
main.cpp:193:13:void MX_USART1_UART_Init()	8	static
main.cpp:222:13:void MX_DMA_Init()	16	static
main.cpp:242:13:void MX_GPIO_Init()	48	static
main.cpp:274:6:void Error_Handler()	4	static
msg.h:129:15:static void ros::Msg::varToArr(A, V) [with A = unsigned char*; V = long unsigned int]	24	static
msg.h:137:15:static void ros::Msg::arrToVar(V&, A) [with V = long unsigned int; A = unsigned char*]	24	static
node_handle.h:50:7:constexpr ros::NodeHandleBase_::NodeHandleBase_()	16	static
node_handle.h:128:3:ros::NodeHandle_<Hardware, MAX_SUBSCRIBERS, MAX_PUBLISHERS, INPUT_SIZE, OUTPUT_SIZE>::NodeHandle_() [with Hardware = STM32Hardware; int MAX_SUBSCRIBERS = 25; int MAX_PUBLISHERS = 25; int INPUT_SIZE = 512; int OUTPUT_SIZE = 512]	32	static
main.cpp:279:1:void __static_initialization_and_destruction_0(int, int)	16	static
node_handle.h:511:15:int ros::NodeHandle_<Hardware, MAX_SUBSCRIBERS, MAX_PUBLISHERS, INPUT_SIZE, OUTPUT_SIZE>::publish(int, const ros::Msg*) [with Hardware = STM32Hardware; int MAX_SUBSCRIBERS = 25; int MAX_PUBLISHERS = 25; int INPUT_SIZE = 512; int OUTPUT_SIZE = 512]	40	static
node_handle.h:212:15:int ros::NodeHandle_<Hardware, MAX_SUBSCRIBERS, MAX_PUBLISHERS, INPUT_SIZE, OUTPUT_SIZE>::spinOnce() [with Hardware = STM32Hardware; int MAX_SUBSCRIBERS = 25; int MAX_PUBLISHERS = 25; int INPUT_SIZE = 512; int OUTPUT_SIZE = 512]	24	static
node_handle.h:363:16:bool ros::NodeHandle_<Hardware, MAX_SUBSCRIBERS, MAX_PUBLISHERS, INPUT_SIZE, OUTPUT_SIZE>::connected() [with Hardware = STM32Hardware; int MAX_SUBSCRIBERS = 25; int MAX_PUBLISHERS = 25; int INPUT_SIZE = 512; int OUTPUT_SIZE = 512]	16	static
node_handle.h:573:8:void ros::NodeHandle_<Hardware, MAX_SUBSCRIBERS, MAX_PUBLISHERS, INPUT_SIZE, OUTPUT_SIZE>::logerror(const char*) [with Hardware = STM32Hardware; int MAX_SUBSCRIBERS = 25; int MAX_PUBLISHERS = 25; int INPUT_SIZE = 512; int OUTPUT_SIZE = 512]	16	static
node_handle.h:372:8:void ros::NodeHandle_<Hardware, MAX_SUBSCRIBERS, MAX_PUBLISHERS, INPUT_SIZE, OUTPUT_SIZE>::requestSyncTime() [with Hardware = STM32Hardware; int MAX_SUBSCRIBERS = 25; int MAX_PUBLISHERS = 25; int INPUT_SIZE = 512; int OUTPUT_SIZE = 512]	32	static
node_handle.h:480:8:void ros::NodeHandle_<Hardware, MAX_SUBSCRIBERS, MAX_PUBLISHERS, INPUT_SIZE, OUTPUT_SIZE>::negotiateTopics() [with Hardware = STM32Hardware; int MAX_SUBSCRIBERS = 25; int MAX_PUBLISHERS = 25; int INPUT_SIZE = 512; int OUTPUT_SIZE = 512]	56	static
node_handle.h:379:8:void ros::NodeHandle_<Hardware, MAX_SUBSCRIBERS, MAX_PUBLISHERS, INPUT_SIZE, OUTPUT_SIZE>::syncTime(uint8_t*) [with Hardware = STM32Hardware; int MAX_SUBSCRIBERS = 25; int MAX_PUBLISHERS = 25; int INPUT_SIZE = 512; int OUTPUT_SIZE = 512]	32	static
node_handle.h:552:8:void ros::NodeHandle_<Hardware, MAX_SUBSCRIBERS, MAX_PUBLISHERS, INPUT_SIZE, OUTPUT_SIZE>::log(char, const char*) [with Hardware = STM32Hardware; int MAX_SUBSCRIBERS = 25; int MAX_PUBLISHERS = 25; int INPUT_SIZE = 512; int OUTPUT_SIZE = 512]	40	static
node_handle.h:402:8:void ros::NodeHandle_<Hardware, MAX_SUBSCRIBERS, MAX_PUBLISHERS, INPUT_SIZE, OUTPUT_SIZE>::setNow(ros::Time&) [with Hardware = STM32Hardware; int MAX_SUBSCRIBERS = 25; int MAX_PUBLISHERS = 25; int INPUT_SIZE = 512; int OUTPUT_SIZE = 512]	24	static
main.cpp:279:1:cpp)	8	static
