cmath:626:3:constexpr bool std::isnan(double)	16	static
time.h:51:3:ros::Time::Time()	16	static
time.h:52:3:ros::Time::Time(uint32_t, uint32_t)	24	static
msg.h:45:7:constexpr ros::Msg::Msg()	16	static
publisher.h:48:3:ros::Publisher::Publisher(const char*, ros::Msg*, int)	24	static
publisher.h:53:7:int ros::Publisher::publish(const ros::Msg*)	16	static
STM32Hardware.h:115:19:long unsigned int STM32Hardware::time()	16	static
Header.h:23:5:std_msgs::Header::Header()	16	static
Header.h:30:17:virtual int std_msgs::Header::serialize(unsigned char*) const	24	static
Header.h:56:17:virtual int std_msgs::Header::deserialize(unsigned char*)	32	static
Header.h:86:18:virtual const char* std_msgs::Header::getType()	16	static
Header.h:87:18:virtual const char* std_msgs::Header::getMD5()	16	static
Point.h:22:5:geometry_msgs::Point::Point()	24	static
Point.h:29:17:virtual int geometry_msgs::Point::serialize(unsigned char*) const	48	static
Point.h:77:17:virtual int geometry_msgs::Point::deserialize(unsigned char*)	80	static
Point.h:128:18:virtual const char* geometry_msgs::Point::getType()	16	static
Point.h:129:18:virtual const char* geometry_msgs::Point::getMD5()	16	static
Quaternion.h:24:5:geometry_msgs::Quaternion::Quaternion()	24	static
Quaternion.h:32:17:virtual int geometry_msgs::Quaternion::serialize(unsigned char*) const	56	static
Quaternion.h:94:17:virtual int geometry_msgs::Quaternion::deserialize(unsigned char*)	104	static
Quaternion.h:160:18:virtual const char* geometry_msgs::Quaternion::getType()	16	static
Quaternion.h:161:18:virtual const char* geometry_msgs::Quaternion::getMD5()	16	static
Pose.h:22:5:geometry_msgs::Pose::Pose()	16	static
Pose.h:28:17:virtual int geometry_msgs::Pose::serialize(unsigned char*) const	24	static
Pose.h:36:17:virtual int geometry_msgs::Pose::deserialize(unsigned char*)	24	static
Pose.h:44:18:virtual const char* geometry_msgs::Pose::getType()	16	static
Pose.h:45:18:virtual const char* geometry_msgs::Pose::getMD5()	16	static
PoseWithCovariance.h:20:5:geometry_msgs::PoseWithCovariance::PoseWithCovariance()	16	static
PoseWithCovariance.h:26:17:virtual int geometry_msgs::PoseWithCovariance::serialize(unsigned char*) const	40	static
PoseWithCovariance.h:49:17:virtual int geometry_msgs::PoseWithCovariance::deserialize(unsigned char*)	56	static
PoseWithCovariance.h:73:18:virtual const char* geometry_msgs::PoseWithCovariance::getType()	16	static
PoseWithCovariance.h:74:18:virtual const char* geometry_msgs::PoseWithCovariance::getMD5()	16	static
Vector3.h:22:5:geometry_msgs::Vector3::Vector3()	24	static
Vector3.h:29:17:virtual int geometry_msgs::Vector3::serialize(unsigned char*) const	48	static
Vector3.h:77:17:virtual int geometry_msgs::Vector3::deserialize(unsigned char*)	80	static
Vector3.h:128:18:virtual const char* geometry_msgs::Vector3::getType()	16	static
Vector3.h:129:18:virtual const char* geometry_msgs::Vector3::getMD5()	16	static
Twist.h:21:5:geometry_msgs::Twist::Twist()	16	static
Twist.h:27:17:virtual int geometry_msgs::Twist::serialize(unsigned char*) const	24	static
Twist.h:35:17:virtual int geometry_msgs::Twist::deserialize(unsigned char*)	24	static
Twist.h:43:18:virtual const char* geometry_msgs::Twist::getType()	16	static
Twist.h:44:18:virtual const char* geometry_msgs::Twist::getMD5()	16	static
TwistWithCovariance.h:20:5:geometry_msgs::TwistWithCovariance::TwistWithCovariance()	16	static
TwistWithCovariance.h:26:17:virtual int geometry_msgs::TwistWithCovariance::serialize(unsigned char*) const	40	static
TwistWithCovariance.h:49:17:virtual int geometry_msgs::TwistWithCovariance::deserialize(unsigned char*)	56	static
TwistWithCovariance.h:73:18:virtual const char* geometry_msgs::TwistWithCovariance::getType()	16	static
TwistWithCovariance.h:74:18:virtual const char* geometry_msgs::TwistWithCovariance::getMD5()	16	static
Odometry.h:27:5:nav_msgs::Odometry::Odometry()	16	static
Odometry.h:35:17:virtual int nav_msgs::Odometry::serialize(unsigned char*) const	24	static
Odometry.h:49:17:virtual int nav_msgs::Odometry::deserialize(unsigned char*)	32	static
Odometry.h:67:18:virtual const char* nav_msgs::Odometry::getType()	16	static
Odometry.h:68:18:virtual const char* nav_msgs::Odometry::getMD5()	16	static
JointState.h:35:5:sensor_msgs::JointState::JointState()	16	static
JointState.h:44:17:virtual int sensor_msgs::JointState::serialize(unsigned char*) const	72	static
JointState.h:126:17:virtual int sensor_msgs::JointState::deserialize(unsigned char*)	136	static
JointState.h:231:18:virtual const char* sensor_msgs::JointState::getType()	16	static
JointState.h:232:18:virtual const char* sensor_msgs::JointState::getMD5()	16	static
Transform.h:22:5:geometry_msgs::Transform::Transform()	16	static
Transform.h:28:17:virtual int geometry_msgs::Transform::serialize(unsigned char*) const	24	static
Transform.h:36:17:virtual int geometry_msgs::Transform::deserialize(unsigned char*)	24	static
Transform.h:44:18:virtual const char* geometry_msgs::Transform::getType()	16	static
Transform.h:45:18:virtual const char* geometry_msgs::Transform::getMD5()	16	static
TransformStamped.h:24:5:geometry_msgs::TransformStamped::TransformStamped()	16	static
TransformStamped.h:31:17:virtual int geometry_msgs::TransformStamped::serialize(unsigned char*) const	24	static
TransformStamped.h:44:17:virtual int geometry_msgs::TransformStamped::deserialize(unsigned char*)	32	static
TransformStamped.h:61:18:virtual const char* geometry_msgs::TransformStamped::getType()	16	static
TransformStamped.h:62:18:virtual const char* geometry_msgs::TransformStamped::getMD5()	16	static
tf.h:43:41:geometry_msgs::Quaternion tf::createQuaternionFromYaw(double)	32	static
tfMessage.h:21:5:tf::tfMessage::tfMessage()	16	static
tfMessage.h:26:17:virtual int tf::tfMessage::serialize(unsigned char*) const	24	static
tfMessage.h:40:17:virtual int tf::tfMessage::deserialize(unsigned char*)	32	static
tfMessage.h:58:18:virtual const char* tf::tfMessage::getType()	16	static
tfMessage.h:59:18:virtual const char* tf::tfMessage::getMD5()	16	static
transform_broadcaster.h:47:3:tf::TransformBroadcaster::TransformBroadcaster()	16	static
transform_broadcaster.h:54:8:void tf::TransformBroadcaster::sendTransform(geometry_msgs::TransformStamped&)	16	static
String.h:18:5:std_msgs::String::String()	16	static
String.h:23:17:virtual int std_msgs::String::serialize(unsigned char*) const	24	static
String.h:34:17:virtual int std_msgs::String::deserialize(unsigned char*)	32	static
String.h:49:18:virtual const char* std_msgs::String::getType()	16	static
String.h:50:18:virtual const char* std_msgs::String::getMD5()	16	static
Int64.h:18:5:std_msgs::Int64::Int64()	24	static
Int64.h:23:17:virtual int std_msgs::Int64::serialize(unsigned char*) const	32	static
Int64.h:43:17:virtual int std_msgs::Int64::deserialize(unsigned char*)	56	static
Int64.h:64:18:virtual const char* std_msgs::Int64::getType()	16	static
Int64.h:65:18:virtual const char* std_msgs::Int64::getMD5()	16	static
Float32.h:18:5:std_msgs::Float32::Float32()	16	static
Float32.h:23:17:virtual int std_msgs::Float32::serialize(unsigned char*) const	24	static
Float32.h:39:17:virtual int std_msgs::Float32::deserialize(unsigned char*)	24	static
Float32.h:56:18:virtual const char* std_msgs::Float32::getType()	16	static
Float32.h:57:18:virtual const char* std_msgs::Float32::getMD5()	16	static
odometry.cpp:24:6:void initOdom()	16	static
odometry.cpp:45:6:void initJointStates()	4	static
msg.h:45:7:constexpr ros::Msg& ros::Msg::operator=(ros::Msg&&)	16	static
Quaternion.h:12:9:constexpr geometry_msgs::Quaternion& geometry_msgs::Quaternion::operator=(geometry_msgs::Quaternion&&)	24	static
odometry.cpp:58:6:void updateOdometry()	56	static
odometry.cpp:71:6:void updateJointStates()	16	static
msg.h:45:7:constexpr ros::Msg& ros::Msg::operator=(const ros::Msg&)	16	static
Header.h:13:9:constexpr std_msgs::Header& std_msgs::Header::operator=(const std_msgs::Header&)	16	static
Quaternion.h:12:9:constexpr geometry_msgs::Quaternion& geometry_msgs::Quaternion::operator=(const geometry_msgs::Quaternion&)	24	static
odometry.cpp:86:6:void updateTF(geometry_msgs::TransformStamped&)	24	static
odometry.cpp:99:11:ros::Time addMircos(ros::Time&, uint32_t)	32	static
odometry.cpp:115:6:void publishDriveInformation()	24	static
odometry.cpp:142:6:bool calcOdomerty(double)	96	static
msg.h:129:15:static void ros::Msg::varToArr(A, V) [with A = unsigned char*; V = long unsigned int]	24	static
msg.h:137:15:static void ros::Msg::arrToVar(V&, A) [with V = long unsigned int; A = unsigned char*]	24	static
node_handle.h:392:8:ros::Time ros::NodeHandle_<Hardware, MAX_SUBSCRIBERS, MAX_PUBLISHERS, INPUT_SIZE, OUTPUT_SIZE>::now() [with Hardware = STM32Hardware; int MAX_SUBSCRIBERS = 25; int MAX_PUBLISHERS = 25; int INPUT_SIZE = 512; int OUTPUT_SIZE = 512]	24	static
odometry.cpp:196:1:void __static_initialization_and_destruction_0(int, int)	16	static
odometry.cpp:196:1:cpp)	8	static
