time.h:51:3:ros::Time::Time()	16	static
msg.h:45:7:constexpr ros::Msg::Msg()	16	static
Time.h:19:5:std_msgs::Time::Time()	16	static
Time.h:24:17:virtual int std_msgs::Time::serialize(unsigned char*) const	24	static
Time.h:40:17:virtual int std_msgs::Time::deserialize(unsigned char*)	24	static
Time.h:56:18:virtual const char* std_msgs::Time::getType()	16	static
Time.h:57:18:virtual const char* std_msgs::Time::getMD5()	16	static
TopicInfo.h:34:5:rosserial_msgs::TopicInfo::TopicInfo()	16	static
TopicInfo.h:43:17:virtual int rosserial_msgs::TopicInfo::serialize(unsigned char*) const	40	static
TopicInfo.h:77:17:virtual int rosserial_msgs::TopicInfo::deserialize(unsigned char*)	48	static
TopicInfo.h:124:18:virtual const char* rosserial_msgs::TopicInfo::getType()	16	static
TopicInfo.h:125:18:virtual const char* rosserial_msgs::TopicInfo::getMD5()	16	static
Log.h:25:5:rosserial_msgs::Log::Log()	16	static
Log.h:31:17:virtual int rosserial_msgs::Log::serialize(unsigned char*) const	24	static
Log.h:44:17:virtual int rosserial_msgs::Log::deserialize(unsigned char*)	32	static
Log.h:61:18:virtual const char* rosserial_msgs::Log::getType()	16	static
Log.h:62:18:virtual const char* rosserial_msgs::Log::getMD5()	16	static
RequestParam.h:71:5:rosserial_msgs::RequestParamResponse::RequestParamResponse()	16	static
RequestParam.h:78:17:virtual int rosserial_msgs::RequestParamResponse::serialize(unsigned char*) const	48	static
RequestParam.h:130:17:virtual int rosserial_msgs::RequestParamResponse::deserialize(unsigned char*)	64	static
RequestParam.h:200:18:virtual const char* rosserial_msgs::RequestParamResponse::getType()	16	static
RequestParam.h:201:18:virtual const char* rosserial_msgs::RequestParamResponse::getMD5()	16	static
publisher.h:48:3:ros::Publisher::Publisher(const char*, ros::Msg*, int)	24	static
publisher.h:57:7:int ros::Publisher::getEndpointType()	16	static
STM32Hardware.h:53:21:uint32_t STM32Hardware::getRdmaInd()	16	static
STM32Hardware.h:60:5:STM32Hardware::STM32Hardware()	16	static
STM32Hardware.h:76:9:int STM32Hardware::read()	32	static
STM32Hardware.h:85:10:void STM32Hardware::flush()	24	static
STM32Hardware.h:100:10:void STM32Hardware::write(uint8_t*, int)	32	static
STM32Hardware.h:115:19:long unsigned int STM32Hardware::time()	16	static
Header.h:23:5:std_msgs::Header::Header()	16	static
Header.h:30:17:virtual int std_msgs::Header::serialize(unsigned char*) const	24	static
Header.h:56:17:virtual int std_msgs::Header::deserialize(unsigned char*)	32	static
Header.h:86:18:virtual const char* std_msgs::Header::getType()	16	static
Header.h:87:18:virtual const char* std_msgs::Header::getMD5()	16	static
Point.h:22:5:geometry_msgs::Point::Point()	24	static
Point.h:29:17:virtual int geometry_msgs::Point::serialize(unsigned char*) const	48	static
Point.h:77:17:virtual int geometry_msgs::Point::deserialize(unsigned char*)	80	static
Point.h:128:18:virtual const char* geometry_msgs::Point::getType()	16	static
Point.h:129:18:virtual const char* geometry_msgs::Point::getMD5()	16	static
Quaternion.h:24:5:geometry_msgs::Quaternion::Quaternion()	24	static
Quaternion.h:32:17:virtual int geometry_msgs::Quaternion::serialize(unsigned char*) const	56	static
Quaternion.h:94:17:virtual int geometry_msgs::Quaternion::deserialize(unsigned char*)	104	static
Quaternion.h:160:18:virtual const char* geometry_msgs::Quaternion::getType()	16	static
Quaternion.h:161:18:virtual const char* geometry_msgs::Quaternion::getMD5()	16	static
Pose.h:22:5:geometry_msgs::Pose::Pose()	16	static
Pose.h:28:17:virtual int geometry_msgs::Pose::serialize(unsigned char*) const	24	static
Pose.h:36:17:virtual int geometry_msgs::Pose::deserialize(unsigned char*)	24	static
Pose.h:44:18:virtual const char* geometry_msgs::Pose::getType()	16	static
Pose.h:45:18:virtual const char* geometry_msgs::Pose::getMD5()	16	static
PoseWithCovariance.h:20:5:geometry_msgs::PoseWithCovariance::PoseWithCovariance()	16	static
PoseWithCovariance.h:26:17:virtual int geometry_msgs::PoseWithCovariance::serialize(unsigned char*) const	40	static
PoseWithCovariance.h:49:17:virtual int geometry_msgs::PoseWithCovariance::deserialize(unsigned char*)	56	static
PoseWithCovariance.h:73:18:virtual const char* geometry_msgs::PoseWithCovariance::getType()	16	static
PoseWithCovariance.h:74:18:virtual const char* geometry_msgs::PoseWithCovariance::getMD5()	16	static
Vector3.h:22:5:geometry_msgs::Vector3::Vector3()	24	static
Vector3.h:29:17:virtual int geometry_msgs::Vector3::serialize(unsigned char*) const	48	static
Vector3.h:77:17:virtual int geometry_msgs::Vector3::deserialize(unsigned char*)	80	static
Vector3.h:128:18:virtual const char* geometry_msgs::Vector3::getType()	16	static
Vector3.h:129:18:virtual const char* geometry_msgs::Vector3::getMD5()	16	static
Twist.h:21:5:geometry_msgs::Twist::Twist()	16	static
Twist.h:27:17:virtual int geometry_msgs::Twist::serialize(unsigned char*) const	24	static
Twist.h:35:17:virtual int geometry_msgs::Twist::deserialize(unsigned char*)	24	static
Twist.h:43:18:virtual const char* geometry_msgs::Twist::getType()	16	static
Twist.h:44:18:virtual const char* geometry_msgs::Twist::getMD5()	16	static
TwistWithCovariance.h:20:5:geometry_msgs::TwistWithCovariance::TwistWithCovariance()	16	static
TwistWithCovariance.h:26:17:virtual int geometry_msgs::TwistWithCovariance::serialize(unsigned char*) const	40	static
TwistWithCovariance.h:49:17:virtual int geometry_msgs::TwistWithCovariance::deserialize(unsigned char*)	56	static
TwistWithCovariance.h:73:18:virtual const char* geometry_msgs::TwistWithCovariance::getType()	16	static
TwistWithCovariance.h:74:18:virtual const char* geometry_msgs::TwistWithCovariance::getMD5()	16	static
Odometry.h:27:5:nav_msgs::Odometry::Odometry()	16	static
Odometry.h:35:17:virtual int nav_msgs::Odometry::serialize(unsigned char*) const	24	static
Odometry.h:49:17:virtual int nav_msgs::Odometry::deserialize(unsigned char*)	32	static
Odometry.h:67:18:virtual const char* nav_msgs::Odometry::getType()	16	static
Odometry.h:68:18:virtual const char* nav_msgs::Odometry::getMD5()	16	static
JointState.h:35:5:sensor_msgs::JointState::JointState()	16	static
JointState.h:44:17:virtual int sensor_msgs::JointState::serialize(unsigned char*) const	72	static
JointState.h:126:17:virtual int sensor_msgs::JointState::deserialize(unsigned char*)	136	static
JointState.h:231:18:virtual const char* sensor_msgs::JointState::getType()	16	static
JointState.h:232:18:virtual const char* sensor_msgs::JointState::getMD5()	16	static
Transform.h:22:5:geometry_msgs::Transform::Transform()	16	static
Transform.h:28:17:virtual int geometry_msgs::Transform::serialize(unsigned char*) const	24	static
Transform.h:36:17:virtual int geometry_msgs::Transform::deserialize(unsigned char*)	24	static
Transform.h:44:18:virtual const char* geometry_msgs::Transform::getType()	16	static
Transform.h:45:18:virtual const char* geometry_msgs::Transform::getMD5()	16	static
TransformStamped.h:24:5:geometry_msgs::TransformStamped::TransformStamped()	16	static
TransformStamped.h:31:17:virtual int geometry_msgs::TransformStamped::serialize(unsigned char*) const	24	static
TransformStamped.h:44:17:virtual int geometry_msgs::TransformStamped::deserialize(unsigned char*)	32	static
TransformStamped.h:61:18:virtual const char* geometry_msgs::TransformStamped::getType()	16	static
TransformStamped.h:62:18:virtual const char* geometry_msgs::TransformStamped::getMD5()	16	static
tf.h:43:41:geometry_msgs::Quaternion tf::createQuaternionFromYaw(double)	32	static
tfMessage.h:21:5:tf::tfMessage::tfMessage()	16	static
tfMessage.h:26:17:virtual int tf::tfMessage::serialize(unsigned char*) const	24	static
tfMessage.h:40:17:virtual int tf::tfMessage::deserialize(unsigned char*)	32	static
tfMessage.h:58:18:virtual const char* tf::tfMessage::getType()	16	static
tfMessage.h:59:18:virtual const char* tf::tfMessage::getMD5()	16	static
transform_broadcaster.h:47:3:tf::TransformBroadcaster::TransformBroadcaster()	16	static
String.h:18:5:std_msgs::String::String()	16	static
String.h:23:17:virtual int std_msgs::String::serialize(unsigned char*) const	24	static
String.h:34:17:virtual int std_msgs::String::deserialize(unsigned char*)	32	static
String.h:49:18:virtual const char* std_msgs::String::getType()	16	static
String.h:50:18:virtual const char* std_msgs::String::getMD5()	16	static
Int64.h:18:5:std_msgs::Int64::Int64()	24	static
Int64.h:23:17:virtual int std_msgs::Int64::serialize(unsigned char*) const	32	static
Int64.h:43:17:virtual int std_msgs::Int64::deserialize(unsigned char*)	56	static
Int64.h:64:18:virtual const char* std_msgs::Int64::getType()	16	static
Int64.h:65:18:virtual const char* std_msgs::Int64::getMD5()	16	static
odometry.cpp:23:6:void initOdom()	16	static
odometry.cpp:44:6:void initJointStates()	4	static
msg.h:45:7:constexpr ros::Msg& ros::Msg::operator=(ros::Msg&&)	16	static
Quaternion.h:12:9:constexpr geometry_msgs::Quaternion& geometry_msgs::Quaternion::operator=(geometry_msgs::Quaternion&&)	24	static
odometry.cpp:57:6:void updateOdometry()	56	static
odometry.cpp:70:6:void updateJointStates()	16	static
msg.h:45:7:constexpr ros::Msg& ros::Msg::operator=(const ros::Msg&)	16	static
Header.h:13:9:constexpr std_msgs::Header& std_msgs::Header::operator=(const std_msgs::Header&)	16	static
Quaternion.h:12:9:constexpr geometry_msgs::Quaternion& geometry_msgs::Quaternion::operator=(const geometry_msgs::Quaternion&)	24	static
odometry.cpp:85:6:void updateTF(geometry_msgs::TransformStamped&)	24	static
msg.h:129:15:static void ros::Msg::varToArr(A, V) [with A = unsigned char*; V = long unsigned int]	24	static
msg.h:137:15:static void ros::Msg::arrToVar(V&, A) [with V = long unsigned int; A = unsigned char*]	24	static
node_handle.h:50:7:constexpr ros::NodeHandleBase_::NodeHandleBase_()	16	static
node_handle.h:128:3:ros::NodeHandle_<Hardware, MAX_SUBSCRIBERS, MAX_PUBLISHERS, INPUT_SIZE, OUTPUT_SIZE>::NodeHandle_() [with Hardware = STM32Hardware; int MAX_SUBSCRIBERS = 25; int MAX_PUBLISHERS = 25; int INPUT_SIZE = 512; int OUTPUT_SIZE = 512]	32	static
odometry.cpp:92:1:void __static_initialization_and_destruction_0(int, int)	16	static
node_handle.h:511:15:int ros::NodeHandle_<Hardware, MAX_SUBSCRIBERS, MAX_PUBLISHERS, INPUT_SIZE, OUTPUT_SIZE>::publish(int, const ros::Msg*) [with Hardware = STM32Hardware; int MAX_SUBSCRIBERS = 25; int MAX_PUBLISHERS = 25; int INPUT_SIZE = 512; int OUTPUT_SIZE = 512]	40	static
node_handle.h:212:15:int ros::NodeHandle_<Hardware, MAX_SUBSCRIBERS, MAX_PUBLISHERS, INPUT_SIZE, OUTPUT_SIZE>::spinOnce() [with Hardware = STM32Hardware; int MAX_SUBSCRIBERS = 25; int MAX_PUBLISHERS = 25; int INPUT_SIZE = 512; int OUTPUT_SIZE = 512]	24	static
node_handle.h:363:16:bool ros::NodeHandle_<Hardware, MAX_SUBSCRIBERS, MAX_PUBLISHERS, INPUT_SIZE, OUTPUT_SIZE>::connected() [with Hardware = STM32Hardware; int MAX_SUBSCRIBERS = 25; int MAX_PUBLISHERS = 25; int INPUT_SIZE = 512; int OUTPUT_SIZE = 512]	16	static
node_handle.h:573:8:void ros::NodeHandle_<Hardware, MAX_SUBSCRIBERS, MAX_PUBLISHERS, INPUT_SIZE, OUTPUT_SIZE>::logerror(const char*) [with Hardware = STM32Hardware; int MAX_SUBSCRIBERS = 25; int MAX_PUBLISHERS = 25; int INPUT_SIZE = 512; int OUTPUT_SIZE = 512]	16	static
node_handle.h:372:8:void ros::NodeHandle_<Hardware, MAX_SUBSCRIBERS, MAX_PUBLISHERS, INPUT_SIZE, OUTPUT_SIZE>::requestSyncTime() [with Hardware = STM32Hardware; int MAX_SUBSCRIBERS = 25; int MAX_PUBLISHERS = 25; int INPUT_SIZE = 512; int OUTPUT_SIZE = 512]	32	static
node_handle.h:480:8:void ros::NodeHandle_<Hardware, MAX_SUBSCRIBERS, MAX_PUBLISHERS, INPUT_SIZE, OUTPUT_SIZE>::negotiateTopics() [with Hardware = STM32Hardware; int MAX_SUBSCRIBERS = 25; int MAX_PUBLISHERS = 25; int INPUT_SIZE = 512; int OUTPUT_SIZE = 512]	56	static
node_handle.h:379:8:void ros::NodeHandle_<Hardware, MAX_SUBSCRIBERS, MAX_PUBLISHERS, INPUT_SIZE, OUTPUT_SIZE>::syncTime(uint8_t*) [with Hardware = STM32Hardware; int MAX_SUBSCRIBERS = 25; int MAX_PUBLISHERS = 25; int INPUT_SIZE = 512; int OUTPUT_SIZE = 512]	32	static
node_handle.h:552:8:void ros::NodeHandle_<Hardware, MAX_SUBSCRIBERS, MAX_PUBLISHERS, INPUT_SIZE, OUTPUT_SIZE>::log(char, const char*) [with Hardware = STM32Hardware; int MAX_SUBSCRIBERS = 25; int MAX_PUBLISHERS = 25; int INPUT_SIZE = 512; int OUTPUT_SIZE = 512]	40	static
node_handle.h:402:8:void ros::NodeHandle_<Hardware, MAX_SUBSCRIBERS, MAX_PUBLISHERS, INPUT_SIZE, OUTPUT_SIZE>::setNow(ros::Time&) [with Hardware = STM32Hardware; int MAX_SUBSCRIBERS = 25; int MAX_PUBLISHERS = 25; int INPUT_SIZE = 512; int OUTPUT_SIZE = 512]	24	static
odometry.cpp:92:1:cpp)	8	static
