stm32f4xx_it.c:74:6:NMI_Handler	4	static
stm32f4xx_it.c:87:6:HardFault_Handler	4	static
stm32f4xx_it.c:102:6:MemManage_Handler	4	static
stm32f4xx_it.c:117:6:BusFault_Handler	4	static
stm32f4xx_it.c:132:6:UsageFault_Handler	4	static
stm32f4xx_it.c:147:6:SVC_Handler	4	static
stm32f4xx_it.c:160:6:DebugMon_Handler	4	static
stm32f4xx_it.c:173:6:PendSV_Handler	4	static
stm32f4xx_it.c:186:6:SysTick_Handler	8	static
stm32f4xx_it.c:207:6:EXTI0_IRQHandler	8	static
stm32f4xx_it.c:219:6:EXTI1_IRQHandler	8	static
stm32f4xx_it.c:231:6:EXTI2_IRQHandler	8	static
stm32f4xx_it.c:245:6:EXTI3_IRQHandler	8	static
stm32f4xx_it.c:259:6:USART1_IRQHandler	8	static
stm32f4xx_it.c:273:6:DMA2_Stream2_IRQHandler	8	static
stm32f4xx_it.c:287:6:DMA2_Stream7_IRQHandler	8	static
stm32f4xx_it.c:299:6:HAL_GPIO_EXTI_Callback	32	static
